Component: ARM Compiler 5.06 update 7 (build 960) Tool: armlink [4d3601]

==============================================================================

Section Cross References

    system_stm32f4xx.o(i.SystemCoreClockUpdate) refers to system_stm32f4xx.o(.data) for SystemCoreClock
    system_stm32f4xx.o(i.SystemInit) refers to system_stm32f4xx.o(i.SetSysClock) for SetSysClock
    main.o(i.main) refers to misc.o(i.NVIC_PriorityGroupConfig) for NVIC_PriorityGroupConfig
    main.o(i.main) refers to timer.o(i.TIM3_Int_Init) for TIM3_Int_Init
    main.o(i.main) refers to delay.o(i.delay_init) for delay_init
    main.o(i.main) refers to led.o(i.LED_Init) for LED_Init
    main.o(i.main) refers to remote_control.o(i.remote_control_init) for remote_control_init
    main.o(i.main) refers to can.o(i.CAN1_Mode_Init) for CAN1_Mode_Init
    main.o(i.main) refers to can.o(i.CAN2_Mode_Init) for CAN2_Mode_Init
    main.o(i.main) refers to pid.o(i.PID_init) for PID_init
    main.o(i.main) refers to usart.o(i.uart_init) for uart_init
    main.o(i.main) refers to mpu6050.o(i.MPU_Init) for MPU_Init
    main.o(i.main) refers to tasks.o(i.xTaskCreate) for xTaskCreate
    main.o(i.main) refers to tasks.o(i.vTaskStartScheduler) for vTaskStartScheduler
    main.o(i.main) refers to main.o(.bss) for pid_control
    main.o(i.main) refers to main.o(.data) for StartTask_Handler
    main.o(i.main) refers to main.o(i.start_task) for start_task
    main.o(i.start_task) refers to port.o(i.vPortEnterCritical) for vPortEnterCritical
    main.o(i.start_task) refers to tasks.o(i.xTaskCreate) for xTaskCreate
    main.o(i.start_task) refers to tasks.o(i.vTaskDelete) for vTaskDelete
    main.o(i.start_task) refers to port.o(i.vPortExitCritical) for vPortExitCritical
    main.o(i.start_task) refers to main.o(.data) for task1Task_Handler
    main.o(i.start_task) refers to motortask.o(i.task1_task) for task1_task
    startup_stm32f40_41xxx.o(RESET) refers to startup_stm32f40_41xxx.o(STACK) for __initial_sp
    startup_stm32f40_41xxx.o(RESET) refers to startup_stm32f40_41xxx.o(.text) for Reset_Handler
    startup_stm32f40_41xxx.o(RESET) refers to stm32f4xx_it.o(i.NMI_Handler) for NMI_Handler
    startup_stm32f40_41xxx.o(RESET) refers to stm32f4xx_it.o(i.HardFault_Handler) for HardFault_Handler
    startup_stm32f40_41xxx.o(RESET) refers to stm32f4xx_it.o(i.MemManage_Handler) for MemManage_Handler
    startup_stm32f40_41xxx.o(RESET) refers to stm32f4xx_it.o(i.BusFault_Handler) for BusFault_Handler
    startup_stm32f40_41xxx.o(RESET) refers to stm32f4xx_it.o(i.UsageFault_Handler) for UsageFault_Handler
    startup_stm32f40_41xxx.o(RESET) refers to port.o(.emb_text) for SVC_Handler
    startup_stm32f40_41xxx.o(RESET) refers to stm32f4xx_it.o(i.DebugMon_Handler) for DebugMon_Handler
    startup_stm32f40_41xxx.o(RESET) refers to delay.o(i.SysTick_Handler) for SysTick_Handler
    startup_stm32f40_41xxx.o(RESET) refers to canrecive.o(i.CAN1_RX0_IRQHandler) for CAN1_RX0_IRQHandler
    startup_stm32f40_41xxx.o(RESET) refers to timer.o(i.TIM3_IRQHandler) for TIM3_IRQHandler
    startup_stm32f40_41xxx.o(RESET) refers to usart.o(i.USART1_IRQHandler) for USART1_IRQHandler
    startup_stm32f40_41xxx.o(RESET) refers to remote_control.o(i.USART3_IRQHandler) for USART3_IRQHandler
    startup_stm32f40_41xxx.o(RESET) refers to canrecive.o(i.CAN2_RX1_IRQHandler) for CAN2_RX1_IRQHandler
    startup_stm32f40_41xxx.o(.text) refers to system_stm32f4xx.o(i.SystemInit) for SystemInit
    startup_stm32f40_41xxx.o(.text) refers to entry.o(.ARM.Collect$$$$00000000) for __main
    stm32f4xx_adc.o(i.ADC_DeInit) refers to stm32f4xx_rcc.o(i.RCC_APB2PeriphResetCmd) for RCC_APB2PeriphResetCmd
    stm32f4xx_can.o(i.CAN_DeInit) refers to stm32f4xx_rcc.o(i.RCC_APB1PeriphResetCmd) for RCC_APB1PeriphResetCmd
    stm32f4xx_can.o(i.CAN_GetITStatus) refers to stm32f4xx_can.o(i.CheckITStatus) for CheckITStatus
    stm32f4xx_cryp.o(i.CRYP_DeInit) refers to stm32f4xx_rcc.o(i.RCC_AHB2PeriphResetCmd) for RCC_AHB2PeriphResetCmd
    stm32f4xx_cryp_aes.o(i.CRYP_AES_CBC) refers to stm32f4xx_cryp.o(i.CRYP_KeyStructInit) for CRYP_KeyStructInit
    stm32f4xx_cryp_aes.o(i.CRYP_AES_CBC) refers to stm32f4xx_cryp.o(i.CRYP_FIFOFlush) for CRYP_FIFOFlush
    stm32f4xx_cryp_aes.o(i.CRYP_AES_CBC) refers to stm32f4xx_cryp.o(i.CRYP_Init) for CRYP_Init
    stm32f4xx_cryp_aes.o(i.CRYP_AES_CBC) refers to stm32f4xx_cryp.o(i.CRYP_KeyInit) for CRYP_KeyInit
    stm32f4xx_cryp_aes.o(i.CRYP_AES_CBC) refers to stm32f4xx_cryp.o(i.CRYP_Cmd) for CRYP_Cmd
    stm32f4xx_cryp_aes.o(i.CRYP_AES_CBC) refers to stm32f4xx_cryp.o(i.CRYP_GetFlagStatus) for CRYP_GetFlagStatus
    stm32f4xx_cryp_aes.o(i.CRYP_AES_CBC) refers to stm32f4xx_cryp.o(i.CRYP_IVInit) for CRYP_IVInit
    stm32f4xx_cryp_aes.o(i.CRYP_AES_CBC) refers to stm32f4xx_cryp.o(i.CRYP_GetCmdStatus) for CRYP_GetCmdStatus
    stm32f4xx_cryp_aes.o(i.CRYP_AES_CBC) refers to stm32f4xx_cryp.o(i.CRYP_DataIn) for CRYP_DataIn
[...]
    .ARM.Collect$$$$00000000                 0x08000188   Section        0  entry.o(.ARM.Collect$$$$00000000)
    .ARM.Collect$$$$00000001                 0x08000188   Section        4  entry2.o(.ARM.Collect$$$$00000001)
    .ARM.Collect$$$$00000004                 0x0800018c   Section        4  entry5.o(.ARM.Collect$$$$00000004)
    .ARM.Collect$$$$00000008                 0x08000190   Section        0  entry7b.o(.ARM.Collect$$$$00000008)
    .ARM.Collect$$$$0000000A                 0x08000190   Section        0  entry8b.o(.ARM.Collect$$$$0000000A)
    .ARM.Collect$$$$0000000B                 0x08000190   Section        8  entry9a.o(.ARM.Collect$$$$0000000B)
    .ARM.Collect$$$$0000000E                 0x08000198   Section        4  entry12b.o(.ARM.Collect$$$$0000000E)
    .ARM.Collect$$$$0000000F                 0x0800019c   Section        0  entry10a.o(.ARM.Collect$$$$0000000F)
    .ARM.Collect$$$$00000011                 0x0800019c   Section        0  entry11a.o(.ARM.Collect$$$$00000011)
    .ARM.Collect$$$$00002712                 0x0800019c   Section        4  entry2.o(.ARM.Collect$$$$00002712)
    __lit__00000000                          0x0800019c   Data           4  entry2.o(.ARM.Collect$$$$00002712)
    .emb_text                                0x080001a0   Section      182  port.o(.emb_text)
    $v0                                      0x080001a0   Number         0  port.o(.emb_text)
    .text                                    0x08000258   Section       36  startup_stm32f40_41xxx.o(.text)
    $v0                                      0x08000258   Number         0  startup_stm32f40_41xxx.o(.text)
    .text                                    0x0800027c   Section        0  memcpya.o(.text)
    .text                                    0x080002a0   Section        0  memseta.o(.text)
    .text                                    0x080002c4   Section        0  dadd.o(.text)
    .text                                    0x08000412   Section        0  dflti.o(.text)
    .text                                    0x08000434   Section        0  uldiv.o(.text)
    .text                                    0x08000496   Section        0  llshl.o(.text)
    .text                                    0x080004b4   Section        0  llushr.o(.text)
    .text                                    0x080004d4   Section        0  llsshr.o(.text)
    .text                                    0x080004f8   Section        0  iusefp.o(.text)
    .text                                    0x080004f8   Section        0  depilogue.o(.text)
    .text                                    0x080005b4   Section       36  init.o(.text)
    .text                                    0x080005d8   Section        0  iusesemip.o(.text)
    .text                                    0x080005d8   Section        0  semi.o(.text)
    i.BusFault_Handler                       0x080005d8   Section        0  stm32f4xx_it.o(i.BusFault_Handler)
    i.CAN1_Mode_Init                         0x080005dc   Section        0  can.o(i.CAN1_Mode_Init)
    i.CAN1_RX0_IRQHandler                    0x080006dc   Section        0  canrecive.o(i.CAN1_RX0_IRQHandler)
    i.CAN2_Mode_Init                         0x080009e4   Section        0  can.o(i.CAN2_Mode_Init)
    i.CAN2_RX1_IRQHandler                    0x08000ae4   Section        0  canrecive.o(i.CAN2_RX1_IRQHandler)
    i.CAN_FilterInit                         0x08000dec   Section        0  stm32f4xx_can.o(i.CAN_FilterInit)
    i.CAN_ITConfig                           0x08000ef4   Section        0  stm32f4xx_can.o(i.CAN_ITConfig)
    i.CAN_Init                               0x08000f06   Section        0  stm32f4xx_can.o(i.CAN_Init)
    i.CAN_Receive                            0x0800101a   Section        0  stm32f4xx_can.o(i.CAN_Receive)
    i.CAN_Transmit                           0x0800110a   Section        0  stm32f4xx_can.o(i.CAN_Transmit)
    i.DMA_ClearFlag                          0x08001230   Section        0  stm32f4xx_dma.o(i.DMA_ClearFlag)
    i.DMA_Cmd                                0x08001264   Section        0  stm32f4xx_dma.o(i.DMA_Cmd)
    i.DMA_DeInit                             0x0800127c   Section        0  stm32f4xx_dma.o(i.DMA_DeInit)
    i.DMA_DoubleBufferModeCmd                0x080013d4   Section        0  stm32f4xx_dma.o(i.DMA_DoubleBufferModeCmd)
    i.DMA_DoubleBufferModeConfig             0x080013ea   Section        0  stm32f4xx_dma.o(i.DMA_DoubleBufferModeConfig)
    i.DMA_GetCurrDataCounter                 0x08001402   Section        0  stm32f4xx_dma.o(i.DMA_GetCurrDataCounter)
    i.DMA_GetCurrentMemoryTarget             0x0800140a   Section        0  stm32f4xx_dma.o(i.DMA_GetCurrentMemoryTarget)
    i.DMA_Init                               0x08001420   Section        0  stm32f4xx_dma.o(i.DMA_Init)
    i.DMA_SetCurrDataCounter                 0x08001478   Section        0  stm32f4xx_dma.o(i.DMA_SetCurrDataCounter)
    i.DebugMon_Handler                       0x0800147c   Section        0  stm32f4xx_it.o(i.DebugMon_Handler)
    i.GPIO_Init                              0x0800147e   Section        0  stm32f4xx_gpio.o(i.GPIO_Init)
    i.GPIO_PinAFConfig                       0x0800150e   Section        0  stm32f4xx_gpio.o(i.GPIO_PinAFConfig)
    i.GPIO_SetBits                           0x08001554   Section        0  stm32f4xx_gpio.o(i.GPIO_SetBits)
    i.HardFault_Handler                      0x08001558   Section        0  stm32f4xx_it.o(i.HardFault_Handler)
    i.IIC_Ack                                0x0800155c   Section        0  iic.o(i.IIC_Ack)
    i.IIC_Init                               0x080015b0   Section        0  iic.o(i.IIC_Init)
    i.IIC_NAck                               0x0800162c   Section        0  iic.o(i.IIC_NAck)
    i.IIC_Read_Byte                          0x08001680   Section        0  iic.o(i.IIC_Read_Byte)
    i.IIC_Send_Byte                          0x080016ec   Section        0  iic.o(i.IIC_Send_Byte)
    i.IIC_Start                              0x08001754   Section        0  iic.o(i.IIC_Start)
    i.IIC_Stop                               0x080017a0   Section        0  iic.o(i.IIC_Stop)
    i.IIC_Wait_Ack                           0x080017ec   Section        0  iic.o(i.IIC_Wait_Ack)
    i.LED_Init                               0x0800184c   Section        0  led.o(i.LED_Init)
    i.MPU_Init                               0x0800188c   Section        0  mpu6050.o(i.MPU_Init)
    i.MPU_Read_Byte                          0x08001906   Section        0  mpu6050.o(i.MPU_Read_Byte)
    i.MPU_Set_Accel_Fsr                      0x08001940   Section        0  mpu6050.o(i.MPU_Set_Accel_Fsr)
    i.MPU_Set_Gyro_Fsr                       0x08001950   Section        0  mpu6050.o(i.MPU_Set_Gyro_Fsr)
    i.MPU_Set_LPF                            0x08001960   Section        0  mpu6050.o(i.MPU_Set_LPF)
    i.MPU_Set_Rate                           0x0800199a   Section        0  mpu6050.o(i.MPU_Set_Rate)
    i.MPU_Write_Byte                         0x080019d4   Section        0  mpu6050.o(i.MPU_Write_Byte)
    i.MemManage_Handler                      0x08001a18   Section        0  stm32f4xx_it.o(i.MemManage_Handler)
    i.NMI_Handler                            0x08001a1c   Section        0  stm32f4xx_it.o(i.NMI_Handler)
    i.NVIC_Init                              0x08001a20   Section        0  misc.o(i.NVIC_Init)
    i.NVIC_PriorityGroupConfig               0x08001a98   Section        0  misc.o(i.NVIC_PriorityGroupConfig)
    i.PID_calc                               0x08001aac   Section        0  pid.o(i.PID_calc)
    i.PID_init                               0x08001ce0   Section        0  pid.o(i.PID_init)
    i.RCC_AHB1PeriphClockCmd                 0x08001d30   Section        0  stm32f4xx_rcc.o(i.RCC_AHB1PeriphClockCmd)
    i.RCC_APB1PeriphClockCmd                 0x08001d50   Section        0  stm32f4xx_rcc.o(i.RCC_APB1PeriphClockCmd)
    i.RCC_APB1PeriphResetCmd                 0x08001d70   Section        0  stm32f4xx_rcc.o(i.RCC_APB1PeriphResetCmd)
    i.RCC_APB2PeriphClockCmd                 0x08001d90   Section        0  stm32f4xx_rcc.o(i.RCC_APB2PeriphClockCmd)
    i.RCC_APB2PeriphResetCmd                 0x08001db0   Section        0  stm32f4xx_rcc.o(i.RCC_APB2PeriphResetCmd)
    i.RCC_GetClocksFreq                      0x08001dd0   Section        0  stm32f4xx_rcc.o(i.RCC_GetClocksFreq)
    i.RC_Init                                0x08001eb8   Section        0  rc.o(i.RC_Init)
    i.SBUS_TO_RC                             0x0800200c   Section        0  remote_control.o(i.SBUS_TO_RC)
    SBUS_TO_RC                               0x0800200d   Thumb Code   244  remote_control.o(i.SBUS_TO_RC)
    i.SetSysClock                            0x08002108   Section        0  system_stm32f4xx.o(i.SetSysClock)
    SetSysClock                              0x08002109   Thumb Code   220  system_stm32f4xx.o(i.SetSysClock)
    i.SysTick_CLKSourceConfig                0x080021f4   Section        0  misc.o(i.SysTick_CLKSourceConfig)
    i.SysTick_Handler                        0x0800221c   Section        0  delay.o(i.SysTick_Handler)
    i.SystemInit                             0x0800222c   Section        0  system_stm32f4xx.o(i.SystemInit)
    i.TIM3_IRQHandler                        0x08002294   Section        0  timer.o(i.TIM3_IRQHandler)
    i.TIM3_Int_Init                          0x080022ec   Section        0  timer.o(i.TIM3_Int_Init)
    i.TIM_ClearITPendingBit                  0x08002348   Section        0  stm32f4xx_tim.o(i.TIM_ClearITPendingBit)
    i.TIM_Cmd                                0x0800234e   Section        0  stm32f4xx_tim.o(i.TIM_Cmd)
    i.TIM_GetITStatus                        0x08002366   Section        0  stm32f4xx_tim.o(i.TIM_GetITStatus)
    i.TIM_ITConfig                           0x08002388   Section        0  stm32f4xx_tim.o(i.TIM_ITConfig)
    i.TIM_TimeBaseInit                       0x0800239c   Section        0  stm32f4xx_tim.o(i.TIM_TimeBaseInit)
    i.USART1_IRQHandler                      0x08002420   Section        0  usart.o(i.USART1_IRQHandler)
    i.USART3_IRQHandler                      0x08002478   Section        0  remote_control.o(i.USART3_IRQHandler)
    i.USART_ClearFlag                        0x08002570   Section        0  stm32f4xx_usart.o(i.USART_ClearFlag)
    i.USART_ClearITPendingBit                0x08002582   Section        0  stm32f4xx_usart.o(i.USART_ClearITPendingBit)
    i.USART_Cmd                              0x080025a0   Section        0  stm32f4xx_usart.o(i.USART_Cmd)
    i.USART_DMACmd                           0x080025b8   Section        0  stm32f4xx_usart.o(i.USART_DMACmd)
    i.USART_DeInit                           0x080025cc   Section        0  stm32f4xx_usart.o(i.USART_DeInit)
    i.USART_GetITStatus                      0x080026bc   Section        0  stm32f4xx_usart.o(i.USART_GetITStatus)
    i.USART_ITConfig                         0x08002710   Section        0  stm32f4xx_usart.o(i.USART_ITConfig)
    i.USART_Init                             0x0800275c   Section        0  stm32f4xx_usart.o(i.USART_Init)
    i.USART_ReceiveData                      0x08002830   Section        0  stm32f4xx_usart.o(i.USART_ReceiveData)
    i.UsageFault_Handler                     0x0800283a   Section        0  stm32f4xx_it.o(i.UsageFault_Handler)
    i.__0printf$8                            0x08002840   Section        0  printf8.o(i.__0printf$8)
    i.__scatterload_copy                     0x08002860   Section       14  handlers.o(i.__scatterload_copy)
    i.__scatterload_null                     0x0800286e   Section        2  handlers.o(i.__scatterload_null)
    i.__scatterload_zeroinit                 0x08002870   Section       14  handlers.o(i.__scatterload_zeroinit)
    i._printf_core                           0x08002880   Section        0  printf8.o(i._printf_core)
    _printf_core                             0x08002881   Thumb Code   984  printf8.o(i._printf_core)
    i._printf_post_padding                   0x08002c84   Section        0  printf8.o(i._printf_post_padding)
    _printf_post_padding                     0x08002c85   Thumb Code    36  printf8.o(i._printf_post_padding)
    i._printf_pre_padding                    0x08002ca8   Section        0  printf8.o(i._printf_pre_padding)
    _printf_pre_padding                      0x08002ca9   Thumb Code    46  printf8.o(i._printf_pre_padding)
    i.delay_init                             0x08002cd8   Section        0  delay.o(i.delay_init)
    i.delay_ms                               0x08002d1c   Section        0  delay.o(i.delay_ms)
    i.delay_us                               0x08002d5c   Section        0  delay.o(i.delay_us)
    i.fputc                                  0x08002da4   Section        0  fputc.o(i.fputc)
    i.main                                   0x08002db8   Section        0  main.o(i.main)
    i.moter_send_3508                        0x08002ec8   Section        0  canrecive.o(i.moter_send_3508)
    i.motor_send_6020                        0x08002f2c   Section        0  canrecive.o(i.motor_send_6020)
    i.motor_speed_compute                    0x08002f90   Section        0  motortask.o(i.motor_speed_compute)
    i.prvAddCurrentTaskToDelayedList         0x08003024   Section        0  tasks.o(i.prvAddCurrentTaskToDelayedList)
    prvAddCurrentTaskToDelayedList           0x08003025   Thumb Code   124  tasks.o(i.prvAddCurrentTaskToDelayedList)
    i.prvAddNewTaskToReadyList               0x080030bc   Section        0  tasks.o(i.prvAddNewTaskToReadyList)
    prvAddNewTaskToReadyList                 0x080030bd   Thumb Code   156  tasks.o(i.prvAddNewTaskToReadyList)
    i.prvCheckForValidListAndQueue           0x08003174   Section        0  timers.o(i.prvCheckForValidListAndQueue)
    prvCheckForValidListAndQueue             0x08003175   Thumb Code    72  timers.o(i.prvCheckForValidListAndQueue)
    i.prvCheckTasksWaitingTermination        0x080031d8   Section        0  tasks.o(i.prvCheckTasksWaitingTermination)
    prvCheckTasksWaitingTermination          0x080031d9   Thumb Code    86  tasks.o(i.prvCheckTasksWaitingTermination)
    i.prvCopyDataFromQueue                   0x0800323c   Section        0  queue.o(i.prvCopyDataFromQueue)
    prvCopyDataFromQueue                     0x0800323d   Thumb Code    42  queue.o(i.prvCopyDataFromQueue)
    i.prvCopyDataToQueue                     0x08003266   Section        0  queue.o(i.prvCopyDataToQueue)
    prvCopyDataToQueue                       0x08003267   Thumb Code   124  queue.o(i.prvCopyDataToQueue)
    i.prvDeleteTCB                           0x080032e2   Section        0  tasks.o(i.prvDeleteTCB)
    prvDeleteTCB                             0x080032e3   Thumb Code    18  tasks.o(i.prvDeleteTCB)
    i.prvGetNextExpireTime                   0x080032f4   Section        0  timers.o(i.prvGetNextExpireTime)
    prvGetNextExpireTime                     0x080032f5   Thumb Code    36  timers.o(i.prvGetNextExpireTime)
    i.prvHeapInit                            0x0800331c   Section        0  heap_4.o(i.prvHeapInit)
    prvHeapInit                              0x0800331d   Thumb Code    98  heap_4.o(i.prvHeapInit)
    i.prvIdleTask                            0x08003398   Section        0  tasks.o(i.prvIdleTask)
    prvIdleTask                              0x08003399   Thumb Code    32  tasks.o(i.prvIdleTask)
    i.prvInitialiseNewQueue                  0x080033c0   Section        0  queue.o(i.prvInitialiseNewQueue)
    prvInitialiseNewQueue                    0x080033c1   Thumb Code    46  queue.o(i.prvInitialiseNewQueue)
    i.prvInitialiseNewTask                   0x080033f0   Section        0  tasks.o(i.prvInitialiseNewTask)
    prvInitialiseNewTask                     0x080033f1   Thumb Code   170  tasks.o(i.prvInitialiseNewTask)
    i.prvInitialiseTaskLists                 0x080034c0   Section        0  tasks.o(i.prvInitialiseTaskLists)
    prvInitialiseTaskLists                   0x080034c1   Thumb Code    70  tasks.o(i.prvInitialiseTaskLists)
    i.prvInsertBlockIntoFreeList             0x08003528   Section        0  heap_4.o(i.prvInsertBlockIntoFreeList)
    prvInsertBlockIntoFreeList               0x08003529   Thumb Code    96  heap_4.o(i.prvInsertBlockIntoFreeList)
    i.prvInsertTimerInActiveList             0x08003590   Section        0  timers.o(i.prvInsertTimerInActiveList)
    prvInsertTimerInActiveList               0x08003591   Thumb Code    80  timers.o(i.prvInsertTimerInActiveList)
    i.prvIsQueueEmpty                        0x080035e8   Section        0  queue.o(i.prvIsQueueEmpty)
    prvIsQueueEmpty                          0x080035e9   Thumb Code    26  queue.o(i.prvIsQueueEmpty)
    i.prvIsQueueFull                         0x08003602   Section        0  queue.o(i.prvIsQueueFull)
    prvIsQueueFull                           0x08003603   Thumb Code    30  queue.o(i.prvIsQueueFull)
    i.prvNotifyQueueSetContainer             0x08003620   Section        0  queue.o(i.prvNotifyQueueSetContainer)
    prvNotifyQueueSetContainer               0x08003621   Thumb Code   124  queue.o(i.prvNotifyQueueSetContainer)
    i.prvProcessExpiredTimer                 0x080036c0   Section        0  timers.o(i.prvProcessExpiredTimer)
    prvProcessExpiredTimer                   0x080036c1   Thumb Code    84  timers.o(i.prvProcessExpiredTimer)
    i.prvProcessReceivedCommands             0x08003740   Section        0  timers.o(i.prvProcessReceivedCommands)
    prvProcessReceivedCommands               0x08003741   Thumb Code   254  timers.o(i.prvProcessReceivedCommands)
    i.prvProcessTimerOrBlockTask             0x0800386c   Section        0  timers.o(i.prvProcessTimerOrBlockTask)
    prvProcessTimerOrBlockTask               0x0800386d   Thumb Code   102  timers.o(i.prvProcessTimerOrBlockTask)
    i.prvResetNextTaskUnblockTime            0x080038e0   Section        0  tasks.o(i.prvResetNextTaskUnblockTime)
    prvResetNextTaskUnblockTime              0x080038e1   Thumb Code    42  tasks.o(i.prvResetNextTaskUnblockTime)
    i.prvSampleTimeNow                       0x08003914   Section        0  timers.o(i.prvSampleTimeNow)
    prvSampleTimeNow                         0x08003915   Thumb Code    40  timers.o(i.prvSampleTimeNow)
    i.prvSwitchTimerLists                    0x08003940   Section        0  timers.o(i.prvSwitchTimerLists)
    prvSwitchTimerLists                      0x08003941   Thumb Code   140  timers.o(i.prvSwitchTimerLists)
    i.prvTaskExitError                       0x080039fc   Section        0  port.o(i.prvTaskExitError)
    prvTaskExitError                         0x080039fd   Thumb Code    50  port.o(i.prvTaskExitError)
    i.prvTimerTask                           0x08003a70   Section        0  timers.o(i.prvTimerTask)
    prvTimerTask                             0x08003a71   Thumb Code    26  timers.o(i.prvTimerTask)
    i.prvUnlockQueue                         0x08003a8a   Section        0  queue.o(i.prvUnlockQueue)
    prvUnlockQueue                           0x08003a8b   Thumb Code   146  queue.o(i.prvUnlockQueue)
    i.pvPortMalloc                           0x08003b1c   Section        0  heap_4.o(i.pvPortMalloc)
    i.pvTaskIncrementMutexHeldCount          0x08003c70   Section        0  tasks.o(i.pvTaskIncrementMutexHeldCount)
    i.pxPortInitialiseStack                  0x08003c90   Section        0  port.o(i.pxPortInitialiseStack)
    i.remote_control_init                    0x08003cbc   Section        0  remote_control.o(i.remote_control_init)
    i.start_task                             0x08003cd0   Section        0  main.o(i.start_task)
    i.task1_task                             0x08003d14   Section        0  motortask.o(i.task1_task)
    i.uart_init                              0x08003de8   Section        0  usart.o(i.uart_init)
    i.uxListRemove                           0x08003e94   Section        0  list.o(i.uxListRemove)
    i.vListInitialise                        0x08003ebc   Section        0  list.o(i.vListInitialise)
    i.vListInitialiseItem                    0x08003ed6   Section        0  list.o(i.vListInitialiseItem)
    i.vListInsert                            0x08003edc   Section        0  list.o(i.vListInsert)
    i.vListInsertEnd                         0x08003f10   Section        0  list.o(i.vListInsertEnd)
    i.vPortEnterCritical                     0x08003f28   Section        0  port.o(i.vPortEnterCritical)
    i.vPortExitCritical                      0x08003fb0   Section        0  port.o(i.vPortExitCritical)
    i.vPortFree                              0x08004020   Section        0  heap_4.o(i.vPortFree)
    i.vPortSetupTimerInterrupt               0x080040d8   Section        0  port.o(i.vPortSetupTimerInterrupt)
    i.vPortValidateInterruptPriority         0x080040f8   Section        0  port.o(i.vPortValidateInterruptPriority)
    i.vQueueAddToRegistry                    0x08004198   Section        0  queue.o(i.vQueueAddToRegistry)
    i.vQueueWaitForMessageRestricted         0x080041c4   Section        0  queue.o(i.vQueueWaitForMessageRestricted)
    i.vTaskDelay                             0x08004210   Section        0  tasks.o(i.vTaskDelay)
    i.vTaskDelete                            0x08004284   Section        0  tasks.o(i.vTaskDelete)
    i.vTaskMissedYield                       0x08004390   Section        0  tasks.o(i.vTaskMissedYield)
    i.vTaskPlaceOnEventList                  0x0800439c   Section        0  tasks.o(i.vTaskPlaceOnEventList)
    i.vTaskPlaceOnEventListRestricted        0x080043f0   Section        0  tasks.o(i.vTaskPlaceOnEventListRestricted)
    i.vTaskPriorityInherit                   0x0800444c   Section        0  tasks.o(i.vTaskPriorityInherit)
    i.vTaskSetTimeOutState                   0x080044fc   Section        0  tasks.o(i.vTaskSetTimeOutState)
    i.vTaskStartScheduler                    0x08004548   Section        0  tasks.o(i.vTaskStartScheduler)
    i.vTaskSuspendAll                        0x080045f4   Section        0  tasks.o(i.vTaskSuspendAll)
    i.vTaskSwitchContext                     0x08004604   Section        0  tasks.o(i.vTaskSwitchContext)
    i.xPortStartScheduler                    0x080046ac   Section        0  port.o(i.xPortStartScheduler)
    i.xPortSysTickHandler                    0x08004808   Section        0  port.o(i.xPortSysTickHandler)
    i.xQueueGenericCreate                    0x0800483c   Section        0  queue.o(i.xQueueGenericCreate)
    i.xQueueGenericReceive                   0x080048b0   Section        0  queue.o(i.xQueueGenericReceive)
    i.xQueueGenericReset                     0x08004a78   Section        0  queue.o(i.xQueueGenericReset)
    i.xQueueGenericSend                      0x08004b28   Section        0  queue.o(i.xQueueGenericSend)
    i.xQueueGenericSendFromISR               0x08004cec   Section        0  queue.o(i.xQueueGenericSendFromISR)
    i.xTaskCheckForTimeOut                   0x08004dfc   Section        0  tasks.o(i.xTaskCheckForTimeOut)
    i.xTaskCreate                            0x08004e9c   Section        0  tasks.o(i.xTaskCreate)
    i.xTaskGetSchedulerState                 0x08004efc   Section        0  tasks.o(i.xTaskGetSchedulerState)
    i.xTaskGetTickCount                      0x08004f1c   Section        0  tasks.o(i.xTaskGetTickCount)
    i.xTaskIncrementTick                     0x08004f28   Section        0  tasks.o(i.xTaskIncrementTick)
    i.xTaskPriorityDisinherit                0x08005088   Section        0  tasks.o(i.xTaskPriorityDisinherit)
    i.xTaskRemoveFromEventList               0x08005160   Section        0  tasks.o(i.xTaskRemoveFromEventList)
    i.xTaskResumeAll                         0x08005214   Section        0  tasks.o(i.xTaskResumeAll)
    i.xTimerCreateTimerTask                  0x08005334   Section        0  timers.o(i.xTimerCreateTimerTask)
    i.xTimerGenericCommand                   0x080053a8   Section        0  timers.o(i.xTimerGenericCommand)
    .data                                    0x20000000   Section       20  system_stm32f4xx.o(.data)
    .data                                    0x20000014   Section       16  main.o(.data)
    StartTask_Handler                        0x20000014   Data           4  main.o(.data)
    task1Task_Handler                        0x20000018   Data           4  main.o(.data)
    interactionTask_Handler                  0x2000001c   Data           4  main.o(.data)
    MPUTask_Handler                          0x20000020   Data           4  main.o(.data)
    .data                                    0x20000024   Section       16  stm32f4xx_rcc.o(.data)
    APBAHBPrescTable                         0x20000024   Data          16  stm32f4xx_rcc.o(.data)
    .data                                    0x20000034   Section        8  timer.o(.data)
    .data                                    0x2000003c   Section       60  tasks.o(.data)
    pxDelayedTaskList                        0x20000040   Data           4  tasks.o(.data)
    pxOverflowDelayedTaskList                0x20000044   Data           4  tasks.o(.data)
    uxDeletedTasksWaitingCleanUp             0x20000048   Data           4  tasks.o(.data)
    uxCurrentNumberOfTasks                   0x2000004c   Data           4  tasks.o(.data)
    xTickCount                               0x20000050   Data           4  tasks.o(.data)
    uxTopReadyPriority                       0x20000054   Data           4  tasks.o(.data)
    xSchedulerRunning                        0x20000058   Data           4  tasks.o(.data)
    uxPendedTicks                            0x2000005c   Data           4  tasks.o(.data)
    xYieldPending                            0x20000060   Data           4  tasks.o(.data)
    xNumOfOverflows                          0x20000064   Data           4  tasks.o(.data)
    uxTaskNumber                             0x20000068   Data           4  tasks.o(.data)
    xNextTaskUnblockTime                     0x2000006c   Data           4  tasks.o(.data)
    xIdleTaskHandle                          0x20000070   Data           4  tasks.o(.data)
    uxSchedulerSuspended                     0x20000074   Data           4  tasks.o(.data)
    .data                                    0x20000078   Section       20  timers.o(.data)
    pxCurrentTimerList                       0x20000078   Data           4  timers.o(.data)
    pxOverflowTimerList                      0x2000007c   Data           4  timers.o(.data)
    xTimerQueue                              0x20000080   Data           4  timers.o(.data)
    xTimerTaskHandle                         0x20000084   Data           4  timers.o(.data)
    xLastTime                                0x20000088   Data           4  timers.o(.data)
    .data                                    0x2000008c   Section       24  heap_4.o(.data)
    xStart                                   0x2000008c   Data           8  heap_4.o(.data)
    pxEnd                                    0x20000094   Data           4  heap_4.o(.data)
    xFreeBytesRemaining                      0x20000098   Data           4  heap_4.o(.data)
    xMinimumEverFreeBytesRemaining           0x2000009c   Data           4  heap_4.o(.data)
    xBlockAllocatedBit                       0x200000a0   Data           4  heap_4.o(.data)
    .data                                    0x200000a4   Section       12  port.o(.data)
    uxCriticalNesting                        0x200000a4   Data           4  port.o(.data)
    ucMaxSysCallPriority                     0x200000a8   Data           1  port.o(.data)
    ulMaxPRIGROUPValue                       0x200000ac   Data           4  port.o(.data)
    .data                                    0x200000b0   Section        4  delay.o(.data)
    fac_us                                   0x200000b0   Data           1  delay.o(.data)
    fac_ms                                   0x200000b2   Data           2  delay.o(.data)
    .data                                    0x200000b4   Section       12  usart.o(.data)
    i                                        0x200000bc   Data           4  usart.o(.data)
    .data                                    0x200000c0   Section        2  remote_control.o(.data)
    this_time_rx_len                         0x200000c0   Data           2  remote_control.o(.data)
    .data                                    0x200000c4   Section       36  interaction.o(.data)
    .data                                    0x200000e8   Section        4  stdout.o(.data)
    .bss                                     0x200000ec   Section      732  main.o(.bss)
    SBUS_rx_buf                              0x200000ec   Data          72  main.o(.bss)
    .bss                                     0x200003c8   Section       64  queue.o(.bss)
    .bss                                     0x20000408   Section      740  tasks.o(.bss)
    pxReadyTasksLists                        0x20000408   Data         640  tasks.o(.bss)
    xDelayedTaskList1                        0x20000688   Data          20  tasks.o(.bss)
    xDelayedTaskList2                        0x2000069c   Data          20  tasks.o(.bss)
    xPendingReadyList                        0x200006b0   Data          20  tasks.o(.bss)
    xTasksWaitingTermination                 0x200006c4   Data          20  tasks.o(.bss)
    xSuspendedTaskList                       0x200006d8   Data          20  tasks.o(.bss)
    .bss                                     0x200006ec   Section       40  timers.o(.bss)
    xActiveTimerList1                        0x200006ec   Data          20  timers.o(.bss)
    xActiveTimerList2                        0x20000700   Data          20  timers.o(.bss)
    .bss                                     0x20000714   Section    20480  heap_4.o(.bss)
    ucHeap                                   0x20000714   Data       20480  heap_4.o(.bss)
    .bss                                     0x20005714   Section       92  usart.o(.bss)
    SBUS_rx_buf                              0x20005714   Data          72  usart.o(.bss)
    .bss                                     0x20005770   Section      164  canrecive.o(.bss)
    .bss                                     0x20005814   Section      124  remote_control.o(.bss)
    SBUS_rx_buf                              0x20005814   Data          72  remote_control.o(.bss)
    STACK                                    0x20005890   Section     1024  startup_stm32f40_41xxx.o(STACK)

    Global Symbols

    Symbol Name                              Value     Ov Type        Size  Object(Section)

    BuildAttributes$$THM_ISAv4$E$P$D$K$B$S$7EM$VFPi3$EXTD16$VFPS$VFMA$PE$A:L22UL41UL21$X:L11$S22US41US21$IEEE1$IW$USESV6$~STKCKD$USESV7$~SHL$OTIME$ROPI$IEEEX$EBA8$MICROLIB$REQ8$PRES8$EABIv2 0x00000000   Number         0  anon$$obj.o ABSOLUTE
    __ARM_use_no_argv                        0x00000000   Number         0  main.o ABSOLUTE
    _printf_a                                0x00000000   Number         0  stubs.o ABSOLUTE
    _printf_c                                0x00000000   Number         0  stubs.o ABSOLUTE
    _printf_charcount                        0x00000000   Number         0  stubs.o ABSOLUTE
    _printf_d                                0x00000000   Number         0  stubs.o ABSOLUTE
    _printf_e                                0x00000000   Number         0  stubs.o ABSOLUTE
    _printf_f                                0x00000000   Number         0  stubs.o ABSOLUTE
    _printf_flags                            0x00000000   Number         0  stubs.o ABSOLUTE
    _printf_fp_dec                           0x00000000   Number         0  stubs.o ABSOLUTE
    _printf_fp_hex                           0x00000000   Number         0  stubs.o ABSOLUTE
    _printf_g                                0x00000000   Number         0  stubs.o ABSOLUTE
    _printf_i                                0x00000000   Number         0  stubs.o ABSOLUTE
    _printf_int_dec                          0x00000000   Number         0  stubs.o ABSOLUTE
    _printf_l                                0x00000000   Number         0  stubs.o ABSOLUTE
    _printf_lc                               0x00000000   Number         0  stubs.o ABSOLUTE
    _printf_ll                               0x00000000   Number         0  stubs.o ABSOLUTE
    _printf_lld                              0x00000000   Number         0  stubs.o ABSOLUTE
    _printf_lli                              0x00000000   Number         0  stubs.o ABSOLUTE
    _printf_llo                              0x00000000   Number         0  stubs.o ABSOLUTE
    _printf_llu                              0x00000000   Number         0  stubs.o ABSOLUTE
    _printf_llx                              0x00000000   Number         0  stubs.o ABSOLUTE
    _printf_longlong_dec                     0x00000000   Number         0  stubs.o ABSOLUTE
    _printf_longlong_hex                     0x00000000   Number         0  stubs.o ABSOLUTE
    _printf_longlong_oct                     0x00000000   Number         0  stubs.o ABSOLUTE
    _printf_ls                               0x00000000   Number         0  stubs.o ABSOLUTE
    _printf_mbtowc                           0x00000000   Number         0  stubs.o ABSOLUTE
    _printf_n                                0x00000000   Number         0  stubs.o ABSOLUTE
    _printf_o                                0x00000000   Number         0  stubs.o ABSOLUTE
    _printf_p                                0x00000000   Number         0  stubs.o ABSOLUTE
    _printf_percent                          0x00000000   Number         0  stubs.o ABSOLUTE
    _printf_pre_padding                      0x00000000   Number         0  stubs.o ABSOLUTE
    _printf_return_value                     0x00000000   Number         0  stubs.o ABSOLUTE
    _printf_s                                0x00000000   Number         0  stubs.o ABSOLUTE
    _printf_sizespec                         0x00000000   Number         0  stubs.o ABSOLUTE
    _printf_str                              0x00000000   Number         0  stubs.o ABSOLUTE
    _printf_truncate_signed                  0x00000000   Number         0  stubs.o ABSOLUTE
    _printf_truncate_unsigned                0x00000000   Number         0  stubs.o ABSOLUTE
    _printf_u                                0x00000000   Number         0  stubs.o ABSOLUTE
    _printf_wc                               0x00000000   Number         0  stubs.o ABSOLUTE
    _printf_wctomb                           0x00000000   Number         0  stubs.o ABSOLUTE
    _printf_widthprec                        0x00000000   Number         0  stubs.o ABSOLUTE
    _printf_x                                0x00000000   Number         0  stubs.o ABSOLUTE
    __arm_fini_                               - Undefined Weak Reference
    __cpp_initialize__aeabi_                  - Undefined Weak Reference
    __cxa_finalize                            - Undefined Weak Reference
    __decompress                              - Undefined Weak Reference
    _clock_init                               - Undefined Weak Reference
    _microlib_exit                            - Undefined Weak Reference
    __Vectors_Size                           0x00000188   Number         0  startup_stm32f40_41xxx.o ABSOLUTE
    __Vectors                                0x08000000   Data           4  startup_stm32f40_41xxx.o(RESET)
    __Vectors_End                            0x08000188   Data           0  startup_stm32f40_41xxx.o(RESET)
    __main                                   0x08000189   Thumb Code     0  entry.o(.ARM.Collect$$$$00000000)
    _main_stk                                0x08000189   Thumb Code     0  entry2.o(.ARM.Collect$$$$00000001)
    _main_scatterload                        0x0800018d   Thumb Code     0  entry5.o(.ARM.Collect$$$$00000004)
    __main_after_scatterload                 0x08000191   Thumb Code     0  entry5.o(.ARM.Collect$$$$00000004)
    _main_clock                              0x08000191   Thumb Code     0  entry7b.o(.ARM.Collect$$$$00000008)
    _main_cpp_init                           0x08000191   Thumb Code     0  entry8b.o(.ARM.Collect$$$$0000000A)
    _main_init                               0x08000191   Thumb Code     0  entry9a.o(.ARM.Collect$$$$0000000B)
    __rt_lib_shutdown_fini                   0x08000199   Thumb Code     0  entry12b.o(.ARM.Collect$$$$0000000E)
    __rt_final_cpp                           0x0800019d   Thumb Code     0  entry10a.o(.ARM.Collect$$$$0000000F)
    __rt_final_exit                          0x0800019d   Thumb Code     0  entry11a.o(.ARM.Collect$$$$00000011)
    SVC_Handler                              0x080001a1   Thumb Code    28  port.o(.emb_text)
    __asm___6_port_c_39a90d8d__prvStartFirstTask 0x080001c1   Thumb Code    28  port.o(.emb_text)
    __asm___6_port_c_39a90d8d__prvEnableVFP  0x080001e1   Thumb Code    16  port.o(.emb_text)
    PendSV_Handler                           0x080001f5   Thumb Code    88  port.o(.emb_text)
    vPortGetIPSR                             0x08000251   Thumb Code     6  port.o(.emb_text)
    Reset_Handler                            0x08000259   Thumb Code     8  startup_stm32f40_41xxx.o(.text)
    ADC_IRQHandler                           0x08000273   Thumb Code     0  startup_stm32f40_41xxx.o(.text)
    CAN1_RX1_IRQHandler                      0x08000273   Thumb Code     0  startup_stm32f40_41xxx.o(.text)
    CAN1_SCE_IRQHandler                      0x08000273   Thumb Code     0  startup_stm32f40_41xxx.o(.text)
    CAN1_TX_IRQHandler                       0x08000273   Thumb Code     0  startup_stm32f40_41xxx.o(.text)
    CAN2_RX0_IRQHandler                      0x08000273   Thumb Code     0  startup_stm32f40_41xxx.o(.text)
    CAN2_SCE_IRQHandler                      0x08000273   Thumb Code     0  startup_stm32f40_41xxx.o(.text)
    CAN2_TX_IRQHandler                       0x08000273   Thumb Code     0  startup_stm32f40_41xxx.o(.text)
    CRYP_IRQHandler                          0x08000273   Thumb Code     0  startup_stm32f40_41xxx.o(.text)
    DCMI_IRQHandler                          0x08000273   Thumb Code     0  startup_stm32f40_41xxx.o(.text)
    DMA1_Stream0_IRQHandler                  0x08000273   Thumb Code     0  startup_stm32f40_41xxx.o(.text)
    DMA1_Stream1_IRQHandler                  0x08000273   Thumb Code     0  startup_stm32f40_41xxx.o(.text)
    DMA1_Stream2_IRQHandler                  0x08000273   Thumb Code     0  startup_stm32f40_41xxx.o(.text)
    DMA1_Stream3_IRQHandler                  0x08000273   Thumb Code     0  startup_stm32f40_41xxx.o(.text)
    DMA1_Stream4_IRQHandler                  0x08000273   Thumb Code     0  startup_stm32f40_41xxx.o(.text)
    DMA1_Stream5_IRQHandler                  0x08000273   Thumb Code     0  startup_stm32f40_41xxx.o(.text)
    DMA1_Stream6_IRQHandler                  0x08000273   Thumb Code     0  startup_stm32f40_41xxx.o(.text)
    DMA1_Stream7_IRQHandler                  0x08000273   Thumb Code     0  startup_stm32f40_41xxx.o(.text)
    DMA2_Stream0_IRQHandler                  0x08000273   Thumb Code     0  startup_stm32f40_41xxx.o(.text)
    DMA2_Stream1_IRQHandler                  0x08000273   Thumb Code     0  startup_stm32f40_41xxx.o(.text)
    DMA2_Stream2_IRQHandler                  0x08000273   Thumb Code     0  startup_stm32f40_41xxx.o(.text)
    DMA2_Stream3_IRQHandler                  0x08000273   Thumb Code     0  startup_stm32f40_41xxx.o(.text)
    DMA2_Stream4_IRQHandler                  0x08000273   Thumb Code     0  startup_stm32f40_41xxx.o(.text)
    DMA2_Stream5_IRQHandler                  0x08000273   Thumb Code     0  startup_stm32f40_41xxx.o(.text)
    DMA2_Stream6_IRQHandler                  0x08000273   Thumb Code     0  startup_stm32f40_41xxx.o(.text)
    DMA2_Stream7_IRQHandler                  0x08000273   Thumb Code     0  startup_stm32f40_41xxx.o(.text)
    ETH_IRQHandler                           0x08000273   Thumb Code     0  startup_stm32f40_41xxx.o(.text)
    ETH_WKUP_IRQHandler                      0x08000273   Thumb Code     0  startup_stm32f40_41xxx.o(.text)
    EXTI0_IRQHandler                         0x08000273   Thumb Code     0  startup_stm32f40_41xxx.o(.text)
    EXTI15_10_IRQHandler                     0x08000273   Thumb Code     0  startup_stm32f40_41xxx.o(.text)
    EXTI1_IRQHandler                         0x08000273   Thumb Code     0  startup_stm32f40_41xxx.o(.text)
    EXTI2_IRQHandler                         0x08000273   Thumb Code     0  startup_stm32f40_41xxx.o(.text)
    EXTI3_IRQHandler                         0x08000273   Thumb Code     0  startup_stm32f40_41xxx.o(.text)
    EXTI4_IRQHandler                         0x08000273   Thumb Code     0  startup_stm32f40_41xxx.o(.text)
    EXTI9_5_IRQHandler                       0x08000273   Thumb Code     0  startup_stm32f40_41xxx.o(.text)
    FLASH_IRQHandler                         0x08000273   Thumb Code     0  startup_stm32f40_41xxx.o(.text)
    FPU_IRQHandler                           0x08000273   Thumb Code     0  startup_stm32f40_41xxx.o(.text)
    FSMC_IRQHandler                          0x08000273   Thumb Code     0  startup_stm32f40_41xxx.o(.text)
    HASH_RNG_IRQHandler                      0x08000273   Thumb Code     0  startup_stm32f40_41xxx.o(.text)
    I2C1_ER_IRQHandler                       0x08000273   Thumb Code     0  startup_stm32f40_41xxx.o(.text)
    I2C1_EV_IRQHandler                       0x08000273   Thumb Code     0  startup_stm32f40_41xxx.o(.text)
    I2C2_ER_IRQHandler                       0x08000273   Thumb Code     0  startup_stm32f40_41xxx.o(.text)
    I2C2_EV_IRQHandler                       0x08000273   Thumb Code     0  startup_stm32f40_41xxx.o(.text)
    I2C3_ER_IRQHandler                       0x08000273   Thumb Code     0  startup_stm32f40_41xxx.o(.text)
    I2C3_EV_IRQHandler                       0x08000273   Thumb Code     0  startup_stm32f40_41xxx.o(.text)
    OTG_FS_IRQHandler                        0x08000273   Thumb Code     0  startup_stm32f40_41xxx.o(.text)
    OTG_FS_WKUP_IRQHandler                   0x08000273   Thumb Code     0  startup_stm32f40_41xxx.o(.text)
    OTG_HS_EP1_IN_IRQHandler                 0x08000273   Thumb Code     0  startup_stm32f40_41xxx.o(.text)
    OTG_HS_EP1_OUT_IRQHandler                0x08000273   Thumb Code     0  startup_stm32f40_41xxx.o(.text)
    OTG_HS_IRQHandler                        0x08000273   Thumb Code     0  startup_stm32f40_41xxx.o(.text)
    OTG_HS_WKUP_IRQHandler                   0x08000273   Thumb Code     0  startup_stm32f40_41xxx.o(.text)
    PVD_IRQHandler                           0x08000273   Thumb Code     0  startup_stm32f40_41xxx.o(.text)
    RCC_IRQHandler                           0x08000273   Thumb Code     0  startup_stm32f40_41xxx.o(.text)
    RTC_Alarm_IRQHandler                     0x08000273   Thumb Code     0  startup_stm32f40_41xxx.o(.text)
    RTC_WKUP_IRQHandler                      0x08000273   Thumb Code     0  startup_stm32f40_41xxx.o(.text)
    SDIO_IRQHandler                          0x08000273   Thumb Code     0  startup_stm32f40_41xxx.o(.text)
    SPI1_IRQHandler                          0x08000273   Thumb Code     0  startup_stm32f40_41xxx.o(.text)
    SPI2_IRQHandler                          0x08000273   Thumb Code     0  startup_stm32f40_41xxx.o(.text)
    SPI3_IRQHandler                          0x08000273   Thumb Code     0  startup_stm32f40_41xxx.o(.text)
    TAMP_STAMP_IRQHandler                    0x08000273   Thumb Code     0  startup_stm32f40_41xxx.o(.text)
    TIM1_BRK_TIM9_IRQHandler                 0x08000273   Thumb Code     0  startup_stm32f40_41xxx.o(.text)
    TIM1_CC_IRQHandler                       0x08000273   Thumb Code     0  startup_stm32f40_41xxx.o(.text)
    TIM1_TRG_COM_TIM11_IRQHandler            0x08000273   Thumb Code     0  startup_stm32f40_41xxx.o(.text)
    TIM1_UP_TIM10_IRQHandler                 0x08000273   Thumb Code     0  startup_stm32f40_41xxx.o(.text)
    TIM2_IRQHandler                          0x08000273   Thumb Code     0  startup_stm32f40_41xxx.o(.text)
    TIM4_IRQHandler                          0x08000273   Thumb Code     0  startup_stm32f40_41xxx.o(.text)
    TIM5_IRQHandler                          0x08000273   Thumb Code     0  startup_stm32f40_41xxx.o(.text)
    TIM6_DAC_IRQHandler                      0x08000273   Thumb Code     0  startup_stm32f40_41xxx.o(.text)
    TIM7_IRQHandler                          0x08000273   Thumb Code     0  startup_stm32f40_41xxx.o(.text)
    TIM8_BRK_TIM12_IRQHandler                0x08000273   Thumb Code     0  startup_stm32f40_41xxx.o(.text)
    TIM8_CC_IRQHandler                       0x08000273   Thumb Code     0  startup_stm32f40_41xxx.o(.text)
    TIM8_TRG_COM_TIM14_IRQHandler            0x08000273   Thumb Code     0  startup_stm32f40_41xxx.o(.text)
    TIM8_UP_TIM13_IRQHandler                 0x08000273   Thumb Code     0  startup_stm32f40_41xxx.o(.text)
    UART4_IRQHandler                         0x08000273   Thumb Code     0  startup_stm32f40_41xxx.o(.text)
    UART5_IRQHandler                         0x08000273   Thumb Code     0  startup_stm32f40_41xxx.o(.text)
    USART2_IRQHandler                        0x08000273   Thumb Code     0  startup_stm32f40_41xxx.o(.text)
    USART6_IRQHandler                        0x08000273   Thumb Code     0  startup_stm32f40_41xxx.o(.text)
    WWDG_IRQHandler                          0x08000273   Thumb Code     0  startup_stm32f40_41xxx.o(.text)
    __aeabi_memcpy                           0x0800027d   Thumb Code    36  memcpya.o(.text)
    __aeabi_memcpy4                          0x0800027d   Thumb Code     0  memcpya.o(.text)
    __aeabi_memcpy8                          0x0800027d   Thumb Code     0  memcpya.o(.text)
    __aeabi_memset                           0x080002a1   Thumb Code    14  memseta.o(.text)
    __aeabi_memset4                          0x080002a1   Thumb Code     0  memseta.o(.text)
    __aeabi_memset8                          0x080002a1   Thumb Code     0  memseta.o(.text)
    __aeabi_memclr                           0x080002af   Thumb Code     4  memseta.o(.text)
    __aeabi_memclr4                          0x080002af   Thumb Code     0  memseta.o(.text)
    __aeabi_memclr8                          0x080002af   Thumb Code     0  memseta.o(.text)
    _memset$wrapper                          0x080002b3   Thumb Code    18  memseta.o(.text)
    __aeabi_dadd                             0x080002c5   Thumb Code   322  dadd.o(.text)
    __aeabi_dsub                             0x08000407   Thumb Code     6  dadd.o(.text)
    __aeabi_drsub                            0x0800040d   Thumb Code     6  dadd.o(.text)
    __aeabi_i2d                              0x08000413   Thumb Code    34  dflti.o(.text)
    __aeabi_uldivmod                         0x08000435   Thumb Code    98  uldiv.o(.text)
    __aeabi_llsl                             0x08000497   Thumb Code    30  llshl.o(.text)
    _ll_shift_l                              0x08000497   Thumb Code     0  llshl.o(.text)
    __aeabi_llsr                             0x080004b5   Thumb Code    32  llushr.o(.text)
    _ll_ushift_r                             0x080004b5   Thumb Code     0  llushr.o(.text)
    __aeabi_lasr                             0x080004d5   Thumb Code    36  llsshr.o(.text)
    _ll_sshift_r                             0x080004d5   Thumb Code     0  llsshr.o(.text)
    __I$use$fp                               0x080004f9   Thumb Code     0  iusefp.o(.text)
    _double_round                            0x080004f9   Thumb Code    30  depilogue.o(.text)
    _double_epilogue                         0x08000517   Thumb Code   156  depilogue.o(.text)
    __scatterload                            0x080005b5   Thumb Code    28  init.o(.text)
    __scatterload_rt2                        0x080005b5   Thumb Code     0  init.o(.text)
    BusFault_Handler                         0x080005d9   Thumb Code     4  stm32f4xx_it.o(i.BusFault_Handler)
    __I$use$semihosting$fputc                0x080005d9   Thumb Code     0  iusesemip.o(.text)
    __semihosting_library_function           0x080005d9   Thumb Code     0  semi.o(.text)
    CAN1_Mode_Init                           0x080005dd   Thumb Code   248  can.o(i.CAN1_Mode_Init)
    CAN1_RX0_IRQHandler                      0x080006dd   Thumb Code   760  canrecive.o(i.CAN1_RX0_IRQHandler)
    CAN2_Mode_Init                           0x080009e5   Thumb Code   248  can.o(i.CAN2_Mode_Init)
    CAN2_RX1_IRQHandler                      0x08000ae5   Thumb Code   760  canrecive.o(i.CAN2_RX1_IRQHandler)
    CAN_FilterInit                           0x08000ded   Thumb Code   258  stm32f4xx_can.o(i.CAN_FilterInit)
    CAN_ITConfig                             0x08000ef5   Thumb Code    18  stm32f4xx_can.o(i.CAN_ITConfig)
    CAN_Init                                 0x08000f07   Thumb Code   276  stm32f4xx_can.o(i.CAN_Init)
    CAN_Receive                              0x0800101b   Thumb Code   240  stm32f4xx_can.o(i.CAN_Receive)
    CAN_Transmit                             0x0800110b   Thumb Code   294  stm32f4xx_can.o(i.CAN_Transmit)
    DMA_ClearFlag                            0x08001231   Thumb Code    38  stm32f4xx_dma.o(i.DMA_ClearFlag)
    DMA_Cmd                                  0x08001265   Thumb Code    22  stm32f4xx_dma.o(i.DMA_Cmd)
    DMA_DeInit                               0x0800127d   Thumb Code   324  stm32f4xx_dma.o(i.DMA_DeInit)
    DMA_DoubleBufferModeCmd                  0x080013d5   Thumb Code    22  stm32f4xx_dma.o(i.DMA_DoubleBufferModeCmd)
    DMA_DoubleBufferModeConfig               0x080013eb   Thumb Code    24  stm32f4xx_dma.o(i.DMA_DoubleBufferModeConfig)
    DMA_GetCurrDataCounter                   0x08001403   Thumb Code     8  stm32f4xx_dma.o(i.DMA_GetCurrDataCounter)
    DMA_GetCurrentMemoryTarget               0x0800140b   Thumb Code    20  stm32f4xx_dma.o(i.DMA_GetCurrentMemoryTarget)
    DMA_Init                                 0x08001421   Thumb Code    82  stm32f4xx_dma.o(i.DMA_Init)
    DMA_SetCurrDataCounter                   0x08001479   Thumb Code     4  stm32f4xx_dma.o(i.DMA_SetCurrDataCounter)
    DebugMon_Handler                         0x0800147d   Thumb Code     2  stm32f4xx_it.o(i.DebugMon_Handler)
    GPIO_Init                                0x0800147f   Thumb Code   144  stm32f4xx_gpio.o(i.GPIO_Init)
    GPIO_PinAFConfig                         0x0800150f   Thumb Code    70  stm32f4xx_gpio.o(i.GPIO_PinAFConfig)
    GPIO_SetBits                             0x08001555   Thumb Code     4  stm32f4xx_gpio.o(i.GPIO_SetBits)
    HardFault_Handler                        0x08001559   Thumb Code     4  stm32f4xx_it.o(i.HardFault_Handler)
    IIC_Ack                                  0x0800155d   Thumb Code    66  iic.o(i.IIC_Ack)
    IIC_Init                                 0x080015b1   Thumb Code   108  iic.o(i.IIC_Init)
    IIC_NAck                                 0x0800162d   Thumb Code    66  iic.o(i.IIC_NAck)
    IIC_Read_Byte                            0x08001681   Thumb Code    92  iic.o(i.IIC_Read_Byte)
    IIC_Send_Byte                            0x080016ed   Thumb Code    88  iic.o(i.IIC_Send_Byte)
    IIC_Start                                0x08001755   Thumb Code    64  iic.o(i.IIC_Start)
    IIC_Stop                                 0x080017a1   Thumb Code    62  iic.o(i.IIC_Stop)
    IIC_Wait_Ack                             0x080017ed   Thumb Code    80  iic.o(i.IIC_Wait_Ack)
    LED_Init                                 0x0800184d   Thumb Code    56  led.o(i.LED_Init)
    MPU_Init                                 0x0800188d   Thumb Code   122  mpu6050.o(i.MPU_Init)
    MPU_Read_Byte                            0x08001907   Thumb Code    58  mpu6050.o(i.MPU_Read_Byte)
    MPU_Set_Accel_Fsr                        0x08001941   Thumb Code    16  mpu6050.o(i.MPU_Set_Accel_Fsr)
    MPU_Set_Gyro_Fsr                         0x08001951   Thumb Code    16  mpu6050.o(i.MPU_Set_Gyro_Fsr)
    MPU_Set_LPF                              0x08001961   Thumb Code    58  mpu6050.o(i.MPU_Set_LPF)
    MPU_Set_Rate                             0x0800199b   Thumb Code    58  mpu6050.o(i.MPU_Set_Rate)
    MPU_Write_Byte                           0x080019d5   Thumb Code    68  mpu6050.o(i.MPU_Write_Byte)
    MemManage_Handler                        0x08001a19   Thumb Code     4  stm32f4xx_it.o(i.MemManage_Handler)
    NMI_Handler                              0x08001a1d   Thumb Code     2  stm32f4xx_it.o(i.NMI_Handler)
    NVIC_Init                                0x08001a21   Thumb Code   106  misc.o(i.NVIC_Init)
    NVIC_PriorityGroupConfig                 0x08001a99   Thumb Code    10  misc.o(i.NVIC_PriorityGroupConfig)
    PID_calc                                 0x08001aad   Thumb Code   558  pid.o(i.PID_calc)
    PID_init                                 0x08001ce1   Thumb Code    76  pid.o(i.PID_init)
    RCC_AHB1PeriphClockCmd                   0x08001d31   Thumb Code    26  stm32f4xx_rcc.o(i.RCC_AHB1PeriphClockCmd)
    RCC_APB1PeriphClockCmd                   0x08001d51   Thumb Code    26  stm32f4xx_rcc.o(i.RCC_APB1PeriphClockCmd)
    RCC_APB1PeriphResetCmd                   0x08001d71   Thumb Code    26  stm32f4xx_rcc.o(i.RCC_APB1PeriphResetCmd)
    RCC_APB2PeriphClockCmd                   0x08001d91   Thumb Code    26  stm32f4xx_rcc.o(i.RCC_APB2PeriphClockCmd)
    RCC_APB2PeriphResetCmd                   0x08001db1   Thumb Code    26  stm32f4xx_rcc.o(i.RCC_APB2PeriphResetCmd)
    RCC_GetClocksFreq                        0x08001dd1   Thumb Code   214  stm32f4xx_rcc.o(i.RCC_GetClocksFreq)
    RC_Init                                  0x08001eb9   Thumb Code   322  rc.o(i.RC_Init)
    SysTick_CLKSourceConfig                  0x080021f5   Thumb Code    40  misc.o(i.SysTick_CLKSourceConfig)
    SysTick_Handler                          0x0800221d   Thumb Code    16  delay.o(i.SysTick_Handler)
    SystemInit                               0x0800222d   Thumb Code    88  system_stm32f4xx.o(i.SystemInit)
    TIM3_IRQHandler                          0x08002295   Thumb Code    66  timer.o(i.TIM3_IRQHandler)
    TIM3_Int_Init                            0x080022ed   Thumb Code    88  timer.o(i.TIM3_Int_Init)
    TIM_ClearITPendingBit                    0x08002349   Thumb Code     6  stm32f4xx_tim.o(i.TIM_ClearITPendingBit)
    TIM_Cmd                                  0x0800234f   Thumb Code    24  stm32f4xx_tim.o(i.TIM_Cmd)
    TIM_GetITStatus                          0x08002367   Thumb Code    34  stm32f4xx_tim.o(i.TIM_GetITStatus)
    TIM_ITConfig                             0x08002389   Thumb Code    18  stm32f4xx_tim.o(i.TIM_ITConfig)
    TIM_TimeBaseInit                         0x0800239d   Thumb Code   104  stm32f4xx_tim.o(i.TIM_TimeBaseInit)
    USART1_IRQHandler                        0x08002421   Thumb Code    68  usart.o(i.USART1_IRQHandler)
    USART3_IRQHandler                        0x08002479   Thumb Code   222  remote_control.o(i.USART3_IRQHandler)
    USART_ClearFlag                          0x08002571   Thumb Code    18  stm32f4xx_usart.o(i.USART_ClearFlag)
    USART_ClearITPendingBit                  0x08002583   Thumb Code    30  stm32f4xx_usart.o(i.USART_ClearITPendingBit)
    USART_Cmd                                0x080025a1   Thumb Code    24  stm32f4xx_usart.o(i.USART_Cmd)
    USART_DMACmd                             0x080025b9   Thumb Code    18  stm32f4xx_usart.o(i.USART_DMACmd)
    USART_DeInit                             0x080025cd   Thumb Code   206  stm32f4xx_usart.o(i.USART_DeInit)
    USART_GetITStatus                        0x080026bd   Thumb Code    84  stm32f4xx_usart.o(i.USART_GetITStatus)
    USART_ITConfig                           0x08002711   Thumb Code    74  stm32f4xx_usart.o(i.USART_ITConfig)
    USART_Init                               0x0800275d   Thumb Code   204  stm32f4xx_usart.o(i.USART_Init)
    USART_ReceiveData                        0x08002831   Thumb Code    10  stm32f4xx_usart.o(i.USART_ReceiveData)
    UsageFault_Handler                       0x0800283b   Thumb Code     4  stm32f4xx_it.o(i.UsageFault_Handler)
    __0printf$8                              0x08002841   Thumb Code    22  printf8.o(i.__0printf$8)
    __1printf$8                              0x08002841   Thumb Code     0  printf8.o(i.__0printf$8)
    __2printf                                0x08002841   Thumb Code     0  printf8.o(i.__0printf$8)
    __scatterload_copy                       0x08002861   Thumb Code    14  handlers.o(i.__scatterload_copy)
    __scatterload_null                       0x0800286f   Thumb Code     2  handlers.o(i.__scatterload_null)
    __scatterload_zeroinit                   0x08002871   Thumb Code    14  handlers.o(i.__scatterload_zeroinit)
    delay_init                               0x08002cd9   Thumb Code    58  delay.o(i.delay_init)
    delay_ms                                 0x08002d1d   Thumb Code    60  delay.o(i.delay_ms)
    delay_us                                 0x08002d5d   Thumb Code    68  delay.o(i.delay_us)
    fputc                                    0x08002da5   Thumb Code    18  fputc.o(i.fputc)
    main                                     0x08002db9   Thumb Code   236  main.o(i.main)
    moter_send_3508                          0x08002ec9   Thumb Code    94  canrecive.o(i.moter_send_3508)
    motor_send_6020                          0x08002f2d   Thumb Code    94  canrecive.o(i.motor_send_6020)
    motor_speed_compute                      0x08002f91   Thumb Code   138  motortask.o(i.motor_speed_compute)
    pvPortMalloc                             0x08003b1d   Thumb Code   262  heap_4.o(i.pvPortMalloc)
    pvTaskIncrementMutexHeldCount            0x08003c71   Thumb Code    26  tasks.o(i.pvTaskIncrementMutexHeldCount)
    pxPortInitialiseStack                    0x08003c91   Thumb Code    38  port.o(i.pxPortInitialiseStack)
    remote_control_init                      0x08003cbd   Thumb Code    16  remote_control.o(i.remote_control_init)
    start_task                               0x08003cd1   Thumb Code    42  main.o(i.start_task)
    task1_task                               0x08003d15   Thumb Code   190  motortask.o(i.task1_task)
    uart_init                                0x08003de9   Thumb Code   164  usart.o(i.uart_init)
    uxListRemove                             0x08003e95   Thumb Code    40  list.o(i.uxListRemove)
    vListInitialise                          0x08003ebd   Thumb Code    26  list.o(i.vListInitialise)
    vListInitialiseItem                      0x08003ed7   Thumb Code     6  list.o(i.vListInitialiseItem)
    vListInsert                              0x08003edd   Thumb Code    52  list.o(i.vListInsert)
    vListInsertEnd                           0x08003f11   Thumb Code    24  list.o(i.vListInsertEnd)
    vPortEnterCritical                       0x08003f29   Thumb Code    68  port.o(i.vPortEnterCritical)
    vPortExitCritical                        0x08003fb1   Thumb Code    48  port.o(i.vPortExitCritical)
    vPortFree                                0x08004021   Thumb Code   120  heap_4.o(i.vPortFree)
    vPortSetupTimerInterrupt                 0x080040d9   Thumb Code    26  port.o(i.vPortSetupTimerInterrupt)
    vPortValidateInterruptPriority           0x080040f9   Thumb Code    86  port.o(i.vPortValidateInterruptPriority)
    vQueueAddToRegistry                      0x08004199   Thumb Code    38  queue.o(i.vQueueAddToRegistry)
    vQueueWaitForMessageRestricted           0x080041c5   Thumb Code    74  queue.o(i.vQueueWaitForMessageRestricted)
    vTaskDelay                               0x08004211   Thumb Code    72  tasks.o(i.vTaskDelay)
    vTaskDelete                              0x08004285   Thumb Code   192  tasks.o(i.vTaskDelete)
    vTaskMissedYield                         0x08004391   Thumb Code     8  tasks.o(i.vTaskMissedYield)
    vTaskPlaceOnEventList                    0x0800439d   Thumb Code    42  tasks.o(i.vTaskPlaceOnEventList)
    vTaskPlaceOnEventListRestricted          0x080043f1   Thumb Code    50  tasks.o(i.vTaskPlaceOnEventListRestricted)
    vTaskPriorityInherit                     0x0800444d   Thumb Code   164  tasks.o(i.vTaskPriorityInherit)
    vTaskSetTimeOutState                     0x080044fd   Thumb Code    32  tasks.o(i.vTaskSetTimeOutState)
    vTaskStartScheduler                      0x08004549   Thumb Code   108  tasks.o(i.vTaskStartScheduler)
    vTaskSuspendAll                          0x080045f5   Thumb Code    12  tasks.o(i.vTaskSuspendAll)
    vTaskSwitchContext                       0x08004605   Thumb Code   110  tasks.o(i.vTaskSwitchContext)
    xPortStartScheduler                      0x080046ad   Thumb Code   258  port.o(i.xPortStartScheduler)
    xPortSysTickHandler                      0x08004809   Thumb Code    46  port.o(i.xPortSysTickHandler)
    xQueueGenericCreate                      0x0800483d   Thumb Code    78  queue.o(i.xQueueGenericCreate)
    xQueueGenericReceive                     0x080048b1   Thumb Code   416  queue.o(i.xQueueGenericReceive)
    xQueueGenericReset                       0x08004a79   Thumb Code   136  queue.o(i.xQueueGenericReset)
    xQueueGenericSend                        0x08004b29   Thumb Code   412  queue.o(i.xQueueGenericSend)
    xQueueGenericSendFromISR                 0x08004ced   Thumb Code   234  queue.o(i.xQueueGenericSendFromISR)
    xTaskCheckForTimeOut                     0x08004dfd   Thumb Code   116  tasks.o(i.xTaskCheckForTimeOut)
    xTaskCreate                              0x08004e9d   Thumb Code    96  tasks.o(i.xTaskCreate)
    xTaskGetSchedulerState                   0x08004efd   Thumb Code    24  tasks.o(i.xTaskGetSchedulerState)
    xTaskGetTickCount                        0x08004f1d   Thumb Code     6  tasks.o(i.xTaskGetTickCount)
    xTaskIncrementTick                       0x08004f29   Thumb Code   272  tasks.o(i.xTaskIncrementTick)
    xTaskPriorityDisinherit                  0x08005089   Thumb Code   168  tasks.o(i.xTaskPriorityDisinherit)
    xTaskRemoveFromEventList                 0x08005161   Thumb Code   118  tasks.o(i.xTaskRemoveFromEventList)
    xTaskResumeAll                           0x08005215   Thumb Code   214  tasks.o(i.xTaskResumeAll)
    xTimerCreateTimerTask                    0x08005335   Thumb Code    56  timers.o(i.xTimerCreateTimerTask)
    xTimerGenericCommand                     0x080053a9   Thumb Code   118  timers.o(i.xTimerGenericCommand)
    Region$$Table$$Base                      0x0800544c   Number         0  anon$$obj.o(Region$$Table)
    Region$$Table$$Limit                     0x0800546c   Number         0  anon$$obj.o(Region$$Table)
    SystemCoreClock                          0x20000000   Data           4  system_stm32f4xx.o(.data)
    AHBPrescTable                            0x20000004   Data          16  system_stm32f4xx.o(.data)
    last_yaw                                 0x20000034   Data           4  timer.o(.data)
    current_yaw                              0x20000038   Data           4  timer.o(.data)
    pxCurrentTCB                             0x2000003c   Data           4  tasks.o(.data)
    res                                      0x200000b4   Data           1  usart.o(.data)
    USART_DATA_NUM                           0x200000b8   Data           4  usart.o(.data)
    send_data                                0x200000c4   Data          20  interaction.o(.data)
    yaw_data                                 0x200000d8   Data           2  interaction.o(.data)
    speed_yaw                                0x200000dc   Data           4  interaction.o(.data)
    _vx                                      0x200000e0   Data           4  interaction.o(.data)
    _vy                                      0x200000e4   Data           4  interaction.o(.data)
    __stdout                                 0x200000e8   Data           4  stdout.o(.data)
    pid_control                              0x20000134   Data         640  main.o(.bss)
    SendBuff                                 0x200003b4   Data          20  main.o(.bss)
    xQueueRegistry                           0x200003c8   Data          64  queue.o(.bss)
    rx_buffer                                0x2000575c   Data          20  usart.o(.bss)
    M3508_control                            0x20005770   Data          96  canrecive.o(.bss)
    GM6020_control                           0x200057d0   Data          28  canrecive.o(.bss)
    Rx1Message                               0x200057ec   Data          20  canrecive.o(.bss)
    Rx2Message                               0x20005800   Data          20  canrecive.o(.bss)
    rc_ctrl                                  0x2000585c   Data          52  remote_control.o(.bss)
    __initial_sp                             0x20005c90   Data           0  startup_stm32f40_41xxx.o(STACK)



==============================================================================

Memory Map of the image

  Image Entry point : 0x08000189

  Load Region LR_IROM1 (Base: 0x08000000, Size: 0x00005558, Max: 0x00080000, ABSOLUTE)

    Execution Region ER_IROM1 (Exec base: 0x08000000, Load base: 0x08000000, Size: 0x0000546c, Max: 0x00080000, ABSOLUTE)

    Exec Addr    Load Addr    Size         Type   Attr      Idx    E Section Name        Object

    0x08000000   0x08000000   0x00000188   Data   RO          439    RESET               startup_stm32f40_41xxx.o
    0x08000188   0x08000188   0x00000000   Code   RO         7574  * .ARM.Collect$$$$00000000  mc_w.l(entry.o)
    0x08000188   0x08000188   0x00000004   Code   RO         7933    .ARM.Collect$$$$00000001  mc_w.l(entry2.o)
    0x0800018c   0x0800018c   0x00000004   Code   RO         7936    .ARM.Collect$$$$00000004  mc_w.l(entry5.o)
    0x08000190   0x08000190   0x00000000   Code   RO         7938    .ARM.Collect$$$$00000008  mc_w.l(entry7b.o)
    0x08000190   0x08000190   0x00000000   Code   RO         7940    .ARM.Collect$$$$0000000A  mc_w.l(entry8b.o)
    0x08000190   0x08000190   0x00000008   Code   RO         7941    .ARM.Collect$$$$0000000B  mc_w.l(entry9a.o)
    0x08000198   0x08000198   0x00000004   Code   RO         7948    .ARM.Collect$$$$0000000E  mc_w.l(entry12b.o)
    0x0800019c   0x0800019c   0x00000000   Code   RO         7943    .ARM.Collect$$$$0000000F  mc_w.l(entry10a.o)
    0x0800019c   0x0800019c   0x00000000   Code   RO         7945    .ARM.Collect$$$$00000011  mc_w.l(entry11a.o)
    0x0800019c   0x0800019c   0x00000004   Code   RO         7934    .ARM.Collect$$$$00002712  mc_w.l(entry2.o)
    0x080001a0   0x080001a0   0x000000b6   Code   RO         6527    .emb_text           port.o
    0x08000256   0x08000256   0x00000002   PAD
    0x08000258   0x08000258   0x00000024   Code   RO          440    .text               startup_stm32f40_41xxx.o
    0x0800027c   0x0800027c   0x00000024   Code   RO         7579    .text               mc_w.l(memcpya.o)
    0x080002a0   0x080002a0   0x00000024   Code   RO         7581    .text               mc_w.l(memseta.o)
    0x080002c4   0x080002c4   0x0000014e   Code   RO         7852    .text               mf_w.l(dadd.o)
    0x08000412   0x08000412   0x00000022   Code   RO         7858    .text               mf_w.l(dflti.o)
    0x08000434   0x08000434   0x00000062   Code   RO         7954    .text               mc_w.l(uldiv.o)
    0x08000496   0x08000496   0x0000001e   Code   RO         7956    .text               mc_w.l(llshl.o)
    0x080004b4   0x080004b4   0x00000020   Code   RO         7958    .text               mc_w.l(llushr.o)
    0x080004d4   0x080004d4   0x00000024   Code   RO         7960    .text               mc_w.l(llsshr.o)
    0x080004f8   0x080004f8   0x00000000   Code   RO         7969    .text               mc_w.l(iusefp.o)
    0x080004f8   0x080004f8   0x000000ba   Code   RO         7972    .text               mf_w.l(depilogue.o)
    0x080005b2   0x080005b2   0x00000002   PAD
    0x080005b4   0x080005b4   0x00000024   Code   RO         7980    .text               mc_w.l(init.o)
    0x080005d8   0x080005d8   0x00000000   Code   RO         7982    .text               mc_w.l(semi.o)
    0x080005d8   0x080005d8   0x00000000   Code   RO         7983    .text               mc_w.l(iusesemip.o)
    0x080005d8   0x080005d8   0x00000004   Code   RO            3    i.BusFault_Handler  stm32f4xx_it.o
    0x080005dc   0x080005dc   0x00000100   Code   RO         5202    i.CAN1_Mode_Init    can.o
    0x080006dc   0x080006dc   0x00000308   Code   RO         6710    i.CAN1_RX0_IRQHandler  canrecive.o
    0x080009e4   0x080009e4   0x00000100   Code   RO         5203    i.CAN2_Mode_Init    can.o
    0x08000ae4   0x08000ae4   0x00000308   Code   RO         6711    i.CAN2_RX1_IRQHandler  canrecive.o
    0x08000dec   0x08000dec   0x00000108   Code   RO          764    i.CAN_FilterInit    stm32f4xx_can.o
    0x08000ef4   0x08000ef4   0x00000012   Code   RO          770    i.CAN_ITConfig      stm32f4xx_can.o
    0x08000f06   0x08000f06   0x00000114   Code   RO          771    i.CAN_Init          stm32f4xx_can.o
    0x0800101a   0x0800101a   0x000000f0   Code   RO          774    i.CAN_Receive       stm32f4xx_can.o
    0x0800110a   0x0800110a   0x00000126   Code   RO          779    i.CAN_Transmit      stm32f4xx_can.o
    0x08001230   0x08001230   0x00000034   Code   RO         1459    i.DMA_ClearFlag     stm32f4xx_dma.o
    0x08001264   0x08001264   0x00000016   Code   RO         1461    i.DMA_Cmd           stm32f4xx_dma.o
    0x0800127a   0x0800127a   0x00000002   PAD
    0x0800127c   0x0800127c   0x00000158   Code   RO         1462    i.DMA_DeInit        stm32f4xx_dma.o
    0x080013d4   0x080013d4   0x00000016   Code   RO         1463    i.DMA_DoubleBufferModeCmd  stm32f4xx_dma.o
    0x080013ea   0x080013ea   0x00000018   Code   RO         1464    i.DMA_DoubleBufferModeConfig  stm32f4xx_dma.o
    0x08001402   0x08001402   0x00000008   Code   RO         1467    i.DMA_GetCurrDataCounter  stm32f4xx_dma.o
    0x0800140a   0x0800140a   0x00000014   Code   RO         1468    i.DMA_GetCurrentMemoryTarget  stm32f4xx_dma.o
    0x0800141e   0x0800141e   0x00000002   PAD
    0x08001420   0x08001420   0x00000058   Code   RO         1473    i.DMA_Init          stm32f4xx_dma.o
    0x08001478   0x08001478   0x00000004   Code   RO         1476    i.DMA_SetCurrDataCounter  stm32f4xx_dma.o
    0x0800147c   0x0800147c   0x00000002   Code   RO            4    i.DebugMon_Handler  stm32f4xx_it.o
    0x0800147e   0x0800147e   0x00000090   Code   RO         2064    i.GPIO_Init         stm32f4xx_gpio.o
    0x0800150e   0x0800150e   0x00000046   Code   RO         2065    i.GPIO_PinAFConfig  stm32f4xx_gpio.o
    0x08001554   0x08001554   0x00000004   Code   RO         2072    i.GPIO_SetBits      stm32f4xx_gpio.o
    0x08001558   0x08001558   0x00000004   Code   RO            5    i.HardFault_Handler  stm32f4xx_it.o
    0x0800155c   0x0800155c   0x00000054   Code   RO         5319    i.IIC_Ack           iic.o
    0x080015b0   0x080015b0   0x0000007c   Code   RO         5320    i.IIC_Init          iic.o
    0x0800162c   0x0800162c   0x00000054   Code   RO         5321    i.IIC_NAck          iic.o
    0x08001680   0x08001680   0x0000006c   Code   RO         5322    i.IIC_Read_Byte     iic.o
    0x080016ec   0x080016ec   0x00000068   Code   RO         5323    i.IIC_Send_Byte     iic.o
    0x08001754   0x08001754   0x0000004c   Code   RO         5324    i.IIC_Start         iic.o
    0x080017a0   0x080017a0   0x0000004c   Code   RO         5325    i.IIC_Stop          iic.o
    0x080017ec   0x080017ec   0x00000060   Code   RO         5326    i.IIC_Wait_Ack      iic.o
    0x0800184c   0x0800184c   0x00000040   Code   RO         5234    i.LED_Init          led.o
    0x0800188c   0x0800188c   0x0000007a   Code   RO         6918    i.MPU_Init          mpu6050.o
    0x08001906   0x08001906   0x0000003a   Code   RO         6919    i.MPU_Read_Byte     mpu6050.o
    0x08001940   0x08001940   0x00000010   Code   RO         6921    i.MPU_Set_Accel_Fsr  mpu6050.o
    0x08001950   0x08001950   0x00000010   Code   RO         6922    i.MPU_Set_Gyro_Fsr  mpu6050.o
    0x08001960   0x08001960   0x0000003a   Code   RO         6923    i.MPU_Set_LPF       mpu6050.o
    0x0800199a   0x0800199a   0x0000003a   Code   RO         6924    i.MPU_Set_Rate      mpu6050.o
    0x080019d4   0x080019d4   0x00000044   Code   RO         6925    i.MPU_Write_Byte    mpu6050.o
    0x08001a18   0x08001a18   0x00000004   Code   RO            6    i.MemManage_Handler  stm32f4xx_it.o
    0x08001a1c   0x08001a1c   0x00000002   Code   RO            7    i.NMI_Handler       stm32f4xx_it.o
    0x08001a1e   0x08001a1e   0x00000002   PAD
    0x08001a20   0x08001a20   0x00000078   Code   RO          446    i.NVIC_Init         misc.o
    0x08001a98   0x08001a98   0x00000014   Code   RO          447    i.NVIC_PriorityGroupConfig  misc.o
    0x08001aac   0x08001aac   0x00000234   Code   RO         5464    i.PID_calc          pid.o
    0x08001ce0   0x08001ce0   0x00000050   Code   RO         5465    i.PID_init          pid.o
    0x08001d30   0x08001d30   0x00000020   Code   RO         2928    i.RCC_AHB1PeriphClockCmd  stm32f4xx_rcc.o
    0x08001d50   0x08001d50   0x00000020   Code   RO         2937    i.RCC_APB1PeriphClockCmd  stm32f4xx_rcc.o
    0x08001d70   0x08001d70   0x00000020   Code   RO         2939    i.RCC_APB1PeriphResetCmd  stm32f4xx_rcc.o
    0x08001d90   0x08001d90   0x00000020   Code   RO         2940    i.RCC_APB2PeriphClockCmd  stm32f4xx_rcc.o
    0x08001db0   0x08001db0   0x00000020   Code   RO         2942    i.RCC_APB2PeriphResetCmd  stm32f4xx_rcc.o
    0x08001dd0   0x08001dd0   0x000000e8   Code   RO         2949    i.RCC_GetClocksFreq  stm32f4xx_rcc.o
    0x08001eb8   0x08001eb8   0x00000154   Code   RO         5257    i.RC_Init           rc.o
    0x0800200c   0x0800200c   0x000000fc   Code   RO         6817    i.SBUS_TO_RC        remote_control.o
    0x08002108   0x08002108   0x000000ec   Code   RO          163    i.SetSysClock       system_stm32f4xx.o
    0x080021f4   0x080021f4   0x00000028   Code   RO          450    i.SysTick_CLKSourceConfig  misc.o
    0x0800221c   0x0800221c   0x00000010   Code   RO         6612    i.SysTick_Handler   delay.o
    0x0800222c   0x0800222c   0x00000068   Code   RO          165    i.SystemInit        system_stm32f4xx.o
    0x08002294   0x08002294   0x00000058   Code   RO         5387    i.TIM3_IRQHandler   timer.o
    0x080022ec   0x080022ec   0x0000005c   Code   RO         5388    i.TIM3_Int_Init     timer.o
    0x08002348   0x08002348   0x00000006   Code   RO         4270    i.TIM_ClearITPendingBit  stm32f4xx_tim.o
    0x0800234e   0x0800234e   0x00000018   Code   RO         4275    i.TIM_Cmd           stm32f4xx_tim.o
    0x08002366   0x08002366   0x00000022   Code   RO         4296    i.TIM_GetITStatus   stm32f4xx_tim.o
    0x08002388   0x08002388   0x00000012   Code   RO         4300    i.TIM_ITConfig      stm32f4xx_tim.o
    0x0800239a   0x0800239a   0x00000002   PAD
    0x0800239c   0x0800239c   0x00000084   Code   RO         4347    i.TIM_TimeBaseInit  stm32f4xx_tim.o
    0x08002420   0x08002420   0x00000058   Code   RO         6676    i.USART1_IRQHandler  usart.o
    0x08002478   0x08002478   0x000000f8   Code   RO         6818    i.USART3_IRQHandler  remote_control.o
    0x08002570   0x08002570   0x00000012   Code   RO         4821    i.USART_ClearFlag   stm32f4xx_usart.o
    0x08002582   0x08002582   0x0000001e   Code   RO         4822    i.USART_ClearITPendingBit  stm32f4xx_usart.o
    0x080025a0   0x080025a0   0x00000018   Code   RO         4825    i.USART_Cmd         stm32f4xx_usart.o
    0x080025b8   0x080025b8   0x00000012   Code   RO         4826    i.USART_DMACmd      stm32f4xx_usart.o
    0x080025ca   0x080025ca   0x00000002   PAD
    0x080025cc   0x080025cc   0x000000f0   Code   RO         4827    i.USART_DeInit      stm32f4xx_usart.o
    0x080026bc   0x080026bc   0x00000054   Code   RO         4829    i.USART_GetITStatus  stm32f4xx_usart.o
    0x08002710   0x08002710   0x0000004a   Code   RO         4831    i.USART_ITConfig    stm32f4xx_usart.o
    0x0800275a   0x0800275a   0x00000002   PAD
    0x0800275c   0x0800275c   0x000000d4   Code   RO         4832    i.USART_Init        stm32f4xx_usart.o
    0x08002830   0x08002830   0x0000000a   Code   RO         4839    i.USART_ReceiveData  stm32f4xx_usart.o
    0x0800283a   0x0800283a   0x00000004   Code   RO            8    i.UsageFault_Handler  stm32f4xx_it.o
    0x0800283e   0x0800283e   0x00000002   PAD
    0x08002840   0x08002840   0x00000020   Code   RO         7798    i.__0printf$8       mc_w.l(printf8.o)
    0x08002860   0x08002860   0x0000000e   Code   RO         7990    i.__scatterload_copy  mc_w.l(handlers.o)
    0x0800286e   0x0800286e   0x00000002   Code   RO         7991    i.__scatterload_null  mc_w.l(handlers.o)
    0x08002870   0x08002870   0x0000000e   Code   RO         7992    i.__scatterload_zeroinit  mc_w.l(handlers.o)
    0x0800287e   0x0800287e   0x00000002   PAD
    0x08002880   0x08002880   0x00000404   Code   RO         7805    i._printf_core      mc_w.l(printf8.o)
    0x08002c84   0x08002c84   0x00000024   Code   RO         7806    i._printf_post_padding  mc_w.l(printf8.o)
    0x08002ca8   0x08002ca8   0x0000002e   Code   RO         7807    i._printf_pre_padding  mc_w.l(printf8.o)
    0x08002cd6   0x08002cd6   0x00000002   PAD
    0x08002cd8   0x08002cd8   0x00000044   Code   RO         6613    i.delay_init        delay.o
    0x08002d1c   0x08002d1c   0x00000040   Code   RO         6614    i.delay_ms          delay.o
    0x08002d5c   0x08002d5c   0x00000048   Code   RO         6615    i.delay_us          delay.o
    0x08002da4   0x08002da4   0x00000012   Code   RO         7949    i.fputc             mc_w.l(fputc.o)
    0x08002db6   0x08002db6   0x00000002   PAD
    0x08002db8   0x08002db8   0x00000110   Code   RO          200    i.main              main.o
    0x08002ec8   0x08002ec8   0x00000064   Code   RO         6712    i.moter_send_3508   canrecive.o
    0x08002f2c   0x08002f2c   0x00000064   Code   RO         6713    i.motor_send_6020   canrecive.o
    0x08002f90   0x08002f90   0x00000094   Code   RO         6777    i.motor_speed_compute  motortask.o
    0x08003024   0x08003024   0x00000098   Code   RO         5964    i.prvAddCurrentTaskToDelayedList  tasks.o
    0x080030bc   0x080030bc   0x000000b8   Code   RO         5965    i.prvAddNewTaskToReadyList  tasks.o
    0x08003174   0x08003174   0x00000064   Code   RO         6332    i.prvCheckForValidListAndQueue  timers.o
    0x080031d8   0x080031d8   0x00000064   Code   RO         5966    i.prvCheckTasksWaitingTermination  tasks.o
    0x0800323c   0x0800323c   0x0000002a   Code   RO         5720    i.prvCopyDataFromQueue  queue.o
    0x08003266   0x08003266   0x0000007c   Code   RO         5721    i.prvCopyDataToQueue  queue.o
    0x080032e2   0x080032e2   0x00000012   Code   RO         5967    i.prvDeleteTCB      tasks.o
    0x080032f4   0x080032f4   0x00000028   Code   RO         6333    i.prvGetNextExpireTime  timers.o
    0x0800331c   0x0800331c   0x0000007c   Code   RO         6470    i.prvHeapInit       heap_4.o
    0x08003398   0x08003398   0x00000028   Code   RO         5968    i.prvIdleTask       tasks.o
    0x080033c0   0x080033c0   0x0000002e   Code   RO         5723    i.prvInitialiseNewQueue  queue.o
    0x080033ee   0x080033ee   0x00000002   PAD
    0x080033f0   0x080033f0   0x000000d0   Code   RO         5969    i.prvInitialiseNewTask  tasks.o
    0x080034c0   0x080034c0   0x00000068   Code   RO         5970    i.prvInitialiseTaskLists  tasks.o
    0x08003528   0x08003528   0x00000068   Code   RO         6471    i.prvInsertBlockIntoFreeList  heap_4.o
    0x08003590   0x08003590   0x00000058   Code   RO         6335    i.prvInsertTimerInActiveList  timers.o
    0x080035e8   0x080035e8   0x0000001a   Code   RO         5724    i.prvIsQueueEmpty   queue.o
    0x08003602   0x08003602   0x0000001e   Code   RO         5725    i.prvIsQueueFull    queue.o
    0x08003620   0x08003620   0x000000a0   Code   RO         5726    i.prvNotifyQueueSetContainer  queue.o
    0x080036c0   0x080036c0   0x00000080   Code   RO         6336    i.prvProcessExpiredTimer  timers.o
    0x08003740   0x08003740   0x0000012c   Code   RO         6337    i.prvProcessReceivedCommands  timers.o
    0x0800386c   0x0800386c   0x00000074   Code   RO         6338    i.prvProcessTimerOrBlockTask  timers.o
    0x080038e0   0x080038e0   0x00000034   Code   RO         5972    i.prvResetNextTaskUnblockTime  tasks.o
    0x08003914   0x08003914   0x0000002c   Code   RO         6339    i.prvSampleTimeNow  timers.o
    0x08003940   0x08003940   0x000000bc   Code   RO         6340    i.prvSwitchTimerLists  timers.o
    0x080039fc   0x080039fc   0x00000074   Code   RO         6528    i.prvTaskExitError  port.o
    0x08003a70   0x08003a70   0x0000001a   Code   RO         6341    i.prvTimerTask      timers.o
    0x08003a8a   0x08003a8a   0x00000092   Code   RO         5727    i.prvUnlockQueue    queue.o
    0x08003b1c   0x08003b1c   0x00000154   Code   RO         6472    i.pvPortMalloc      heap_4.o
    0x08003c70   0x08003c70   0x00000020   Code   RO         5976    i.pvTaskIncrementMutexHeldCount  tasks.o
    0x08003c90   0x08003c90   0x0000002c   Code   RO         6529    i.pxPortInitialiseStack  port.o
    0x08003cbc   0x08003cbc   0x00000014   Code   RO         6819    i.remote_control_init  remote_control.o
    0x08003cd0   0x08003cd0   0x00000044   Code   RO          201    i.start_task        main.o
    0x08003d14   0x08003d14   0x000000d4   Code   RO         6779    i.task1_task        motortask.o
    0x08003de8   0x08003de8   0x000000ac   Code   RO         6677    i.uart_init         usart.o
    0x08003e94   0x08003e94   0x00000028   Code   RO         5675    i.uxListRemove      list.o
    0x08003ebc   0x08003ebc   0x0000001a   Code   RO         5676    i.vListInitialise   list.o
    0x08003ed6   0x08003ed6   0x00000006   Code   RO         5677    i.vListInitialiseItem  list.o
    0x08003edc   0x08003edc   0x00000034   Code   RO         5678    i.vListInsert       list.o
    0x08003f10   0x08003f10   0x00000018   Code   RO         5679    i.vListInsertEnd    list.o
    0x08003f28   0x08003f28   0x00000088   Code   RO         6531    i.vPortEnterCritical  port.o
    0x08003fb0   0x08003fb0   0x00000070   Code   RO         6532    i.vPortExitCritical  port.o
    0x08004020   0x08004020   0x000000b8   Code   RO         6473    i.vPortFree         heap_4.o
    0x080040d8   0x080040d8   0x00000020   Code   RO         6533    i.vPortSetupTimerInterrupt  port.o
    0x080040f8   0x080040f8   0x000000a0   Code   RO         6534    i.vPortValidateInterruptPriority  port.o
    0x08004198   0x08004198   0x0000002c   Code   RO         5733    i.vQueueAddToRegistry  queue.o
    0x080041c4   0x080041c4   0x0000004a   Code   RO         5737    i.vQueueWaitForMessageRestricted  queue.o
    0x0800420e   0x0800420e   0x00000002   PAD
    0x08004210   0x08004210   0x00000074   Code   RO         5984    i.vTaskDelay        tasks.o
    0x08004284   0x08004284   0x0000010c   Code   RO         5986    i.vTaskDelete       tasks.o
    0x08004390   0x08004390   0x0000000c   Code   RO         5990    i.vTaskMissedYield  tasks.o
    0x0800439c   0x0800439c   0x00000054   Code   RO         5992    i.vTaskPlaceOnEventList  tasks.o
    0x080043f0   0x080043f0   0x0000005c   Code   RO         5993    i.vTaskPlaceOnEventListRestricted  tasks.o
    0x0800444c   0x0800444c   0x000000b0   Code   RO         5995    i.vTaskPriorityInherit  tasks.o
    0x080044fc   0x080044fc   0x0000004c   Code   RO         5999    i.vTaskSetTimeOutState  tasks.o
    0x08004548   0x08004548   0x000000ac   Code   RO         6000    i.vTaskStartScheduler  tasks.o
    0x080045f4   0x080045f4   0x00000010   Code   RO         6002    i.vTaskSuspendAll   tasks.o
    0x08004604   0x08004604   0x000000a8   Code   RO         6003    i.vTaskSwitchContext  tasks.o
    0x080046ac   0x080046ac   0x0000015c   Code   RO         6535    i.xPortStartScheduler  port.o
    0x08004808   0x08004808   0x00000034   Code   RO         6536    i.xPortSysTickHandler  port.o
    0x0800483c   0x0800483c   0x00000074   Code   RO         5742    i.xQueueGenericCreate  queue.o
    0x080048b0   0x080048b0   0x000001c8   Code   RO         5743    i.xQueueGenericReceive  queue.o
    0x08004a78   0x08004a78   0x000000b0   Code   RO         5744    i.xQueueGenericReset  queue.o
    0x08004b28   0x08004b28   0x000001c4   Code   RO         5745    i.xQueueGenericSend  queue.o
    0x08004cec   0x08004cec   0x00000110   Code   RO         5746    i.xQueueGenericSendFromISR  queue.o
    0x08004dfc   0x08004dfc   0x000000a0   Code   RO         6004    i.xTaskCheckForTimeOut  tasks.o
    0x08004e9c   0x08004e9c   0x00000060   Code   RO         6005    i.xTaskCreate       tasks.o
    0x08004efc   0x08004efc   0x00000020   Code   RO         6009    i.xTaskGetSchedulerState  tasks.o
    0x08004f1c   0x08004f1c   0x0000000c   Code   RO         6010    i.xTaskGetTickCount  tasks.o
    0x08004f28   0x08004f28   0x00000160   Code   RO         6012    i.xTaskIncrementTick  tasks.o
    0x08005088   0x08005088   0x000000d8   Code   RO         6015    i.xTaskPriorityDisinherit  tasks.o
    0x08005160   0x08005160   0x000000b4   Code   RO         6016    i.xTaskRemoveFromEventList  tasks.o
    0x08005214   0x08005214   0x00000120   Code   RO         6018    i.xTaskResumeAll    tasks.o
    0x08005334   0x08005334   0x00000074   Code   RO         6345    i.xTimerCreateTimerTask  timers.o
    0x080053a8   0x080053a8   0x000000a4   Code   RO         6346    i.xTimerGenericCommand  timers.o
    0x0800544c   0x0800544c   0x00000020   Data   RO         7988    Region$$Table       anon$$obj.o


    Execution Region RW_IRAM1 (Exec base: 0x20000000, Load base: 0x0800546c, Size: 0x00005c90, Max: 0x00020000, ABSOLUTE)

    Exec Addr    Load Addr    Size         Type   Attr      Idx    E Section Name        Object

    0x20000000   0x0800546c   0x00000014   Data   RW          166    .data               system_stm32f4xx.o
    0x20000014   0x08005480   0x00000010   Data   RW          203    .data               main.o
    0x20000024   0x08005490   0x00000010   Data   RW         2981    .data               stm32f4xx_rcc.o
    0x20000034   0x080054a0   0x00000008   Data   RW         5390    .data               timer.o
    0x2000003c   0x080054a8   0x0000003c   Data   RW         6021    .data               tasks.o
    0x20000078   0x080054e4   0x00000014   Data   RW         6354    .data               timers.o
    0x2000008c   0x080054f8   0x00000018   Data   RW         6478    .data               heap_4.o
    0x200000a4   0x08005510   0x0000000c   Data   RW         6537    .data               port.o
    0x200000b0   0x0800551c   0x00000004   Data   RW         6617    .data               delay.o
    0x200000b4   0x08005520   0x0000000c   Data   RW         6679    .data               usart.o
    0x200000c0   0x0800552c   0x00000002   Data   RW         6821    .data               remote_control.o
    0x200000c2   0x0800552e   0x00000002   PAD
    0x200000c4   0x08005530   0x00000024   Data   RW         6885    .data               interaction.o
    0x200000e8   0x08005554   0x00000004   Data   RW         7951    .data               mc_w.l(stdout.o)
    0x200000ec        -       0x000002dc   Zero   RW          202    .bss                main.o
    0x200003c8        -       0x00000040   Zero   RW         5757    .bss                queue.o
    0x20000408        -       0x000002e4   Zero   RW         6020    .bss                tasks.o
    0x200006ec        -       0x00000028   Zero   RW         6353    .bss                timers.o
    0x20000714        -       0x00005000   Zero   RW         6477    .bss                heap_4.o
    0x20005714        -       0x0000005c   Zero   RW         6678    .bss                usart.o
    0x20005770        -       0x000000a4   Zero   RW         6714    .bss                canrecive.o
    0x20005814        -       0x0000007c   Zero   RW         6820    .bss                remote_control.o
    0x20005890        -       0x00000400   Zero   RW          437    STACK               startup_stm32f40_41xxx.o


==============================================================================

Image component sizes


      Code (inc. data)   RO Data    RW Data    ZI Data      Debug   Object Name

       512         16          0          0          0       2082   can.o
      1752         56          0          0        164     239001   canrecive.o
       220         18          0          4          0       2477   delay.o
         0          0          0          0          0      11752   event_groups.o
       752        176          0         24      20480       3923   heap_4.o
       752        126          0          0          0       4402   iic.o
         0          0          0         36          0        667   interaction.o
        64          8          0          0          0        515   led.o
       148          0          0          0          0       3174   list.o
       340         62          0         16        732      11918   main.o
       180         24          0          0          0     239405   misc.o
       360         32          0          0          0       1031   motortask.o
       396          0          0          0          0       4200   mpu6050.o
       644         10          0          0          0       1934   pid.o
      1182        396          0         12          0      10765   port.o
      2164        238          0          0         64      15673   queue.o
       340         18          0          0          0      11198   rc.o
       520         38          0          2        124       3172   remote_control.o
        36          8        392          0       1024        824   startup_stm32f40_41xxx.o
      1092          6          0          0          0       4356   stm32f4xx_can.o
       584         40          0          0          0       6628   stm32f4xx_dma.o
       218          0          0          0          0       2278   stm32f4xx_gpio.o
        20          0          0          0          0      67645   stm32f4xx_it.o
       392         48          0         16          0       5721   stm32f4xx_rcc.o
       214         28          0          0          0       3606   stm32f4xx_tim.o
       710         42          0          0          0       6676   stm32f4xx_usart.o
       340         32          0         20          0       1705   system_stm32f4xx.o
      3406        878          0         60        740      29243   tasks.o
       180         26          0          8          0       3047   timer.o
      1310        312          0         20         40       8727   timers.o
       260         28          0         12         92       1903   usart.o

    ----------------------------------------------------------------------
     19108       2666        424        232      23460     709648   Object Totals
         0          0         32          0          0          0   (incl. Generated)
        20          0          0          2          0          0   (incl. Padding)

    ----------------------------------------------------------------------

      Code (inc. data)   RO Data    RW Data    ZI Data      Debug   Library Member Name

         0          0          0          0          0          0   entry.o
         0          0          0          0          0          0   entry10a.o
         0          0          0          0          0          0   entry11a.o
         4          0          0          0          0          0   entry12b.o
         8          4          0          0          0          0   entry2.o
         4          0          0          0          0          0   entry5.o
         0          0          0          0          0          0   entry7b.o
         0          0          0          0          0          0   entry8b.o
         8          4          0          0          0          0   entry9a.o
        18          0          0          0          0         80   fputc.o
        30          0          0          0          0          0   handlers.o
        36          8          0          0          0         68   init.o
         0          0          0          0          0          0   iusefp.o
         0          0          0          0          0          0   iusesemip.o
        30          0          0          0          0         68   llshl.o
        36          0          0          0          0         68   llsshr.o
        32          0          0          0          0         68   llushr.o
        36          0          0          0          0         68   memcpya.o
        36          0          0          0          0        108   memseta.o
      1142         54          0          0          0        352   printf8.o
         0          0          0          0          0          0   semi.o
         0          0          0          4          0          0   stdout.o
        98          0          0          0          0         92   uldiv.o
       334          0          0          0          0        148   dadd.o
       186          0          0          0          0        176   depilogue.o
        34          0          0          0          0         76   dflti.o

    ----------------------------------------------------------------------
      2080         70          0          4          0       1372   Library Totals
         8          0          0          0          0          0   (incl. Padding)

    ----------------------------------------------------------------------

      Code (inc. data)   RO Data    RW Data    ZI Data      Debug   Library Name

      1518         70          0          4          0        972   mc_w.l
       554          0          0          0          0        400   mf_w.l

    ----------------------------------------------------------------------
      2080         70          0          4          0       1372   Library Totals

    ----------------------------------------------------------------------

==============================================================================


      Code (inc. data)   RO Data    RW Data    ZI Data      Debug   

     21188       2736        424        236      23460     695448   Grand Totals
     21188       2736        424        236      23460     695448   ELF Image Totals
     21188       2736        424        236          0          0   ROM Totals

==============================================================================

    Total RO  Size (Code + RO Data)                21612 (  21.11kB)
    Total RW  Size (RW Data + ZI Data)             23696 (  23.14kB)
    Total ROM Size (Code + RO Data + RW Data)      21848 (  21.34kB)

==============================================================================

