<html>
<body>
<pre>
<h1>礦ision Build Log</h1>
<h2>Tool Versions:</h2>
IDE-Version: μVision V5.36.0.0
Copyright (C) 2021 ARM Ltd and ARM Germany GmbH. All rights reserved.
License Information: asdasd CMLY, asd, LIC=03C6R-K4CCJ-X7HRZ-J2EA1-0FQ8Q-PFI0R
 
Tool Versions:
Toolchain:       MDK-ARM Plus  Version: 5.36.0.0
Toolchain Path:  D:\KEIL\ARM\KEILV5\ARM\ARMCC\Bin
C Compiler:      Armcc.exe V5.06 update 7 (build 960)
Assembler:       Armasm.exe V5.06 update 7 (build 960)
Linker/Locator:  ArmLink.exe V5.06 update 7 (build 960)
Library Manager: ArmAr.exe V5.06 update 7 (build 960)
Hex Converter:   FromElf.exe V5.06 update 7 (build 960)
CPU DLL:         SARMCM3.DLL V5.36.0.0
Dialog DLL:      DCM.DLL V1.17.3.0
Target DLL:      STLink\ST-LINKIII-KEIL_SWO.dll V3.0.9.0
Dialog DLL:      TCM.DLL V1.53.0.0
 
<h2>Project:</h2>
D:\ALL_project\32project_F4\路径规划尝试\user\chassis.uvprojx
Project File Date:  05/28/2023

<h2>Output:</h2>
*** Using Compiler 'V5.06 update 7 (build 960)', folder: 'D:\KEIL\ARM\KEILV5\ARM\ARMCC\Bin'
Rebuild target 'Target 1'
assembling startup_stm32f40_41xxx.s...
compiling stm32f4xx_cryp_tdes.c...
compiling system_stm32f4xx.c...
compiling misc.c...
compiling stm32f4xx_it.c...
compiling stm32f4xx_dac.c...
compiling stm32f4xx_cryp_des.c...
compiling stm32f4xx_cryp.c...
compiling stm32f4xx_can.c...
compiling stm32f4xx_crc.c...
compiling stm32f4xx_adc.c...
compiling stm32f4xx_cryp_aes.c...
compiling main.c...
main.c(22): warning:  #177-D: variable "MPUTask_Handler"  was declared but never referenced
  static TaskHandle_t MPUTask_Handler;	//句柄
main.c: 1 warning, 0 errors
compiling stm32f4xx_dbgmcu.c...
compiling stm32f4xx_exti.c...
compiling stm32f4xx_flash.c...
compiling stm32f4xx_gpio.c...
compiling stm32f4xx_dma.c...
compiling stm32f4xx_dma2d.c...
compiling stm32f4xx_dcmi.c...
compiling stm32f4xx_hash_md5.c...
compiling stm32f4xx_hash_sha1.c...
compiling stm32f4xx_flash_ramfunc.c...
compiling stm32f4xx_hash.c...
compiling stm32f4xx_i2c.c...
compiling stm32f4xx_rng.c...
compiling stm32f4xx_iwdg.c...
compiling stm32f4xx_ltdc.c...
compiling stm32f4xx_sdio.c...
compiling stm32f4xx_spi.c...
compiling stm32f4xx_sai.c...
compiling stm32f4xx_rcc.c...
compiling stm32f4xx_pwr.c...
compiling stm32f4xx_syscfg.c...
compiling stm32f4xx_usart.c...
compiling stm32f4xx_rtc.c...
compiling stm32f4xx_tim.c...
compiling stm32f4xx_wwdg.c...
compiling stm32f4xx_fsmc.c...
compiling IIC.c...
compiling can.c...
compiling led.c...
compiling pid.c...
compiling croutine.c...
compiling RC.c...
compiling event_groups.c...
compiling angle_compute.c...
compiling timer.c...
compiling list.c...
compiling sys.c...
compiling port.c...
compiling delay.c...
compiling heap_4.c...
compiling timers.c...
compiling queue.c...
compiling canrecive.c...
compiling MPU_task.c...
..\Tasks\MPU_task.c(43): warning:  #1035-D: single-precision operand implicitly converted to double-precision
  		current_yaw = yaw*PI/180.0f;//用于计算yaw变化速率
..\Tasks\MPU_task.c: 1 warning, 0 errors
compiling remote_control.c...
compiling usart.c...
compiling tasks.c...
compiling motortask.c...
compiling arm_mat_add_f32.c...
compiling arm_mat_add_q15.c...
compiling arm_mat_cmplx_mult_q15.c...
compiling arm_mat_init_f32.c...
compiling arm_mat_cmplx_mult_f32.c...
compiling arm_mat_add_q31.c...
compiling arm_mat_cmplx_mult_q31.c...
compiling arm_mat_init_q15.c...
compiling arm_mat_init_q31.c...
compiling arm_mat_inverse_f32.c...
compiling arm_mat_inverse_f64.c...
compiling mpu6050.c...
compiling arm_mat_mult_f32.c...
compiling arm_mat_mult_fast_q31.c...
compiling arm_mat_mult_fast_q15.c...
compiling interaction.c...
..\Tasks\interaction.c(27): warning:  #1035-D: single-precision operand implicitly converted to double-precision
  	n = ((float)RPM*PI*wheel_radius*2.0f)/1200.0f;
..\Tasks\interaction.c(35): warning:  #1035-D: single-precision operand implicitly converted to double-precision
  	RPM = n * 1200.0f/(2.0f*PI*wheel_radius);
..\Tasks\interaction.c: 2 warnings, 0 errors
compiling inv_mpu_dmp_motion_driver.c...
compiling ros_control.c...
compiling arm_mat_mult_q31.c...
compiling arm_mat_scale_f32.c...
compiling inv_mpu.c...
compiling arm_mat_mult_q15.c...
compiling arm_mat_sub_f32.c...
compiling arm_mat_scale_q15.c...
compiling arm_mat_scale_q31.c...
compiling arm_mat_sub_q15.c...
compiling arm_mat_trans_f32.c...
compiling arm_mat_trans_q31.c...
compiling arm_mat_sub_q31.c...
compiling arm_mat_trans_q15.c...
linking...
Program Size: Code=27248 RO-data=712 RW-data=312 ZI-data=23648  
".\Objects\chassis.axf" - 0 Error(s), 4 Warning(s).

<h2>Software Packages used:</h2>

Package Vendor: Keil
                http://www.keil.com/pack/Keil.STM32F4xx_DFP.2.10.0.pack
                Keil.STM32F4xx_DFP.2.10.0
                STMicroelectronics STM32F4 Series Device Support, Drivers and Examples

<h2>Collection of Component include folders:</h2>
  D:\KEIL\ARM\PACK\Keil\STM32F4xx_DFP\2.10.0\Drivers\CMSIS\Device\ST\STM32F4xx\Include

<h2>Collection of Component Files used:</h2>
Build Time Elapsed:  00:00:11
</pre>
</body>
</html>
