Component: ARM Compiler 5.06 update 7 (build 960) Tool: armlink [4d3601]

==============================================================================

Section Cross References

    startup_stm32f40_41xxx.o(RESET) refers to startup_stm32f40_41xxx.o(STACK) for __initial_sp
    startup_stm32f40_41xxx.o(RESET) refers to startup_stm32f40_41xxx.o(.text) for Reset_Handler
    startup_stm32f40_41xxx.o(RESET) refers to stm32f4xx_it.o(i.NMI_Handler) for NMI_Handler
    startup_stm32f40_41xxx.o(RESET) refers to stm32f4xx_it.o(i.HardFault_Handler) for HardFault_Handler
    startup_stm32f40_41xxx.o(RESET) refers to stm32f4xx_it.o(i.MemManage_Handler) for MemManage_Handler
    startup_stm32f40_41xxx.o(RESET) refers to stm32f4xx_it.o(i.BusFault_Handler) for BusFault_Handler
    startup_stm32f40_41xxx.o(RESET) refers to stm32f4xx_it.o(i.UsageFault_Handler) for UsageFault_Handler
    startup_stm32f40_41xxx.o(RESET) refers to port.o(.emb_text) for SVC_Handler
    startup_stm32f40_41xxx.o(RESET) refers to stm32f4xx_it.o(i.DebugMon_Handler) for DebugMon_Handler
    startup_stm32f40_41xxx.o(RESET) refers to delay.o(i.SysTick_Handler) for SysTick_Handler
    startup_stm32f40_41xxx.o(RESET) refers to timer.o(i.TIM3_IRQHandler) for TIM3_IRQHandler
    startup_stm32f40_41xxx.o(RESET) refers to usart.o(i.USART1_IRQHandler) for USART1_IRQHandler
    startup_stm32f40_41xxx.o(.text) refers to system_stm32f4xx.o(i.SystemInit) for SystemInit
    startup_stm32f40_41xxx.o(.text) refers to entry.o(.ARM.Collect$$$$00000000) for __main
    system_stm32f4xx.o(i.SystemCoreClockUpdate) refers to system_stm32f4xx.o(.data) for SystemCoreClock
    system_stm32f4xx.o(i.SystemInit) refers to system_stm32f4xx.o(i.SetSysClock) for SetSysClock
    stm32f4xx_adc.o(i.ADC_DeInit) refers to stm32f4xx_rcc.o(i.RCC_APB2PeriphResetCmd) for RCC_APB2PeriphResetCmd
    stm32f4xx_can.o(i.CAN_DeInit) refers to stm32f4xx_rcc.o(i.RCC_APB1PeriphResetCmd) for RCC_APB1PeriphResetCmd
    stm32f4xx_can.o(i.CAN_GetITStatus) refers to stm32f4xx_can.o(i.CheckITStatus) for CheckITStatus
    stm32f4xx_cryp.o(i.CRYP_DeInit) refers to stm32f4xx_rcc.o(i.RCC_AHB2PeriphResetCmd) for RCC_AHB2PeriphResetCmd
    stm32f4xx_cryp_aes.o(i.CRYP_AES_CBC) refers to stm32f4xx_cryp.o(i.CRYP_KeyStructInit) for CRYP_KeyStructInit
    stm32f4xx_cryp_aes.o(i.CRYP_AES_CBC) refers to stm32f4xx_cryp.o(i.CRYP_FIFOFlush) for CRYP_FIFOFlush
    stm32f4xx_cryp_aes.o(i.CRYP_AES_CBC) refers to stm32f4xx_cryp.o(i.CRYP_Init) for CRYP_Init
    stm32f4xx_cryp_aes.o(i.CRYP_AES_CBC) refers to stm32f4xx_cryp.o(i.CRYP_KeyInit) for CRYP_KeyInit
    stm32f4xx_cryp_aes.o(i.CRYP_AES_CBC) refers to stm32f4xx_cryp.o(i.CRYP_Cmd) for CRYP_Cmd
    stm32f4xx_cryp_aes.o(i.CRYP_AES_CBC) refers to stm32f4xx_cryp.o(i.CRYP_GetFlagStatus) for CRYP_GetFlagStatus
    stm32f4xx_cryp_aes.o(i.CRYP_AES_CBC) refers to stm32f4xx_cryp.o(i.CRYP_IVInit) for CRYP_IVInit
    stm32f4xx_cryp_aes.o(i.CRYP_AES_CBC) refers to stm32f4xx_cryp.o(i.CRYP_GetCmdStatus) for CRYP_GetCmdStatus
    stm32f4xx_cryp_aes.o(i.CRYP_AES_CBC) refers to stm32f4xx_cryp.o(i.CRYP_DataIn) for CRYP_DataIn
    stm32f4xx_cryp_aes.o(i.CRYP_AES_CBC) refers to stm32f4xx_cryp.o(i.CRYP_DataOut) for CRYP_DataOut
    stm32f4xx_cryp_aes.o(i.CRYP_AES_CCM) refers to stm32f4xx_cryp.o(i.CRYP_KeyStructInit) for CRYP_KeyStructInit
    stm32f4xx_cryp_aes.o(i.CRYP_AES_CCM) refers to stm32f4xx_cryp.o(i.CRYP_FIFOFlush) for CRYP_FIFOFlush
    stm32f4xx_cryp_aes.o(i.CRYP_AES_CCM) refers to stm32f4xx_cryp.o(i.CRYP_KeyInit) for CRYP_KeyInit
    stm32f4xx_cryp_aes.o(i.CRYP_AES_CCM) refers to stm32f4xx_cryp.o(i.CRYP_IVInit) for CRYP_IVInit
    stm32f4xx_cryp_aes.o(i.CRYP_AES_CCM) refers to stm32f4xx_cryp.o(i.CRYP_Init) for CRYP_Init
    stm32f4xx_cryp_aes.o(i.CRYP_AES_CCM) refers to stm32f4xx_cryp.o(i.CRYP_PhaseConfig) for CRYP_PhaseConfig
    stm32f4xx_cryp_aes.o(i.CRYP_AES_CCM) refers to stm32f4xx_cryp.o(i.CRYP_DataIn) for CRYP_DataIn
    stm32f4xx_cryp_aes.o(i.CRYP_AES_CCM) refers to stm32f4xx_cryp.o(i.CRYP_Cmd) for CRYP_Cmd
    stm32f4xx_cryp_aes.o(i.CRYP_AES_CCM) refers to stm32f4xx_cryp.o(i.CRYP_GetCmdStatus) for CRYP_GetCmdStatus
    stm32f4xx_cryp_aes.o(i.CRYP_AES_CCM) refers to stm32f4xx_cryp.o(i.CRYP_GetFlagStatus) for CRYP_GetFlagStatus
    stm32f4xx_cryp_aes.o(i.CRYP_AES_CCM) refers to stm32f4xx_cryp.o(i.CRYP_DataOut) for CRYP_DataOut
    stm32f4xx_cryp_aes.o(i.CRYP_AES_CTR) refers to stm32f4xx_cryp.o(i.CRYP_KeyStructInit) for CRYP_KeyStructInit
    stm32f4xx_cryp_aes.o(i.CRYP_AES_CTR) refers to stm32f4xx_cryp.o(i.CRYP_KeyInit) for CRYP_KeyInit
    stm32f4xx_cryp_aes.o(i.CRYP_AES_CTR) refers to stm32f4xx_cryp.o(i.CRYP_Init) for CRYP_Init
    stm32f4xx_cryp_aes.o(i.CRYP_AES_CTR) refers to stm32f4xx_cryp.o(i.CRYP_IVInit) for CRYP_IVInit
    stm32f4xx_cryp_aes.o(i.CRYP_AES_CTR) refers to stm32f4xx_cryp.o(i.CRYP_FIFOFlush) for CRYP_FIFOFlush
    stm32f4xx_cryp_aes.o(i.CRYP_AES_CTR) refers to stm32f4xx_cryp.o(i.CRYP_Cmd) for CRYP_Cmd
[...]
    ../clib/microlib/printf/stubs.s          0x00000000   Number         0  stubs.o ABSOLUTE
    ../clib/microlib/stdio/streams.c         0x00000000   Number         0  stdout.o ABSOLUTE
    ../clib/microlib/stdlib/rand.c           0x00000000   Number         0  rand.o ABSOLUTE
    ../clib/microlib/string/memcmp.c         0x00000000   Number         0  memcmp.o ABSOLUTE
    ../clib/microlib/string/memcpy.c         0x00000000   Number         0  memcpyb.o ABSOLUTE
    ../clib/microlib/string/memcpy.c         0x00000000   Number         0  memcpya.o ABSOLUTE
    ../clib/microlib/string/memset.c         0x00000000   Number         0  memseta.o ABSOLUTE
    ../clib/microlib/string/strcpy.c         0x00000000   Number         0  strcpy.o ABSOLUTE
    ../clib/microlib/string/strlen.c         0x00000000   Number         0  strlen.o ABSOLUTE
    ../clib/microlib/stubs.s                 0x00000000   Number         0  iusefp.o ABSOLUTE
    ../fplib/microlib/d2f.c                  0x00000000   Number         0  d2f.o ABSOLUTE
    ../fplib/microlib/f2d.c                  0x00000000   Number         0  f2d.o ABSOLUTE
    ../fplib/microlib/fpadd.c                0x00000000   Number         0  dadd.o ABSOLUTE
    ../fplib/microlib/fpdiv.c                0x00000000   Number         0  ddiv.o ABSOLUTE
    ../fplib/microlib/fpepilogue.c           0x00000000   Number         0  fepilogue.o ABSOLUTE
    ../fplib/microlib/fpepilogue.c           0x00000000   Number         0  depilogue.o ABSOLUTE
    ../fplib/microlib/fpfix.c                0x00000000   Number         0  dfixul.o ABSOLUTE
    ../fplib/microlib/fpfix.c                0x00000000   Number         0  dfixi.o ABSOLUTE
    ../fplib/microlib/fpflt.c                0x00000000   Number         0  dfltui.o ABSOLUTE
    ../fplib/microlib/fpflt.c                0x00000000   Number         0  dflti.o ABSOLUTE
    ../fplib/microlib/fpmul.c                0x00000000   Number         0  dmul.o ABSOLUTE
    ../fplib/microlib/fpneg.c                0x00000000   Number         0  dneg.o ABSOLUTE
    ../fplib/microlib/fpsqrt.c               0x00000000   Number         0  dsqrt.o ABSOLUTE
    ../mathlib/asin.c                        0x00000000   Number         0  asin_x.o ABSOLUTE
    ../mathlib/asin.c                        0x00000000   Number         0  asin.o ABSOLUTE
    ../mathlib/atan.c                        0x00000000   Number         0  atan.o ABSOLUTE
    ../mathlib/atan.c                        0x00000000   Number         0  atan_x.o ABSOLUTE
    ../mathlib/atan2.c                       0x00000000   Number         0  atan2_x.o ABSOLUTE
    ../mathlib/atan2.c                       0x00000000   Number         0  atan2.o ABSOLUTE
    ../mathlib/cos.c                         0x00000000   Number         0  cos_x.o ABSOLUTE
    ../mathlib/cos.c                         0x00000000   Number         0  cos.o ABSOLUTE
    ../mathlib/cos_i.c                       0x00000000   Number         0  cos_i.o ABSOLUTE
    ../mathlib/dunder.c                      0x00000000   Number         0  dunder.o ABSOLUTE
    ../mathlib/fabs.c                        0x00000000   Number         0  fabs.o ABSOLUTE
    ../mathlib/fpclassify.c                  0x00000000   Number         0  fpclassify.o ABSOLUTE
    ../mathlib/poly.c                        0x00000000   Number         0  poly.o ABSOLUTE
    ../mathlib/qnan.c                        0x00000000   Number         0  qnan.o ABSOLUTE
    ../mathlib/rred.c                        0x00000000   Number         0  rred.o ABSOLUTE
    ../mathlib/sin_i.c                       0x00000000   Number         0  sin_i_x.o ABSOLUTE
    ../mathlib/sin_i.c                       0x00000000   Number         0  sin_i.o ABSOLUTE
    ../mathlib/sqrt.c                        0x00000000   Number         0  sqrt_x.o ABSOLUTE
    ../mathlib/sqrt.c                        0x00000000   Number         0  sqrt.o ABSOLUTE
    ..\Driver\CMSIS\DSP\Source\MatrixFunctions\arm_mat_add_f32.c 0x00000000   Number         0  arm_mat_add_f32.o ABSOLUTE
    ..\Driver\CMSIS\DSP\Source\MatrixFunctions\arm_mat_add_q15.c 0x00000000   Number         0  arm_mat_add_q15.o ABSOLUTE
    ..\Driver\CMSIS\DSP\Source\MatrixFunctions\arm_mat_add_q31.c 0x00000000   Number         0  arm_mat_add_q31.o ABSOLUTE
    ..\Driver\CMSIS\DSP\Source\MatrixFunctions\arm_mat_cmplx_mult_f32.c 0x00000000   Number         0  arm_mat_cmplx_mult_f32.o ABSOLUTE
    ..\Driver\CMSIS\DSP\Source\MatrixFunctions\arm_mat_cmplx_mult_q15.c 0x00000000   Number         0  arm_mat_cmplx_mult_q15.o ABSOLUTE
    ..\Driver\CMSIS\DSP\Source\MatrixFunctions\arm_mat_cmplx_mult_q31.c 0x00000000   Number         0  arm_mat_cmplx_mult_q31.o ABSOLUTE
    ..\Driver\CMSIS\DSP\Source\MatrixFunctions\arm_mat_init_f32.c 0x00000000   Number         0  arm_mat_init_f32.o ABSOLUTE
    ..\Driver\CMSIS\DSP\Source\MatrixFunctions\arm_mat_init_q15.c 0x00000000   Number         0  arm_mat_init_q15.o ABSOLUTE
    ..\Driver\CMSIS\DSP\Source\MatrixFunctions\arm_mat_init_q31.c 0x00000000   Number         0  arm_mat_init_q31.o ABSOLUTE
    ..\Driver\CMSIS\DSP\Source\MatrixFunctions\arm_mat_inverse_f32.c 0x00000000   Number         0  arm_mat_inverse_f32.o ABSOLUTE
    ..\Driver\CMSIS\DSP\Source\MatrixFunctions\arm_mat_inverse_f64.c 0x00000000   Number         0  arm_mat_inverse_f64.o ABSOLUTE
    ..\Driver\CMSIS\DSP\Source\MatrixFunctions\arm_mat_mult_f32.c 0x00000000   Number         0  arm_mat_mult_f32.o ABSOLUTE
    ..\Driver\CMSIS\DSP\Source\MatrixFunctions\arm_mat_mult_fast_q15.c 0x00000000   Number         0  arm_mat_mult_fast_q15.o ABSOLUTE
    ..\Driver\CMSIS\DSP\Source\MatrixFunctions\arm_mat_mult_fast_q31.c 0x00000000   Number         0  arm_mat_mult_fast_q31.o ABSOLUTE
    ..\Driver\CMSIS\DSP\Source\MatrixFunctions\arm_mat_mult_q15.c 0x00000000   Number         0  arm_mat_mult_q15.o ABSOLUTE
    ..\Driver\CMSIS\DSP\Source\MatrixFunctions\arm_mat_mult_q31.c 0x00000000   Number         0  arm_mat_mult_q31.o ABSOLUTE
    ..\Driver\CMSIS\DSP\Source\MatrixFunctions\arm_mat_scale_f32.c 0x00000000   Number         0  arm_mat_scale_f32.o ABSOLUTE
    ..\Driver\CMSIS\DSP\Source\MatrixFunctions\arm_mat_scale_q15.c 0x00000000   Number         0  arm_mat_scale_q15.o ABSOLUTE
    ..\Driver\CMSIS\DSP\Source\MatrixFunctions\arm_mat_scale_q31.c 0x00000000   Number         0  arm_mat_scale_q31.o ABSOLUTE
    ..\Driver\CMSIS\DSP\Source\MatrixFunctions\arm_mat_sub_f32.c 0x00000000   Number         0  arm_mat_sub_f32.o ABSOLUTE
    ..\Driver\CMSIS\DSP\Source\MatrixFunctions\arm_mat_sub_q15.c 0x00000000   Number         0  arm_mat_sub_q15.o ABSOLUTE
    ..\Driver\CMSIS\DSP\Source\MatrixFunctions\arm_mat_sub_q31.c 0x00000000   Number         0  arm_mat_sub_q31.o ABSOLUTE
    ..\Driver\CMSIS\DSP\Source\MatrixFunctions\arm_mat_trans_f32.c 0x00000000   Number         0  arm_mat_trans_f32.o ABSOLUTE
    ..\Driver\CMSIS\DSP\Source\MatrixFunctions\arm_mat_trans_q15.c 0x00000000   Number         0  arm_mat_trans_q15.o ABSOLUTE
    ..\Driver\CMSIS\DSP\Source\MatrixFunctions\arm_mat_trans_q31.c 0x00000000   Number         0  arm_mat_trans_q31.o ABSOLUTE
    ..\Driver\CORE\startup_stm32f40_41xxx.s  0x00000000   Number         0  startup_stm32f40_41xxx.o ABSOLUTE
    ..\Driver\FWLIB\src\misc.c               0x00000000   Number         0  misc.o ABSOLUTE
    ..\Driver\FWLIB\src\stm32f4xx_adc.c      0x00000000   Number         0  stm32f4xx_adc.o ABSOLUTE
    ..\Driver\FWLIB\src\stm32f4xx_can.c      0x00000000   Number         0  stm32f4xx_can.o ABSOLUTE
    ..\Driver\FWLIB\src\stm32f4xx_crc.c      0x00000000   Number         0  stm32f4xx_crc.o ABSOLUTE
    ..\Driver\FWLIB\src\stm32f4xx_cryp.c     0x00000000   Number         0  stm32f4xx_cryp.o ABSOLUTE
    ..\Driver\FWLIB\src\stm32f4xx_cryp_aes.c 0x00000000   Number         0  stm32f4xx_cryp_aes.o ABSOLUTE
    ..\Driver\FWLIB\src\stm32f4xx_cryp_des.c 0x00000000   Number         0  stm32f4xx_cryp_des.o ABSOLUTE
    ..\Driver\FWLIB\src\stm32f4xx_cryp_tdes.c 0x00000000   Number         0  stm32f4xx_cryp_tdes.o ABSOLUTE
    ..\Driver\FWLIB\src\stm32f4xx_dac.c      0x00000000   Number         0  stm32f4xx_dac.o ABSOLUTE
    ..\Driver\FWLIB\src\stm32f4xx_dbgmcu.c   0x00000000   Number         0  stm32f4xx_dbgmcu.o ABSOLUTE
    ..\Driver\FWLIB\src\stm32f4xx_dcmi.c     0x00000000   Number         0  stm32f4xx_dcmi.o ABSOLUTE
    ..\Driver\FWLIB\src\stm32f4xx_dma.c      0x00000000   Number         0  stm32f4xx_dma.o ABSOLUTE
    ..\Driver\FWLIB\src\stm32f4xx_dma2d.c    0x00000000   Number         0  stm32f4xx_dma2d.o ABSOLUTE
    ..\Driver\FWLIB\src\stm32f4xx_exti.c     0x00000000   Number         0  stm32f4xx_exti.o ABSOLUTE
    ..\Driver\FWLIB\src\stm32f4xx_flash.c    0x00000000   Number         0  stm32f4xx_flash.o ABSOLUTE
    ..\Driver\FWLIB\src\stm32f4xx_flash_ramfunc.c 0x00000000   Number         0  stm32f4xx_flash_ramfunc.o ABSOLUTE
    ..\Driver\FWLIB\src\stm32f4xx_fsmc.c     0x00000000   Number         0  stm32f4xx_fsmc.o ABSOLUTE
    ..\Driver\FWLIB\src\stm32f4xx_gpio.c     0x00000000   Number         0  stm32f4xx_gpio.o ABSOLUTE
    ..\Driver\FWLIB\src\stm32f4xx_hash.c     0x00000000   Number         0  stm32f4xx_hash.o ABSOLUTE
    ..\Driver\FWLIB\src\stm32f4xx_hash_md5.c 0x00000000   Number         0  stm32f4xx_hash_md5.o ABSOLUTE
    ..\Driver\FWLIB\src\stm32f4xx_hash_sha1.c 0x00000000   Number         0  stm32f4xx_hash_sha1.o ABSOLUTE
    ..\Driver\FWLIB\src\stm32f4xx_i2c.c      0x00000000   Number         0  stm32f4xx_i2c.o ABSOLUTE
    ..\Driver\FWLIB\src\stm32f4xx_iwdg.c     0x00000000   Number         0  stm32f4xx_iwdg.o ABSOLUTE
    ..\Driver\FWLIB\src\stm32f4xx_ltdc.c     0x00000000   Number         0  stm32f4xx_ltdc.o ABSOLUTE
    ..\Driver\FWLIB\src\stm32f4xx_pwr.c      0x00000000   Number         0  stm32f4xx_pwr.o ABSOLUTE
    ..\Driver\FWLIB\src\stm32f4xx_rcc.c      0x00000000   Number         0  stm32f4xx_rcc.o ABSOLUTE
    ..\Driver\FWLIB\src\stm32f4xx_rng.c      0x00000000   Number         0  stm32f4xx_rng.o ABSOLUTE
    ..\Driver\FWLIB\src\stm32f4xx_rtc.c      0x00000000   Number         0  stm32f4xx_rtc.o ABSOLUTE
    ..\Driver\FWLIB\src\stm32f4xx_sai.c      0x00000000   Number         0  stm32f4xx_sai.o ABSOLUTE
    ..\Driver\FWLIB\src\stm32f4xx_sdio.c     0x00000000   Number         0  stm32f4xx_sdio.o ABSOLUTE
    ..\Driver\FWLIB\src\stm32f4xx_spi.c      0x00000000   Number         0  stm32f4xx_spi.o ABSOLUTE
    ..\Driver\FWLIB\src\stm32f4xx_syscfg.c   0x00000000   Number         0  stm32f4xx_syscfg.o ABSOLUTE
    ..\Driver\FWLIB\src\stm32f4xx_tim.c      0x00000000   Number         0  stm32f4xx_tim.o ABSOLUTE
    ..\Driver\FWLIB\src\stm32f4xx_usart.c    0x00000000   Number         0  stm32f4xx_usart.o ABSOLUTE
    ..\Driver\FWLIB\src\stm32f4xx_wwdg.c     0x00000000   Number         0  stm32f4xx_wwdg.o ABSOLUTE
    ..\FreeRTOS\croutine.c                   0x00000000   Number         0  croutine.o ABSOLUTE
    ..\FreeRTOS\event_groups.c               0x00000000   Number         0  event_groups.o ABSOLUTE
    ..\FreeRTOS\list.c                       0x00000000   Number         0  list.o ABSOLUTE
    ..\FreeRTOS\portable\MemMang\heap_4.c    0x00000000   Number         0  heap_4.o ABSOLUTE
    ..\FreeRTOS\portable\RVDS\ARM_CM4F\port.c 0x00000000   Number         0  port.o ABSOLUTE
    ..\FreeRTOS\queue.c                      0x00000000   Number         0  queue.o ABSOLUTE
    ..\FreeRTOS\tasks.c                      0x00000000   Number         0  tasks.o ABSOLUTE
    ..\FreeRTOS\timers.c                     0x00000000   Number         0  timers.o ABSOLUTE
    ..\HARDWARE\IIC.c                        0x00000000   Number         0  iic.o ABSOLUTE
    ..\HARDWARE\gpio.c                       0x00000000   Number         0  gpio.o ABSOLUTE
    ..\HARDWARE\timer.c                      0x00000000   Number         0  timer.o ABSOLUTE
    ..\HARDWARE\usart.c                      0x00000000   Number         0  usart.o ABSOLUTE
    ..\USER\MPU\eMPL\inv_mpu.c               0x00000000   Number         0  inv_mpu.o ABSOLUTE
    ..\USER\MPU\eMPL\inv_mpu_dmp_motion_driver.c 0x00000000   Number         0  inv_mpu_dmp_motion_driver.o ABSOLUTE
    ..\USER\MPU\mpu6050.c                    0x00000000   Number         0  mpu6050.o ABSOLUTE
    ..\USER\SYSTEM\delay.c                   0x00000000   Number         0  delay.o ABSOLUTE
    ..\USER\SYSTEM\sys.c                     0x00000000   Number         0  sys.o ABSOLUTE
    ..\USER\algorithm\KalmanFilter.c         0x00000000   Number         0  kalmanfilter.o ABSOLUTE
    ..\USER\algorithm\kalman.c               0x00000000   Number         0  kalman.o ABSOLUTE
    ..\USER\algorithm\kalman_filter.c        0x00000000   Number         0  kalman_filter.o ABSOLUTE
    ..\\Driver\\CMSIS\\DSP\\Source\\MatrixFunctions\\arm_mat_add_f32.c 0x00000000   Number         0  arm_mat_add_f32.o ABSOLUTE
    ..\\Driver\\CMSIS\\DSP\\Source\\MatrixFunctions\\arm_mat_add_q15.c 0x00000000   Number         0  arm_mat_add_q15.o ABSOLUTE
    ..\\Driver\\CMSIS\\DSP\\Source\\MatrixFunctions\\arm_mat_add_q31.c 0x00000000   Number         0  arm_mat_add_q31.o ABSOLUTE
    ..\\Driver\\CMSIS\\DSP\\Source\\MatrixFunctions\\arm_mat_cmplx_mult_f32.c 0x00000000   Number         0  arm_mat_cmplx_mult_f32.o ABSOLUTE
    ..\\Driver\\CMSIS\\DSP\\Source\\MatrixFunctions\\arm_mat_cmplx_mult_q15.c 0x00000000   Number         0  arm_mat_cmplx_mult_q15.o ABSOLUTE
    ..\\Driver\\CMSIS\\DSP\\Source\\MatrixFunctions\\arm_mat_cmplx_mult_q31.c 0x00000000   Number         0  arm_mat_cmplx_mult_q31.o ABSOLUTE
    ..\\Driver\\CMSIS\\DSP\\Source\\MatrixFunctions\\arm_mat_init_f32.c 0x00000000   Number         0  arm_mat_init_f32.o ABSOLUTE
    ..\\Driver\\CMSIS\\DSP\\Source\\MatrixFunctions\\arm_mat_init_q15.c 0x00000000   Number         0  arm_mat_init_q15.o ABSOLUTE
    ..\\Driver\\CMSIS\\DSP\\Source\\MatrixFunctions\\arm_mat_init_q31.c 0x00000000   Number         0  arm_mat_init_q31.o ABSOLUTE
    ..\\Driver\\CMSIS\\DSP\\Source\\MatrixFunctions\\arm_mat_inverse_f32.c 0x00000000   Number         0  arm_mat_inverse_f32.o ABSOLUTE
    ..\\Driver\\CMSIS\\DSP\\Source\\MatrixFunctions\\arm_mat_inverse_f64.c 0x00000000   Number         0  arm_mat_inverse_f64.o ABSOLUTE
    ..\\Driver\\CMSIS\\DSP\\Source\\MatrixFunctions\\arm_mat_mult_f32.c 0x00000000   Number         0  arm_mat_mult_f32.o ABSOLUTE
    ..\\Driver\\CMSIS\\DSP\\Source\\MatrixFunctions\\arm_mat_mult_fast_q15.c 0x00000000   Number         0  arm_mat_mult_fast_q15.o ABSOLUTE
    ..\\Driver\\CMSIS\\DSP\\Source\\MatrixFunctions\\arm_mat_mult_fast_q31.c 0x00000000   Number         0  arm_mat_mult_fast_q31.o ABSOLUTE
    ..\\Driver\\CMSIS\\DSP\\Source\\MatrixFunctions\\arm_mat_mult_q15.c 0x00000000   Number         0  arm_mat_mult_q15.o ABSOLUTE
    ..\\Driver\\CMSIS\\DSP\\Source\\MatrixFunctions\\arm_mat_mult_q31.c 0x00000000   Number         0  arm_mat_mult_q31.o ABSOLUTE
    ..\\Driver\\CMSIS\\DSP\\Source\\MatrixFunctions\\arm_mat_scale_f32.c 0x00000000   Number         0  arm_mat_scale_f32.o ABSOLUTE
    ..\\Driver\\CMSIS\\DSP\\Source\\MatrixFunctions\\arm_mat_scale_q15.c 0x00000000   Number         0  arm_mat_scale_q15.o ABSOLUTE
    ..\\Driver\\CMSIS\\DSP\\Source\\MatrixFunctions\\arm_mat_scale_q31.c 0x00000000   Number         0  arm_mat_scale_q31.o ABSOLUTE
    ..\\Driver\\CMSIS\\DSP\\Source\\MatrixFunctions\\arm_mat_sub_f32.c 0x00000000   Number         0  arm_mat_sub_f32.o ABSOLUTE
    ..\\Driver\\CMSIS\\DSP\\Source\\MatrixFunctions\\arm_mat_sub_q15.c 0x00000000   Number         0  arm_mat_sub_q15.o ABSOLUTE
    ..\\Driver\\CMSIS\\DSP\\Source\\MatrixFunctions\\arm_mat_sub_q31.c 0x00000000   Number         0  arm_mat_sub_q31.o ABSOLUTE
    ..\\Driver\\CMSIS\\DSP\\Source\\MatrixFunctions\\arm_mat_trans_f32.c 0x00000000   Number         0  arm_mat_trans_f32.o ABSOLUTE
    ..\\Driver\\CMSIS\\DSP\\Source\\MatrixFunctions\\arm_mat_trans_q15.c 0x00000000   Number         0  arm_mat_trans_q15.o ABSOLUTE
    ..\\Driver\\CMSIS\\DSP\\Source\\MatrixFunctions\\arm_mat_trans_q31.c 0x00000000   Number         0  arm_mat_trans_q31.o ABSOLUTE
    ..\\Driver\\FWLIB\\src\\misc.c           0x00000000   Number         0  misc.o ABSOLUTE
    ..\\Driver\\FWLIB\\src\\stm32f4xx_adc.c  0x00000000   Number         0  stm32f4xx_adc.o ABSOLUTE
    ..\\Driver\\FWLIB\\src\\stm32f4xx_can.c  0x00000000   Number         0  stm32f4xx_can.o ABSOLUTE
    ..\\Driver\\FWLIB\\src\\stm32f4xx_crc.c  0x00000000   Number         0  stm32f4xx_crc.o ABSOLUTE
    ..\\Driver\\FWLIB\\src\\stm32f4xx_cryp.c 0x00000000   Number         0  stm32f4xx_cryp.o ABSOLUTE
    ..\\Driver\\FWLIB\\src\\stm32f4xx_cryp_aes.c 0x00000000   Number         0  stm32f4xx_cryp_aes.o ABSOLUTE
    ..\\Driver\\FWLIB\\src\\stm32f4xx_cryp_des.c 0x00000000   Number         0  stm32f4xx_cryp_des.o ABSOLUTE
    ..\\Driver\\FWLIB\\src\\stm32f4xx_cryp_tdes.c 0x00000000   Number         0  stm32f4xx_cryp_tdes.o ABSOLUTE
    ..\\Driver\\FWLIB\\src\\stm32f4xx_dac.c  0x00000000   Number         0  stm32f4xx_dac.o ABSOLUTE
    ..\\Driver\\FWLIB\\src\\stm32f4xx_dbgmcu.c 0x00000000   Number         0  stm32f4xx_dbgmcu.o ABSOLUTE
    ..\\Driver\\FWLIB\\src\\stm32f4xx_dcmi.c 0x00000000   Number         0  stm32f4xx_dcmi.o ABSOLUTE
    ..\\Driver\\FWLIB\\src\\stm32f4xx_dma.c  0x00000000   Number         0  stm32f4xx_dma.o ABSOLUTE
    ..\\Driver\\FWLIB\\src\\stm32f4xx_dma2d.c 0x00000000   Number         0  stm32f4xx_dma2d.o ABSOLUTE
    ..\\Driver\\FWLIB\\src\\stm32f4xx_exti.c 0x00000000   Number         0  stm32f4xx_exti.o ABSOLUTE
    ..\\Driver\\FWLIB\\src\\stm32f4xx_flash.c 0x00000000   Number         0  stm32f4xx_flash.o ABSOLUTE
    ..\\Driver\\FWLIB\\src\\stm32f4xx_flash_ramfunc.c 0x00000000   Number         0  stm32f4xx_flash_ramfunc.o ABSOLUTE
    ..\\Driver\\FWLIB\\src\\stm32f4xx_fsmc.c 0x00000000   Number         0  stm32f4xx_fsmc.o ABSOLUTE
    ..\\Driver\\FWLIB\\src\\stm32f4xx_gpio.c 0x00000000   Number         0  stm32f4xx_gpio.o ABSOLUTE
    ..\\Driver\\FWLIB\\src\\stm32f4xx_hash.c 0x00000000   Number         0  stm32f4xx_hash.o ABSOLUTE
    ..\\Driver\\FWLIB\\src\\stm32f4xx_hash_md5.c 0x00000000   Number         0  stm32f4xx_hash_md5.o ABSOLUTE
    ..\\Driver\\FWLIB\\src\\stm32f4xx_hash_sha1.c 0x00000000   Number         0  stm32f4xx_hash_sha1.o ABSOLUTE
    ..\\Driver\\FWLIB\\src\\stm32f4xx_i2c.c  0x00000000   Number         0  stm32f4xx_i2c.o ABSOLUTE
    ..\\Driver\\FWLIB\\src\\stm32f4xx_iwdg.c 0x00000000   Number         0  stm32f4xx_iwdg.o ABSOLUTE
    ..\\Driver\\FWLIB\\src\\stm32f4xx_ltdc.c 0x00000000   Number         0  stm32f4xx_ltdc.o ABSOLUTE
    ..\\Driver\\FWLIB\\src\\stm32f4xx_pwr.c  0x00000000   Number         0  stm32f4xx_pwr.o ABSOLUTE
    ..\\Driver\\FWLIB\\src\\stm32f4xx_rcc.c  0x00000000   Number         0  stm32f4xx_rcc.o ABSOLUTE
    ..\\Driver\\FWLIB\\src\\stm32f4xx_rng.c  0x00000000   Number         0  stm32f4xx_rng.o ABSOLUTE
    ..\\Driver\\FWLIB\\src\\stm32f4xx_rtc.c  0x00000000   Number         0  stm32f4xx_rtc.o ABSOLUTE
    ..\\Driver\\FWLIB\\src\\stm32f4xx_sai.c  0x00000000   Number         0  stm32f4xx_sai.o ABSOLUTE
    ..\\Driver\\FWLIB\\src\\stm32f4xx_sdio.c 0x00000000   Number         0  stm32f4xx_sdio.o ABSOLUTE
    ..\\Driver\\FWLIB\\src\\stm32f4xx_spi.c  0x00000000   Number         0  stm32f4xx_spi.o ABSOLUTE
    ..\\Driver\\FWLIB\\src\\stm32f4xx_syscfg.c 0x00000000   Number         0  stm32f4xx_syscfg.o ABSOLUTE
    ..\\Driver\\FWLIB\\src\\stm32f4xx_tim.c  0x00000000   Number         0  stm32f4xx_tim.o ABSOLUTE
    ..\\Driver\\FWLIB\\src\\stm32f4xx_usart.c 0x00000000   Number         0  stm32f4xx_usart.o ABSOLUTE
    ..\\Driver\\FWLIB\\src\\stm32f4xx_wwdg.c 0x00000000   Number         0  stm32f4xx_wwdg.o ABSOLUTE
    ..\\FreeRTOS\\croutine.c                 0x00000000   Number         0  croutine.o ABSOLUTE
    ..\\FreeRTOS\\event_groups.c             0x00000000   Number         0  event_groups.o ABSOLUTE
    ..\\FreeRTOS\\list.c                     0x00000000   Number         0  list.o ABSOLUTE
    ..\\FreeRTOS\\portable\\MemMang\\heap_4.c 0x00000000   Number         0  heap_4.o ABSOLUTE
    ..\\FreeRTOS\\portable\\RVDS\\ARM_CM4F\\port.c 0x00000000   Number         0  port.o ABSOLUTE
    ..\\FreeRTOS\\queue.c                    0x00000000   Number         0  queue.o ABSOLUTE
    ..\\FreeRTOS\\tasks.c                    0x00000000   Number         0  tasks.o ABSOLUTE
    ..\\FreeRTOS\\timers.c                   0x00000000   Number         0  timers.o ABSOLUTE
    ..\\HARDWARE\\IIC.c                      0x00000000   Number         0  iic.o ABSOLUTE
    ..\\HARDWARE\\gpio.c                     0x00000000   Number         0  gpio.o ABSOLUTE
    ..\\HARDWARE\\timer.c                    0x00000000   Number         0  timer.o ABSOLUTE
    ..\\HARDWARE\\usart.c                    0x00000000   Number         0  usart.o ABSOLUTE
    ..\\USER\\MPU\\eMPL\\inv_mpu.c           0x00000000   Number         0  inv_mpu.o ABSOLUTE
    ..\\USER\\MPU\\eMPL\\inv_mpu_dmp_motion_driver.c 0x00000000   Number         0  inv_mpu_dmp_motion_driver.o ABSOLUTE
    ..\\USER\\MPU\\mpu6050.c                 0x00000000   Number         0  mpu6050.o ABSOLUTE
    ..\\USER\\SYSTEM\\delay.c                0x00000000   Number         0  delay.o ABSOLUTE
    ..\\USER\\SYSTEM\\sys.c                  0x00000000   Number         0  sys.o ABSOLUTE
    ..\\USER\\algorithm\\KalmanFilter.c      0x00000000   Number         0  kalmanfilter.o ABSOLUTE
    ..\\USER\\algorithm\\kalman_filter.c     0x00000000   Number         0  kalman_filter.o ABSOLUTE
    cdcmple.s                                0x00000000   Number         0  cdcmple.o ABSOLUTE
    cdrcmple.s                               0x00000000   Number         0  cdrcmple.o ABSOLUTE
    dc.s                                     0x00000000   Number         0  dc.o ABSOLUTE
    handlers.s                               0x00000000   Number         0  handlers.o ABSOLUTE
    init.s                                   0x00000000   Number         0  init.o ABSOLUTE
    main.c                                   0x00000000   Number         0  main.o ABSOLUTE
    main.c                                   0x00000000   Number         0  main.o ABSOLUTE
    stm32f4xx_it.c                           0x00000000   Number         0  stm32f4xx_it.o ABSOLUTE
    stm32f4xx_it.c                           0x00000000   Number         0  stm32f4xx_it.o ABSOLUTE
    system_stm32f4xx.c                       0x00000000   Number         0  system_stm32f4xx.o ABSOLUTE
    system_stm32f4xx.c                       0x00000000   Number         0  system_stm32f4xx.o ABSOLUTE
    RESET                                    0x08000000   Section      392  startup_stm32f40_41xxx.o(RESET)
    .ARM.Collect$$$$00000000                 0x08000188   Section        0  entry.o(.ARM.Collect$$$$00000000)
    .ARM.Collect$$$$00000001                 0x08000188   Section        4  entry2.o(.ARM.Collect$$$$00000001)
    .ARM.Collect$$$$00000004                 0x0800018c   Section        4  entry5.o(.ARM.Collect$$$$00000004)
    .ARM.Collect$$$$00000008                 0x08000190   Section        0  entry7b.o(.ARM.Collect$$$$00000008)
    .ARM.Collect$$$$0000000A                 0x08000190   Section        0  entry8b.o(.ARM.Collect$$$$0000000A)
    .ARM.Collect$$$$0000000B                 0x08000190   Section        8  entry9a.o(.ARM.Collect$$$$0000000B)
    .ARM.Collect$$$$0000000E                 0x08000198   Section        4  entry12b.o(.ARM.Collect$$$$0000000E)
    .ARM.Collect$$$$0000000F                 0x0800019c   Section        0  entry10a.o(.ARM.Collect$$$$0000000F)
    .ARM.Collect$$$$00000011                 0x0800019c   Section        0  entry11a.o(.ARM.Collect$$$$00000011)
    .ARM.Collect$$$$00002712                 0x0800019c   Section        4  entry2.o(.ARM.Collect$$$$00002712)
    __lit__00000000                          0x0800019c   Data           4  entry2.o(.ARM.Collect$$$$00002712)
    .emb_text                                0x080001a0   Section      182  port.o(.emb_text)
    $v0                                      0x080001a0   Number         0  port.o(.emb_text)
    .text                                    0x08000258   Section       36  startup_stm32f40_41xxx.o(.text)
    $v0                                      0x08000258   Number         0  startup_stm32f40_41xxx.o(.text)
    .text                                    0x0800027c   Section        0  rand.o(.text)
    .text                                    0x080002a0   Section        0  dadd.o(.text)
    .text                                    0x080003ee   Section        0  dmul.o(.text)
    .text                                    0x080004d2   Section        0  ddiv.o(.text)
    .text                                    0x080005b0   Section        0  dflti.o(.text)
    .text                                    0x080005d2   Section        0  dfixi.o(.text)
    .text                                    0x08000610   Section        0  f2d.o(.text)
    .text                                    0x08000638   Section       48  cdrcmple.o(.text)
    .text                                    0x08000668   Section        0  d2f.o(.text)
    .text                                    0x080006a0   Section        0  uidiv.o(.text)
    .text                                    0x080006cc   Section        0  uldiv.o(.text)
    .text                                    0x0800072e   Section        0  llshl.o(.text)
    .text                                    0x0800074c   Section        0  llushr.o(.text)
    .text                                    0x0800076c   Section        0  llsshr.o(.text)
    .text                                    0x08000790   Section        0  iusefp.o(.text)
    .text                                    0x08000790   Section        0  fepilogue.o(.text)
    .text                                    0x080007fe   Section        0  depilogue.o(.text)
    .text                                    0x080008b8   Section        0  dfixul.o(.text)
    .text                                    0x080008e8   Section       36  init.o(.text)
    .text                                    0x0800090c   Section        0  dfltui.o(.text)
    i.BusFault_Handler                       0x08000926   Section        0  stm32f4xx_it.o(i.BusFault_Handler)
    i.DebugMon_Handler                       0x0800092a   Section        0  stm32f4xx_it.o(i.DebugMon_Handler)
    i.GPIO_Init                              0x0800092c   Section        0  stm32f4xx_gpio.o(i.GPIO_Init)
    i.GPIO_PinAFConfig                       0x080009bc   Section        0  stm32f4xx_gpio.o(i.GPIO_PinAFConfig)
    i.GPIO_SetBits                           0x08000a02   Section        0  stm32f4xx_gpio.o(i.GPIO_SetBits)
    i.HardFault_Handler                      0x08000a06   Section        0  stm32f4xx_it.o(i.HardFault_Handler)
    i.IIC_Ack                                0x08000a0c   Section        0  iic.o(i.IIC_Ack)
    i.IIC_Init                               0x08000a60   Section        0  iic.o(i.IIC_Init)
    i.IIC_NAck                               0x08000adc   Section        0  iic.o(i.IIC_NAck)
    i.IIC_Read_Byte                          0x08000b30   Section        0  iic.o(i.IIC_Read_Byte)
    i.IIC_Send_Byte                          0x08000b9c   Section        0  iic.o(i.IIC_Send_Byte)
    i.IIC_Start                              0x08000c04   Section        0  iic.o(i.IIC_Start)
    i.IIC_Stop                               0x08000c50   Section        0  iic.o(i.IIC_Stop)
    i.IIC_Wait_Ack                           0x08000c9c   Section        0  iic.o(i.IIC_Wait_Ack)
    i.KalmanCreate                           0x08000cfc   Section        0  kalman.o(i.KalmanCreate)
    i.MPU_Init                               0x08000d3c   Section        0  mpu6050.o(i.MPU_Init)
    i.MPU_Read_Byte                          0x08000db6   Section        0  mpu6050.o(i.MPU_Read_Byte)
    i.MPU_Set_Accel_Fsr                      0x08000df0   Section        0  mpu6050.o(i.MPU_Set_Accel_Fsr)
    i.MPU_Set_Gyro_Fsr                       0x08000e00   Section        0  mpu6050.o(i.MPU_Set_Gyro_Fsr)
    i.MPU_Set_LPF                            0x08000e10   Section        0  mpu6050.o(i.MPU_Set_LPF)
    i.MPU_Set_Rate                           0x08000e4a   Section        0  mpu6050.o(i.MPU_Set_Rate)
    i.MPU_Write_Byte                         0x08000e84   Section        0  mpu6050.o(i.MPU_Write_Byte)
    i.MemManage_Handler                      0x08000ec8   Section        0  stm32f4xx_it.o(i.MemManage_Handler)
    i.NMI_Handler                            0x08000ecc   Section        0  stm32f4xx_it.o(i.NMI_Handler)
    i.NVIC_Init                              0x08000ed0   Section        0  misc.o(i.NVIC_Init)
    i.RCC_AHB1PeriphClockCmd                 0x08000f48   Section        0  stm32f4xx_rcc.o(i.RCC_AHB1PeriphClockCmd)
    i.RCC_APB1PeriphClockCmd                 0x08000f68   Section        0  stm32f4xx_rcc.o(i.RCC_APB1PeriphClockCmd)
    i.RCC_APB2PeriphClockCmd                 0x08000f88   Section        0  stm32f4xx_rcc.o(i.RCC_APB2PeriphClockCmd)
    i.RCC_GetClocksFreq                      0x08000fa8   Section        0  stm32f4xx_rcc.o(i.RCC_GetClocksFreq)
    i.SetSysClock                            0x08001090   Section        0  system_stm32f4xx.o(i.SetSysClock)
    SetSysClock                              0x08001091   Thumb Code   220  system_stm32f4xx.o(i.SetSysClock)
    i.SysTick_CLKSourceConfig                0x0800117c   Section        0  misc.o(i.SysTick_CLKSourceConfig)
    i.SysTick_Handler                        0x080011a4   Section        0  delay.o(i.SysTick_Handler)
    i.SystemInit                             0x080011b4   Section        0  system_stm32f4xx.o(i.SystemInit)
    i.TIM3_IRQHandler                        0x0800121c   Section        0  timer.o(i.TIM3_IRQHandler)
    i.TIM3_Int_Init                          0x0800124c   Section        0  timer.o(i.TIM3_Int_Init)
    i.TIM_ClearITPendingBit                  0x080012a8   Section        0  stm32f4xx_tim.o(i.TIM_ClearITPendingBit)
    i.TIM_Cmd                                0x080012ae   Section        0  stm32f4xx_tim.o(i.TIM_Cmd)
    i.TIM_GetITStatus                        0x080012c6   Section        0  stm32f4xx_tim.o(i.TIM_GetITStatus)
    i.TIM_ITConfig                           0x080012e8   Section        0  stm32f4xx_tim.o(i.TIM_ITConfig)
    i.TIM_TimeBaseInit                       0x080012fc   Section        0  stm32f4xx_tim.o(i.TIM_TimeBaseInit)
    i.USART1_IRQHandler                      0x08001380   Section        0  usart.o(i.USART1_IRQHandler)
    i.USART_ClearFlag                        0x080013d8   Section        0  stm32f4xx_usart.o(i.USART_ClearFlag)
    i.USART_Cmd                              0x080013ea   Section        0  stm32f4xx_usart.o(i.USART_Cmd)
    i.USART_ITConfig                         0x08001402   Section        0  stm32f4xx_usart.o(i.USART_ITConfig)
    i.USART_Init                             0x0800144c   Section        0  stm32f4xx_usart.o(i.USART_Init)
    i.USART_ReceiveData                      0x08001520   Section        0  stm32f4xx_usart.o(i.USART_ReceiveData)
    i.UsageFault_Handler                     0x0800152a   Section        0  stm32f4xx_it.o(i.UsageFault_Handler)
    i.__0printf                              0x08001530   Section        0  printfa.o(i.__0printf)
    i.__ARM_fpclassify                       0x08001550   Section        0  fpclassify.o(i.__ARM_fpclassify)
    i.__hardfp_cos                           0x08001580   Section        0  cos.o(i.__hardfp_cos)
    i.__ieee754_rem_pio2                     0x08001648   Section        0  rred.o(i.__ieee754_rem_pio2)
    i.__kernel_cos                           0x08001a80   Section        0  cos_i.o(i.__kernel_cos)
    i.__kernel_poly                          0x08001bf0   Section        0  poly.o(i.__kernel_poly)
    i.__kernel_sin                           0x08001ce8   Section        0  sin_i.o(i.__kernel_sin)
    i.__mathlib_dbl_infnan                   0x08001e18   Section        0  dunder.o(i.__mathlib_dbl_infnan)
    i.__mathlib_dbl_invalid                  0x08001e30   Section        0  dunder.o(i.__mathlib_dbl_invalid)
    i.__mathlib_dbl_underflow                0x08001e50   Section        0  dunder.o(i.__mathlib_dbl_underflow)
    i.__scatterload_copy                     0x08001e70   Section       14  handlers.o(i.__scatterload_copy)
    i.__scatterload_null                     0x08001e7e   Section        2  handlers.o(i.__scatterload_null)
    i.__scatterload_zeroinit                 0x08001e80   Section       14  handlers.o(i.__scatterload_zeroinit)
    i.__set_errno                            0x08001e90   Section        0  errno.o(i.__set_errno)
    i._fp_digits                             0x08001e9c   Section        0  printfa.o(i._fp_digits)
    _fp_digits                               0x08001e9d   Thumb Code   366  printfa.o(i._fp_digits)
    i._printf_core                           0x08002020   Section        0  printfa.o(i._printf_core)
    _printf_core                             0x08002021   Thumb Code  1704  printfa.o(i._printf_core)
    i._printf_post_padding                   0x080026d4   Section        0  printfa.o(i._printf_post_padding)
    _printf_post_padding                     0x080026d5   Thumb Code    36  printfa.o(i._printf_post_padding)
    i._printf_pre_padding                    0x080026f8   Section        0  printfa.o(i._printf_pre_padding)
    _printf_pre_padding                      0x080026f9   Thumb Code    46  printfa.o(i._printf_pre_padding)
    i.arm_mat_add_f32                        0x08002726   Section        0  arm_mat_add_f32.o(i.arm_mat_add_f32)
    i.arm_mat_init_f32                       0x080027e6   Section        0  arm_mat_init_f32.o(i.arm_mat_init_f32)
    i.arm_mat_inverse_f32                    0x080027f0   Section        0  arm_mat_inverse_f32.o(i.arm_mat_inverse_f32)
    i.arm_mat_mult_f32                       0x08002b38   Section        0  arm_mat_mult_f32.o(i.arm_mat_mult_f32)
    i.arm_mat_sub_f32                        0x08002ce8   Section        0  arm_mat_sub_f32.o(i.arm_mat_sub_f32)
    i.arm_mat_trans_f32                      0x08002dde   Section        0  arm_mat_trans_f32.o(i.arm_mat_trans_f32)
    i.delay_init                             0x08002e94   Section        0  delay.o(i.delay_init)
    i.delay_ms                               0x08002ed8   Section        0  delay.o(i.delay_ms)
    i.delay_us                               0x08002f18   Section        0  delay.o(i.delay_us)
    i.fabs                                   0x08002f60   Section        0  fabs.o(i.fabs)
    i.fputc                                  0x08002f78   Section        0  usart.o(i.fputc)
    i.gpio_Init                              0x08002f94   Section        0  gpio.o(i.gpio_Init)
    i.kalman_filter_loop                     0x08002fd0   Section        0  kalmanfilter.o(i.kalman_filter_loop)
    i.kalman_mat_init                        0x08002fe4   Section        0  kalmanfilter.o(i.kalman_mat_init)
    i.main                                   0x08003088   Section        0  main.o(i.main)
    i.mat_data_init                          0x080031c4   Section        0  kalmanfilter.o(i.mat_data_init)
    i.once_loop_predict                      0x080032a0   Section        0  kalmanfilter.o(i.once_loop_predict)
    i.once_loop_update                       0x08003338   Section        0  kalmanfilter.o(i.once_loop_update)
    i.prvAddCurrentTaskToDelayedList         0x08003520   Section        0  tasks.o(i.prvAddCurrentTaskToDelayedList)
    prvAddCurrentTaskToDelayedList           0x08003521   Thumb Code   124  tasks.o(i.prvAddCurrentTaskToDelayedList)
    i.prvResetNextTaskUnblockTime            0x080035b8   Section        0  tasks.o(i.prvResetNextTaskUnblockTime)
    prvResetNextTaskUnblockTime              0x080035b9   Thumb Code    42  tasks.o(i.prvResetNextTaskUnblockTime)
    i.uart_init                              0x080035ec   Section        0  usart.o(i.uart_init)
    i.uxListRemove                           0x08003698   Section        0  list.o(i.uxListRemove)
    i.vListInsert                            0x080036c0   Section        0  list.o(i.vListInsert)
    i.vListInsertEnd                         0x080036f4   Section        0  list.o(i.vListInsertEnd)
    i.vPortEnterCritical                     0x0800370c   Section        0  port.o(i.vPortEnterCritical)
    i.vPortExitCritical                      0x08003794   Section        0  port.o(i.vPortExitCritical)
    i.vTaskDelay                             0x08003804   Section        0  tasks.o(i.vTaskDelay)
    i.vTaskSuspendAll                        0x08003878   Section        0  tasks.o(i.vTaskSuspendAll)
    i.vTaskSwitchContext                     0x08003888   Section        0  tasks.o(i.vTaskSwitchContext)
    i.xPortSysTickHandler                    0x08003930   Section        0  port.o(i.xPortSysTickHandler)
    i.xTaskGetSchedulerState                 0x08003964   Section        0  tasks.o(i.xTaskGetSchedulerState)
    i.xTaskIncrementTick                     0x08003984   Section        0  tasks.o(i.xTaskIncrementTick)
    i.xTaskResumeAll                         0x08003ae4   Section        0  tasks.o(i.xTaskResumeAll)
    .constdata                               0x08003c08   Section       48  cos_i.o(.constdata)
    C                                        0x08003c08   Data          48  cos_i.o(.constdata)
    .constdata                               0x08003c38   Section      200  rred.o(.constdata)
    pio2s                                    0x08003c38   Data          48  rred.o(.constdata)
    twooverpi                                0x08003c68   Data         152  rred.o(.constdata)
    .constdata                               0x08003d00   Section       40  sin_i.o(.constdata)
    S                                        0x08003d00   Data          40  sin_i.o(.constdata)
    .data                                    0x20000000   Section       16  stm32f4xx_rcc.o(.data)
    APBAHBPrescTable                         0x20000000   Data          16  stm32f4xx_rcc.o(.data)
    .data                                    0x20000010   Section        4  delay.o(.data)
    fac_us                                   0x20000010   Data           1  delay.o(.data)
    fac_ms                                   0x20000012   Data           2  delay.o(.data)
    .data                                    0x20000014   Section       60  tasks.o(.data)
    pxDelayedTaskList                        0x20000018   Data           4  tasks.o(.data)
    pxOverflowDelayedTaskList                0x2000001c   Data           4  tasks.o(.data)
    uxDeletedTasksWaitingCleanUp             0x20000020   Data           4  tasks.o(.data)
    uxCurrentNumberOfTasks                   0x20000024   Data           4  tasks.o(.data)
    xTickCount                               0x20000028   Data           4  tasks.o(.data)
    uxTopReadyPriority                       0x2000002c   Data           4  tasks.o(.data)
    xSchedulerRunning                        0x20000030   Data           4  tasks.o(.data)
    uxPendedTicks                            0x20000034   Data           4  tasks.o(.data)
    xYieldPending                            0x20000038   Data           4  tasks.o(.data)
    xNumOfOverflows                          0x2000003c   Data           4  tasks.o(.data)
    uxTaskNumber                             0x20000040   Data           4  tasks.o(.data)
    xNextTaskUnblockTime                     0x20000044   Data           4  tasks.o(.data)
    xIdleTaskHandle                          0x20000048   Data           4  tasks.o(.data)
    uxSchedulerSuspended                     0x2000004c   Data           4  tasks.o(.data)
    .data                                    0x20000050   Section       12  port.o(.data)
    uxCriticalNesting                        0x20000050   Data           4  port.o(.data)
    ucMaxSysCallPriority                     0x20000054   Data           1  port.o(.data)
    ulMaxPRIGROUPValue                       0x20000058   Data           4  port.o(.data)
    .data                                    0x2000005c   Section       12  usart.o(.data)
    i                                        0x20000064   Data           4  usart.o(.data)
    .data                                    0x20000068   Section        4  rand.o(.data)
    _rand_state                              0x20000068   Data           4  rand.o(.data)
    .data                                    0x2000006c   Section        4  stdout.o(.data)
    .data                                    0x20000070   Section        4  errno.o(.data)
    _errno                                   0x20000070   Data           4  errno.o(.data)
    .bss                                     0x20000074   Section      216  kalmanfilter.o(.bss)
    .bss                                     0x2000014c   Section      740  tasks.o(.bss)
    pxReadyTasksLists                        0x2000014c   Data         640  tasks.o(.bss)
    xDelayedTaskList1                        0x200003cc   Data          20  tasks.o(.bss)
    xDelayedTaskList2                        0x200003e0   Data          20  tasks.o(.bss)
    xPendingReadyList                        0x200003f4   Data          20  tasks.o(.bss)
    xTasksWaitingTermination                 0x20000408   Data          20  tasks.o(.bss)
    xSuspendedTaskList                       0x2000041c   Data          20  tasks.o(.bss)
    .bss                                     0x20000430   Section       20  usart.o(.bss)
    STACK                                    0x20000448   Section     1024  startup_stm32f40_41xxx.o(STACK)

    Global Symbols

    Symbol Name                              Value     Ov Type        Size  Object(Section)

    BuildAttributes$$THM_ISAv4$E$P$D$K$B$S$7EM$VFPi3$EXTD16$VFPS$VFMA$PE$A:L22UL41UL21$X:L11$S22US41US21$IEEE1$IW$USESV6$~STKCKD$USESV7$~SHL$OTIME$ROPI$IEEEX$EBA8$MICROLIB$REQ8$PRES8$EABIv2 0x00000000   Number         0  anon$$obj.o ABSOLUTE
    __ARM_use_no_argv                        0x00000000   Number         0  main.o ABSOLUTE
    _printf_a                                0x00000000   Number         0  stubs.o ABSOLUTE
    _printf_c                                0x00000000   Number         0  stubs.o ABSOLUTE
    _printf_charcount                        0x00000000   Number         0  stubs.o ABSOLUTE
    _printf_d                                0x00000000   Number         0  stubs.o ABSOLUTE
    _printf_e                                0x00000000   Number         0  stubs.o ABSOLUTE
    _printf_f                                0x00000000   Number         0  stubs.o ABSOLUTE
    _printf_flags                            0x00000000   Number         0  stubs.o ABSOLUTE
    _printf_fp_dec                           0x00000000   Number         0  stubs.o ABSOLUTE
    _printf_fp_hex                           0x00000000   Number         0  stubs.o ABSOLUTE
    _printf_g                                0x00000000   Number         0  stubs.o ABSOLUTE
    _printf_i                                0x00000000   Number         0  stubs.o ABSOLUTE
    _printf_int_dec                          0x00000000   Number         0  stubs.o ABSOLUTE
    _printf_l                                0x00000000   Number         0  stubs.o ABSOLUTE
    _printf_lc                               0x00000000   Number         0  stubs.o ABSOLUTE
    _printf_ll                               0x00000000   Number         0  stubs.o ABSOLUTE
    _printf_lld                              0x00000000   Number         0  stubs.o ABSOLUTE
    _printf_lli                              0x00000000   Number         0  stubs.o ABSOLUTE
    _printf_llo                              0x00000000   Number         0  stubs.o ABSOLUTE
    _printf_llu                              0x00000000   Number         0  stubs.o ABSOLUTE
    _printf_llx                              0x00000000   Number         0  stubs.o ABSOLUTE
    _printf_longlong_dec                     0x00000000   Number         0  stubs.o ABSOLUTE
    _printf_longlong_hex                     0x00000000   Number         0  stubs.o ABSOLUTE
    _printf_longlong_oct                     0x00000000   Number         0  stubs.o ABSOLUTE
    _printf_ls                               0x00000000   Number         0  stubs.o ABSOLUTE
    _printf_mbtowc                           0x00000000   Number         0  stubs.o ABSOLUTE
    _printf_n                                0x00000000   Number         0  stubs.o ABSOLUTE
    _printf_o                                0x00000000   Number         0  stubs.o ABSOLUTE
    _printf_p                                0x00000000   Number         0  stubs.o ABSOLUTE
    _printf_percent                          0x00000000   Number         0  stubs.o ABSOLUTE
    _printf_pre_padding                      0x00000000   Number         0  stubs.o ABSOLUTE
    _printf_return_value                     0x00000000   Number         0  stubs.o ABSOLUTE
    _printf_s                                0x00000000   Number         0  stubs.o ABSOLUTE
    _printf_sizespec                         0x00000000   Number         0  stubs.o ABSOLUTE
    _printf_str                              0x00000000   Number         0  stubs.o ABSOLUTE
    _printf_truncate_signed                  0x00000000   Number         0  stubs.o ABSOLUTE
    _printf_truncate_unsigned                0x00000000   Number         0  stubs.o ABSOLUTE
    _printf_u                                0x00000000   Number         0  stubs.o ABSOLUTE
    _printf_wc                               0x00000000   Number         0  stubs.o ABSOLUTE
    _printf_wctomb                           0x00000000   Number         0  stubs.o ABSOLUTE
    _printf_widthprec                        0x00000000   Number         0  stubs.o ABSOLUTE
    _printf_x                                0x00000000   Number         0  stubs.o ABSOLUTE
    __arm_fini_                               - Undefined Weak Reference
    __cpp_initialize__aeabi_                  - Undefined Weak Reference
    __cxa_finalize                            - Undefined Weak Reference
    __decompress                              - Undefined Weak Reference
    _clock_init                               - Undefined Weak Reference
    _microlib_exit                            - Undefined Weak Reference
    __Vectors_Size                           0x00000188   Number         0  startup_stm32f40_41xxx.o ABSOLUTE
    __Vectors                                0x08000000   Data           4  startup_stm32f40_41xxx.o(RESET)
    __Vectors_End                            0x08000188   Data           0  startup_stm32f40_41xxx.o(RESET)
    __main                                   0x08000189   Thumb Code     0  entry.o(.ARM.Collect$$$$00000000)
    _main_stk                                0x08000189   Thumb Code     0  entry2.o(.ARM.Collect$$$$00000001)
    _main_scatterload                        0x0800018d   Thumb Code     0  entry5.o(.ARM.Collect$$$$00000004)
    __main_after_scatterload                 0x08000191   Thumb Code     0  entry5.o(.ARM.Collect$$$$00000004)
    _main_clock                              0x08000191   Thumb Code     0  entry7b.o(.ARM.Collect$$$$00000008)
    _main_cpp_init                           0x08000191   Thumb Code     0  entry8b.o(.ARM.Collect$$$$0000000A)
    _main_init                               0x08000191   Thumb Code     0  entry9a.o(.ARM.Collect$$$$0000000B)
    __rt_lib_shutdown_fini                   0x08000199   Thumb Code     0  entry12b.o(.ARM.Collect$$$$0000000E)
    __rt_final_cpp                           0x0800019d   Thumb Code     0  entry10a.o(.ARM.Collect$$$$0000000F)
    __rt_final_exit                          0x0800019d   Thumb Code     0  entry11a.o(.ARM.Collect$$$$00000011)
    SVC_Handler                              0x080001a1   Thumb Code    28  port.o(.emb_text)
    __asm___6_port_c_39a90d8d__prvStartFirstTask 0x080001c1   Thumb Code    28  port.o(.emb_text)
    __asm___6_port_c_39a90d8d__prvEnableVFP  0x080001e1   Thumb Code    16  port.o(.emb_text)
    PendSV_Handler                           0x080001f5   Thumb Code    88  port.o(.emb_text)
    vPortGetIPSR                             0x08000251   Thumb Code     6  port.o(.emb_text)
    Reset_Handler                            0x08000259   Thumb Code     8  startup_stm32f40_41xxx.o(.text)
    ADC_IRQHandler                           0x08000273   Thumb Code     0  startup_stm32f40_41xxx.o(.text)
    CAN1_RX0_IRQHandler                      0x08000273   Thumb Code     0  startup_stm32f40_41xxx.o(.text)
    CAN1_RX1_IRQHandler                      0x08000273   Thumb Code     0  startup_stm32f40_41xxx.o(.text)
    CAN1_SCE_IRQHandler                      0x08000273   Thumb Code     0  startup_stm32f40_41xxx.o(.text)
    CAN1_TX_IRQHandler                       0x08000273   Thumb Code     0  startup_stm32f40_41xxx.o(.text)
    CAN2_RX0_IRQHandler                      0x08000273   Thumb Code     0  startup_stm32f40_41xxx.o(.text)
    CAN2_RX1_IRQHandler                      0x08000273   Thumb Code     0  startup_stm32f40_41xxx.o(.text)
    CAN2_SCE_IRQHandler                      0x08000273   Thumb Code     0  startup_stm32f40_41xxx.o(.text)
    CAN2_TX_IRQHandler                       0x08000273   Thumb Code     0  startup_stm32f40_41xxx.o(.text)
    CRYP_IRQHandler                          0x08000273   Thumb Code     0  startup_stm32f40_41xxx.o(.text)
    DCMI_IRQHandler                          0x08000273   Thumb Code     0  startup_stm32f40_41xxx.o(.text)
    DMA1_Stream0_IRQHandler                  0x08000273   Thumb Code     0  startup_stm32f40_41xxx.o(.text)
    DMA1_Stream1_IRQHandler                  0x08000273   Thumb Code     0  startup_stm32f40_41xxx.o(.text)
    DMA1_Stream2_IRQHandler                  0x08000273   Thumb Code     0  startup_stm32f40_41xxx.o(.text)
    DMA1_Stream3_IRQHandler                  0x08000273   Thumb Code     0  startup_stm32f40_41xxx.o(.text)
    DMA1_Stream4_IRQHandler                  0x08000273   Thumb Code     0  startup_stm32f40_41xxx.o(.text)
    DMA1_Stream5_IRQHandler                  0x08000273   Thumb Code     0  startup_stm32f40_41xxx.o(.text)
    DMA1_Stream6_IRQHandler                  0x08000273   Thumb Code     0  startup_stm32f40_41xxx.o(.text)
    DMA1_Stream7_IRQHandler                  0x08000273   Thumb Code     0  startup_stm32f40_41xxx.o(.text)
    DMA2_Stream0_IRQHandler                  0x08000273   Thumb Code     0  startup_stm32f40_41xxx.o(.text)
    DMA2_Stream1_IRQHandler                  0x08000273   Thumb Code     0  startup_stm32f40_41xxx.o(.text)
    DMA2_Stream2_IRQHandler                  0x08000273   Thumb Code     0  startup_stm32f40_41xxx.o(.text)
    DMA2_Stream3_IRQHandler                  0x08000273   Thumb Code     0  startup_stm32f40_41xxx.o(.text)
    DMA2_Stream4_IRQHandler                  0x08000273   Thumb Code     0  startup_stm32f40_41xxx.o(.text)
    DMA2_Stream5_IRQHandler                  0x08000273   Thumb Code     0  startup_stm32f40_41xxx.o(.text)
    DMA2_Stream6_IRQHandler                  0x08000273   Thumb Code     0  startup_stm32f40_41xxx.o(.text)
    DMA2_Stream7_IRQHandler                  0x08000273   Thumb Code     0  startup_stm32f40_41xxx.o(.text)
    ETH_IRQHandler                           0x08000273   Thumb Code     0  startup_stm32f40_41xxx.o(.text)
    ETH_WKUP_IRQHandler                      0x08000273   Thumb Code     0  startup_stm32f40_41xxx.o(.text)
    EXTI0_IRQHandler                         0x08000273   Thumb Code     0  startup_stm32f40_41xxx.o(.text)
    EXTI15_10_IRQHandler                     0x08000273   Thumb Code     0  startup_stm32f40_41xxx.o(.text)
    EXTI1_IRQHandler                         0x08000273   Thumb Code     0  startup_stm32f40_41xxx.o(.text)
    EXTI2_IRQHandler                         0x08000273   Thumb Code     0  startup_stm32f40_41xxx.o(.text)
    EXTI3_IRQHandler                         0x08000273   Thumb Code     0  startup_stm32f40_41xxx.o(.text)
    EXTI4_IRQHandler                         0x08000273   Thumb Code     0  startup_stm32f40_41xxx.o(.text)
    EXTI9_5_IRQHandler                       0x08000273   Thumb Code     0  startup_stm32f40_41xxx.o(.text)
    FLASH_IRQHandler                         0x08000273   Thumb Code     0  startup_stm32f40_41xxx.o(.text)
    FPU_IRQHandler                           0x08000273   Thumb Code     0  startup_stm32f40_41xxx.o(.text)
    FSMC_IRQHandler                          0x08000273   Thumb Code     0  startup_stm32f40_41xxx.o(.text)
    HASH_RNG_IRQHandler                      0x08000273   Thumb Code     0  startup_stm32f40_41xxx.o(.text)
    I2C1_ER_IRQHandler                       0x08000273   Thumb Code     0  startup_stm32f40_41xxx.o(.text)
    I2C1_EV_IRQHandler                       0x08000273   Thumb Code     0  startup_stm32f40_41xxx.o(.text)
    I2C2_ER_IRQHandler                       0x08000273   Thumb Code     0  startup_stm32f40_41xxx.o(.text)
    I2C2_EV_IRQHandler                       0x08000273   Thumb Code     0  startup_stm32f40_41xxx.o(.text)
    I2C3_ER_IRQHandler                       0x08000273   Thumb Code     0  startup_stm32f40_41xxx.o(.text)
    I2C3_EV_IRQHandler                       0x08000273   Thumb Code     0  startup_stm32f40_41xxx.o(.text)
    OTG_FS_IRQHandler                        0x08000273   Thumb Code     0  startup_stm32f40_41xxx.o(.text)
    OTG_FS_WKUP_IRQHandler                   0x08000273   Thumb Code     0  startup_stm32f40_41xxx.o(.text)
    OTG_HS_EP1_IN_IRQHandler                 0x08000273   Thumb Code     0  startup_stm32f40_41xxx.o(.text)
    OTG_HS_EP1_OUT_IRQHandler                0x08000273   Thumb Code     0  startup_stm32f40_41xxx.o(.text)
    OTG_HS_IRQHandler                        0x08000273   Thumb Code     0  startup_stm32f40_41xxx.o(.text)
    OTG_HS_WKUP_IRQHandler                   0x08000273   Thumb Code     0  startup_stm32f40_41xxx.o(.text)
    PVD_IRQHandler                           0x08000273   Thumb Code     0  startup_stm32f40_41xxx.o(.text)
    RCC_IRQHandler                           0x08000273   Thumb Code     0  startup_stm32f40_41xxx.o(.text)
    RTC_Alarm_IRQHandler                     0x08000273   Thumb Code     0  startup_stm32f40_41xxx.o(.text)
    RTC_WKUP_IRQHandler                      0x08000273   Thumb Code     0  startup_stm32f40_41xxx.o(.text)
    SDIO_IRQHandler                          0x08000273   Thumb Code     0  startup_stm32f40_41xxx.o(.text)
    SPI1_IRQHandler                          0x08000273   Thumb Code     0  startup_stm32f40_41xxx.o(.text)
    SPI2_IRQHandler                          0x08000273   Thumb Code     0  startup_stm32f40_41xxx.o(.text)
    SPI3_IRQHandler                          0x08000273   Thumb Code     0  startup_stm32f40_41xxx.o(.text)
    TAMP_STAMP_IRQHandler                    0x08000273   Thumb Code     0  startup_stm32f40_41xxx.o(.text)
    TIM1_BRK_TIM9_IRQHandler                 0x08000273   Thumb Code     0  startup_stm32f40_41xxx.o(.text)
    TIM1_CC_IRQHandler                       0x08000273   Thumb Code     0  startup_stm32f40_41xxx.o(.text)
    TIM1_TRG_COM_TIM11_IRQHandler            0x08000273   Thumb Code     0  startup_stm32f40_41xxx.o(.text)
    TIM1_UP_TIM10_IRQHandler                 0x08000273   Thumb Code     0  startup_stm32f40_41xxx.o(.text)
    TIM2_IRQHandler                          0x08000273   Thumb Code     0  startup_stm32f40_41xxx.o(.text)
    TIM4_IRQHandler                          0x08000273   Thumb Code     0  startup_stm32f40_41xxx.o(.text)
    TIM5_IRQHandler                          0x08000273   Thumb Code     0  startup_stm32f40_41xxx.o(.text)
    TIM6_DAC_IRQHandler                      0x08000273   Thumb Code     0  startup_stm32f40_41xxx.o(.text)
    TIM7_IRQHandler                          0x08000273   Thumb Code     0  startup_stm32f40_41xxx.o(.text)
    TIM8_BRK_TIM12_IRQHandler                0x08000273   Thumb Code     0  startup_stm32f40_41xxx.o(.text)
    TIM8_CC_IRQHandler                       0x08000273   Thumb Code     0  startup_stm32f40_41xxx.o(.text)
    TIM8_TRG_COM_TIM14_IRQHandler            0x08000273   Thumb Code     0  startup_stm32f40_41xxx.o(.text)
    TIM8_UP_TIM13_IRQHandler                 0x08000273   Thumb Code     0  startup_stm32f40_41xxx.o(.text)
    UART4_IRQHandler                         0x08000273   Thumb Code     0  startup_stm32f40_41xxx.o(.text)
    UART5_IRQHandler                         0x08000273   Thumb Code     0  startup_stm32f40_41xxx.o(.text)
    USART2_IRQHandler                        0x08000273   Thumb Code     0  startup_stm32f40_41xxx.o(.text)
    USART3_IRQHandler                        0x08000273   Thumb Code     0  startup_stm32f40_41xxx.o(.text)
    USART6_IRQHandler                        0x08000273   Thumb Code     0  startup_stm32f40_41xxx.o(.text)
    WWDG_IRQHandler                          0x08000273   Thumb Code     0  startup_stm32f40_41xxx.o(.text)
    rand                                     0x0800027d   Thumb Code    20  rand.o(.text)
    srand                                    0x08000291   Thumb Code     6  rand.o(.text)
    __aeabi_dadd                             0x080002a1   Thumb Code   322  dadd.o(.text)
    __aeabi_dsub                             0x080003e3   Thumb Code     6  dadd.o(.text)
    __aeabi_drsub                            0x080003e9   Thumb Code     6  dadd.o(.text)
    __aeabi_dmul                             0x080003ef   Thumb Code   228  dmul.o(.text)
    __aeabi_ddiv                             0x080004d3   Thumb Code   222  ddiv.o(.text)
    __aeabi_i2d                              0x080005b1   Thumb Code    34  dflti.o(.text)
    __aeabi_d2iz                             0x080005d3   Thumb Code    62  dfixi.o(.text)
    __aeabi_f2d                              0x08000611   Thumb Code    38  f2d.o(.text)
    __aeabi_cdrcmple                         0x08000639   Thumb Code    48  cdrcmple.o(.text)
    __aeabi_d2f                              0x08000669   Thumb Code    56  d2f.o(.text)
    __aeabi_uidiv                            0x080006a1   Thumb Code     0  uidiv.o(.text)
    __aeabi_uidivmod                         0x080006a1   Thumb Code    44  uidiv.o(.text)
    __aeabi_uldivmod                         0x080006cd   Thumb Code    98  uldiv.o(.text)
    __aeabi_llsl                             0x0800072f   Thumb Code    30  llshl.o(.text)
    _ll_shift_l                              0x0800072f   Thumb Code     0  llshl.o(.text)
    __aeabi_llsr                             0x0800074d   Thumb Code    32  llushr.o(.text)
    _ll_ushift_r                             0x0800074d   Thumb Code     0  llushr.o(.text)
    __aeabi_lasr                             0x0800076d   Thumb Code    36  llsshr.o(.text)
    _ll_sshift_r                             0x0800076d   Thumb Code     0  llsshr.o(.text)
    __I$use$fp                               0x08000791   Thumb Code     0  iusefp.o(.text)
    _float_round                             0x08000791   Thumb Code    18  fepilogue.o(.text)
    _float_epilogue                          0x080007a3   Thumb Code    92  fepilogue.o(.text)
    _double_round                            0x080007ff   Thumb Code    30  depilogue.o(.text)
    _double_epilogue                         0x0800081d   Thumb Code   156  depilogue.o(.text)
    __aeabi_d2ulz                            0x080008b9   Thumb Code    48  dfixul.o(.text)
    __scatterload                            0x080008e9   Thumb Code    28  init.o(.text)
    __scatterload_rt2                        0x080008e9   Thumb Code     0  init.o(.text)
    __aeabi_ui2d                             0x0800090d   Thumb Code    26  dfltui.o(.text)
    BusFault_Handler                         0x08000927   Thumb Code     4  stm32f4xx_it.o(i.BusFault_Handler)
    DebugMon_Handler                         0x0800092b   Thumb Code     2  stm32f4xx_it.o(i.DebugMon_Handler)
    GPIO_Init                                0x0800092d   Thumb Code   144  stm32f4xx_gpio.o(i.GPIO_Init)
    GPIO_PinAFConfig                         0x080009bd   Thumb Code    70  stm32f4xx_gpio.o(i.GPIO_PinAFConfig)
    GPIO_SetBits                             0x08000a03   Thumb Code     4  stm32f4xx_gpio.o(i.GPIO_SetBits)
    HardFault_Handler                        0x08000a07   Thumb Code     4  stm32f4xx_it.o(i.HardFault_Handler)
    IIC_Ack                                  0x08000a0d   Thumb Code    66  iic.o(i.IIC_Ack)
    IIC_Init                                 0x08000a61   Thumb Code   108  iic.o(i.IIC_Init)
    IIC_NAck                                 0x08000add   Thumb Code    66  iic.o(i.IIC_NAck)
    IIC_Read_Byte                            0x08000b31   Thumb Code    92  iic.o(i.IIC_Read_Byte)
    IIC_Send_Byte                            0x08000b9d   Thumb Code    88  iic.o(i.IIC_Send_Byte)
    IIC_Start                                0x08000c05   Thumb Code    64  iic.o(i.IIC_Start)
    IIC_Stop                                 0x08000c51   Thumb Code    62  iic.o(i.IIC_Stop)
    IIC_Wait_Ack                             0x08000c9d   Thumb Code    80  iic.o(i.IIC_Wait_Ack)
    KalmanCreate                             0x08000cfd   Thumb Code    58  kalman.o(i.KalmanCreate)
    MPU_Init                                 0x08000d3d   Thumb Code   122  mpu6050.o(i.MPU_Init)
    MPU_Read_Byte                            0x08000db7   Thumb Code    58  mpu6050.o(i.MPU_Read_Byte)
    MPU_Set_Accel_Fsr                        0x08000df1   Thumb Code    16  mpu6050.o(i.MPU_Set_Accel_Fsr)
    MPU_Set_Gyro_Fsr                         0x08000e01   Thumb Code    16  mpu6050.o(i.MPU_Set_Gyro_Fsr)
    MPU_Set_LPF                              0x08000e11   Thumb Code    58  mpu6050.o(i.MPU_Set_LPF)
    MPU_Set_Rate                             0x08000e4b   Thumb Code    58  mpu6050.o(i.MPU_Set_Rate)
    MPU_Write_Byte                           0x08000e85   Thumb Code    68  mpu6050.o(i.MPU_Write_Byte)
    MemManage_Handler                        0x08000ec9   Thumb Code     4  stm32f4xx_it.o(i.MemManage_Handler)
    NMI_Handler                              0x08000ecd   Thumb Code     2  stm32f4xx_it.o(i.NMI_Handler)
    NVIC_Init                                0x08000ed1   Thumb Code   106  misc.o(i.NVIC_Init)
    RCC_AHB1PeriphClockCmd                   0x08000f49   Thumb Code    26  stm32f4xx_rcc.o(i.RCC_AHB1PeriphClockCmd)
    RCC_APB1PeriphClockCmd                   0x08000f69   Thumb Code    26  stm32f4xx_rcc.o(i.RCC_APB1PeriphClockCmd)
    RCC_APB2PeriphClockCmd                   0x08000f89   Thumb Code    26  stm32f4xx_rcc.o(i.RCC_APB2PeriphClockCmd)
    RCC_GetClocksFreq                        0x08000fa9   Thumb Code   214  stm32f4xx_rcc.o(i.RCC_GetClocksFreq)
    SysTick_CLKSourceConfig                  0x0800117d   Thumb Code    40  misc.o(i.SysTick_CLKSourceConfig)
    SysTick_Handler                          0x080011a5   Thumb Code    16  delay.o(i.SysTick_Handler)
    SystemInit                               0x080011b5   Thumb Code    88  system_stm32f4xx.o(i.SystemInit)
    TIM3_IRQHandler                          0x0800121d   Thumb Code    40  timer.o(i.TIM3_IRQHandler)
    TIM3_Int_Init                            0x0800124d   Thumb Code    88  timer.o(i.TIM3_Int_Init)
    TIM_ClearITPendingBit                    0x080012a9   Thumb Code     6  stm32f4xx_tim.o(i.TIM_ClearITPendingBit)
    TIM_Cmd                                  0x080012af   Thumb Code    24  stm32f4xx_tim.o(i.TIM_Cmd)
    TIM_GetITStatus                          0x080012c7   Thumb Code    34  stm32f4xx_tim.o(i.TIM_GetITStatus)
    TIM_ITConfig                             0x080012e9   Thumb Code    18  stm32f4xx_tim.o(i.TIM_ITConfig)
    TIM_TimeBaseInit                         0x080012fd   Thumb Code   104  stm32f4xx_tim.o(i.TIM_TimeBaseInit)
    USART1_IRQHandler                        0x08001381   Thumb Code    68  usart.o(i.USART1_IRQHandler)
    USART_ClearFlag                          0x080013d9   Thumb Code    18  stm32f4xx_usart.o(i.USART_ClearFlag)
    USART_Cmd                                0x080013eb   Thumb Code    24  stm32f4xx_usart.o(i.USART_Cmd)
    USART_ITConfig                           0x08001403   Thumb Code    74  stm32f4xx_usart.o(i.USART_ITConfig)
    USART_Init                               0x0800144d   Thumb Code   204  stm32f4xx_usart.o(i.USART_Init)
    USART_ReceiveData                        0x08001521   Thumb Code    10  stm32f4xx_usart.o(i.USART_ReceiveData)
    UsageFault_Handler                       0x0800152b   Thumb Code     4  stm32f4xx_it.o(i.UsageFault_Handler)
    __0printf                                0x08001531   Thumb Code    22  printfa.o(i.__0printf)
    __1printf                                0x08001531   Thumb Code     0  printfa.o(i.__0printf)
    __2printf                                0x08001531   Thumb Code     0  printfa.o(i.__0printf)
    __c89printf                              0x08001531   Thumb Code     0  printfa.o(i.__0printf)
    printf                                   0x08001531   Thumb Code     0  printfa.o(i.__0printf)
    __ARM_fpclassify                         0x08001551   Thumb Code    48  fpclassify.o(i.__ARM_fpclassify)
    __hardfp_cos                             0x08001581   Thumb Code   180  cos.o(i.__hardfp_cos)
    __ieee754_rem_pio2                       0x08001649   Thumb Code   938  rred.o(i.__ieee754_rem_pio2)
    __kernel_cos                             0x08001a81   Thumb Code   322  cos_i.o(i.__kernel_cos)
    __kernel_poly                            0x08001bf1   Thumb Code   248  poly.o(i.__kernel_poly)
    __kernel_sin                             0x08001ce9   Thumb Code   280  sin_i.o(i.__kernel_sin)
    __mathlib_dbl_infnan                     0x08001e19   Thumb Code    20  dunder.o(i.__mathlib_dbl_infnan)
    __mathlib_dbl_invalid                    0x08001e31   Thumb Code    24  dunder.o(i.__mathlib_dbl_invalid)
    __mathlib_dbl_underflow                  0x08001e51   Thumb Code    24  dunder.o(i.__mathlib_dbl_underflow)
    __scatterload_copy                       0x08001e71   Thumb Code    14  handlers.o(i.__scatterload_copy)
    __scatterload_null                       0x08001e7f   Thumb Code     2  handlers.o(i.__scatterload_null)
    __scatterload_zeroinit                   0x08001e81   Thumb Code    14  handlers.o(i.__scatterload_zeroinit)
    __set_errno                              0x08001e91   Thumb Code     6  errno.o(i.__set_errno)
    arm_mat_add_f32                          0x08002727   Thumb Code   192  arm_mat_add_f32.o(i.arm_mat_add_f32)
    arm_mat_init_f32                         0x080027e7   Thumb Code     8  arm_mat_init_f32.o(i.arm_mat_init_f32)
    arm_mat_inverse_f32                      0x080027f1   Thumb Code   836  arm_mat_inverse_f32.o(i.arm_mat_inverse_f32)
    arm_mat_mult_f32                         0x08002b39   Thumb Code   428  arm_mat_mult_f32.o(i.arm_mat_mult_f32)
    arm_mat_sub_f32                          0x08002ce9   Thumb Code   246  arm_mat_sub_f32.o(i.arm_mat_sub_f32)
    arm_mat_trans_f32                        0x08002ddf   Thumb Code   182  arm_mat_trans_f32.o(i.arm_mat_trans_f32)
    delay_init                               0x08002e95   Thumb Code    58  delay.o(i.delay_init)
    delay_ms                                 0x08002ed9   Thumb Code    60  delay.o(i.delay_ms)
    delay_us                                 0x08002f19   Thumb Code    68  delay.o(i.delay_us)
    fabs                                     0x08002f61   Thumb Code    24  fabs.o(i.fabs)
    fputc                                    0x08002f79   Thumb Code    22  usart.o(i.fputc)
    gpio_Init                                0x08002f95   Thumb Code    56  gpio.o(i.gpio_Init)
    kalman_filter_loop                       0x08002fd1   Thumb Code    16  kalmanfilter.o(i.kalman_filter_loop)
    kalman_mat_init                          0x08002fe5   Thumb Code   164  kalmanfilter.o(i.kalman_mat_init)
    main                                     0x08003089   Thumb Code   280  main.o(i.main)
    mat_data_init                            0x080031c5   Thumb Code   210  kalmanfilter.o(i.mat_data_init)
    once_loop_predict                        0x080032a1   Thumb Code   146  kalmanfilter.o(i.once_loop_predict)
    once_loop_update                         0x08003339   Thumb Code   482  kalmanfilter.o(i.once_loop_update)
    uart_init                                0x080035ed   Thumb Code   164  usart.o(i.uart_init)
    uxListRemove                             0x08003699   Thumb Code    40  list.o(i.uxListRemove)
    vListInsert                              0x080036c1   Thumb Code    52  list.o(i.vListInsert)
    vListInsertEnd                           0x080036f5   Thumb Code    24  list.o(i.vListInsertEnd)
    vPortEnterCritical                       0x0800370d   Thumb Code    68  port.o(i.vPortEnterCritical)
    vPortExitCritical                        0x08003795   Thumb Code    48  port.o(i.vPortExitCritical)
    vTaskDelay                               0x08003805   Thumb Code    72  tasks.o(i.vTaskDelay)
    vTaskSuspendAll                          0x08003879   Thumb Code    12  tasks.o(i.vTaskSuspendAll)
    vTaskSwitchContext                       0x08003889   Thumb Code   110  tasks.o(i.vTaskSwitchContext)
    xPortSysTickHandler                      0x08003931   Thumb Code    46  port.o(i.xPortSysTickHandler)
    xTaskGetSchedulerState                   0x08003965   Thumb Code    24  tasks.o(i.xTaskGetSchedulerState)
    xTaskIncrementTick                       0x08003985   Thumb Code   272  tasks.o(i.xTaskIncrementTick)
    xTaskResumeAll                           0x08003ae5   Thumb Code   214  tasks.o(i.xTaskResumeAll)
    Region$$Table$$Base                      0x08003d28   Number         0  anon$$obj.o(Region$$Table)
    Region$$Table$$Limit                     0x08003d48   Number         0  anon$$obj.o(Region$$Table)
    pxCurrentTCB                             0x20000014   Data           4  tasks.o(.data)
    res                                      0x2000005c   Data           1  usart.o(.data)
    USART_DATA_NUM                           0x20000060   Data           4  usart.o(.data)
    __stdout                                 0x2000006c   Data           4  stdout.o(.data)
    kalman_filter_mat                        0x20000074   Data         104  kalmanfilter.o(.bss)
    kalman_filter_data                       0x200000dc   Data         112  kalmanfilter.o(.bss)
    rx_buffer                                0x20000430   Data          20  usart.o(.bss)
    __initial_sp                             0x20000848   Data           0  startup_stm32f40_41xxx.o(STACK)



==============================================================================

Memory Map of the image

  Image Entry point : 0x08000189

  Load Region LR_IROM1 (Base: 0x08000000, Size: 0x00003dbc, Max: 0x00080000, ABSOLUTE)

    Execution Region ER_IROM1 (Exec base: 0x08000000, Load base: 0x08000000, Size: 0x00003d48, Max: 0x00080000, ABSOLUTE)

    Exec Addr    Load Addr    Size         Type   Attr      Idx    E Section Name        Object

    0x08000000   0x08000000   0x00000188   Data   RO            3    RESET               startup_stm32f40_41xxx.o
    0x08000188   0x08000188   0x00000000   Code   RO         7624  * .ARM.Collect$$$$00000000  mc_w.l(entry.o)
    0x08000188   0x08000188   0x00000004   Code   RO         7990    .ARM.Collect$$$$00000001  mc_w.l(entry2.o)
    0x0800018c   0x0800018c   0x00000004   Code   RO         7993    .ARM.Collect$$$$00000004  mc_w.l(entry5.o)
    0x08000190   0x08000190   0x00000000   Code   RO         7995    .ARM.Collect$$$$00000008  mc_w.l(entry7b.o)
    0x08000190   0x08000190   0x00000000   Code   RO         7997    .ARM.Collect$$$$0000000A  mc_w.l(entry8b.o)
    0x08000190   0x08000190   0x00000008   Code   RO         7998    .ARM.Collect$$$$0000000B  mc_w.l(entry9a.o)
    0x08000198   0x08000198   0x00000004   Code   RO         8005    .ARM.Collect$$$$0000000E  mc_w.l(entry12b.o)
    0x0800019c   0x0800019c   0x00000000   Code   RO         8000    .ARM.Collect$$$$0000000F  mc_w.l(entry10a.o)
    0x0800019c   0x0800019c   0x00000000   Code   RO         8002    .ARM.Collect$$$$00000011  mc_w.l(entry11a.o)
    0x0800019c   0x0800019c   0x00000004   Code   RO         7991    .ARM.Collect$$$$00002712  mc_w.l(entry2.o)
    0x080001a0   0x080001a0   0x000000b6   Code   RO         6176    .emb_text           port.o
    0x08000256   0x08000256   0x00000002   PAD
    0x08000258   0x08000258   0x00000024   Code   RO            4    .text               startup_stm32f40_41xxx.o
    0x0800027c   0x0800027c   0x00000024   Code   RO         7629    .text               mc_w.l(rand.o)
    0x080002a0   0x080002a0   0x0000014e   Code   RO         7905    .text               mf_w.l(dadd.o)
    0x080003ee   0x080003ee   0x000000e4   Code   RO         7907    .text               mf_w.l(dmul.o)
    0x080004d2   0x080004d2   0x000000de   Code   RO         7909    .text               mf_w.l(ddiv.o)
    0x080005b0   0x080005b0   0x00000022   Code   RO         7913    .text               mf_w.l(dflti.o)
    0x080005d2   0x080005d2   0x0000003e   Code   RO         7915    .text               mf_w.l(dfixi.o)
    0x08000610   0x08000610   0x00000026   Code   RO         7917    .text               mf_w.l(f2d.o)
    0x08000636   0x08000636   0x00000002   PAD
    0x08000638   0x08000638   0x00000030   Code   RO         7921    .text               mf_w.l(cdrcmple.o)
    0x08000668   0x08000668   0x00000038   Code   RO         7923    .text               mf_w.l(d2f.o)
    0x080006a0   0x080006a0   0x0000002c   Code   RO         8007    .text               mc_w.l(uidiv.o)
    0x080006cc   0x080006cc   0x00000062   Code   RO         8009    .text               mc_w.l(uldiv.o)
    0x0800072e   0x0800072e   0x0000001e   Code   RO         8011    .text               mc_w.l(llshl.o)
    0x0800074c   0x0800074c   0x00000020   Code   RO         8013    .text               mc_w.l(llushr.o)
    0x0800076c   0x0800076c   0x00000024   Code   RO         8015    .text               mc_w.l(llsshr.o)
    0x08000790   0x08000790   0x00000000   Code   RO         8024    .text               mc_w.l(iusefp.o)
    0x08000790   0x08000790   0x0000006e   Code   RO         8025    .text               mf_w.l(fepilogue.o)
    0x080007fe   0x080007fe   0x000000ba   Code   RO         8027    .text               mf_w.l(depilogue.o)
    0x080008b8   0x080008b8   0x00000030   Code   RO         8029    .text               mf_w.l(dfixul.o)
    0x080008e8   0x080008e8   0x00000024   Code   RO         8031    .text               mc_w.l(init.o)
    0x0800090c   0x0800090c   0x0000001a   Code   RO         8035    .text               mf_w.l(dfltui.o)
    0x08000926   0x08000926   0x00000004   Code   RO           12    i.BusFault_Handler  stm32f4xx_it.o
    0x0800092a   0x0800092a   0x00000002   Code   RO           13    i.DebugMon_Handler  stm32f4xx_it.o
    0x0800092c   0x0800092c   0x00000090   Code   RO         1956    i.GPIO_Init         stm32f4xx_gpio.o
    0x080009bc   0x080009bc   0x00000046   Code   RO         1957    i.GPIO_PinAFConfig  stm32f4xx_gpio.o
    0x08000a02   0x08000a02   0x00000004   Code   RO         1964    i.GPIO_SetBits      stm32f4xx_gpio.o
    0x08000a06   0x08000a06   0x00000004   Code   RO           14    i.HardFault_Handler  stm32f4xx_it.o
    0x08000a0a   0x08000a0a   0x00000002   PAD
    0x08000a0c   0x08000a0c   0x00000054   Code   RO         6912    i.IIC_Ack           iic.o
    0x08000a60   0x08000a60   0x0000007c   Code   RO         6913    i.IIC_Init          iic.o
    0x08000adc   0x08000adc   0x00000054   Code   RO         6914    i.IIC_NAck          iic.o
    0x08000b30   0x08000b30   0x0000006c   Code   RO         6915    i.IIC_Read_Byte     iic.o
    0x08000b9c   0x08000b9c   0x00000068   Code   RO         6916    i.IIC_Send_Byte     iic.o
    0x08000c04   0x08000c04   0x0000004c   Code   RO         6917    i.IIC_Start         iic.o
    0x08000c50   0x08000c50   0x0000004c   Code   RO         6918    i.IIC_Stop          iic.o
    0x08000c9c   0x08000c9c   0x00000060   Code   RO         6919    i.IIC_Wait_Ack      iic.o
    0x08000cfc   0x08000cfc   0x00000040   Code   RO         5065    i.KalmanCreate      kalman.o
    0x08000d3c   0x08000d3c   0x0000007a   Code   RO         6977    i.MPU_Init          mpu6050.o
    0x08000db6   0x08000db6   0x0000003a   Code   RO         6978    i.MPU_Read_Byte     mpu6050.o
    0x08000df0   0x08000df0   0x00000010   Code   RO         6980    i.MPU_Set_Accel_Fsr  mpu6050.o
    0x08000e00   0x08000e00   0x00000010   Code   RO         6981    i.MPU_Set_Gyro_Fsr  mpu6050.o
    0x08000e10   0x08000e10   0x0000003a   Code   RO         6982    i.MPU_Set_LPF       mpu6050.o
    0x08000e4a   0x08000e4a   0x0000003a   Code   RO         6983    i.MPU_Set_Rate      mpu6050.o
    0x08000e84   0x08000e84   0x00000044   Code   RO         6984    i.MPU_Write_Byte    mpu6050.o
    0x08000ec8   0x08000ec8   0x00000004   Code   RO           15    i.MemManage_Handler  stm32f4xx_it.o
    0x08000ecc   0x08000ecc   0x00000002   Code   RO           16    i.NMI_Handler       stm32f4xx_it.o
    0x08000ece   0x08000ece   0x00000002   PAD
    0x08000ed0   0x08000ed0   0x00000078   Code   RO          207    i.NVIC_Init         misc.o
    0x08000f48   0x08000f48   0x00000020   Code   RO         2820    i.RCC_AHB1PeriphClockCmd  stm32f4xx_rcc.o
    0x08000f68   0x08000f68   0x00000020   Code   RO         2829    i.RCC_APB1PeriphClockCmd  stm32f4xx_rcc.o
    0x08000f88   0x08000f88   0x00000020   Code   RO         2832    i.RCC_APB2PeriphClockCmd  stm32f4xx_rcc.o
    0x08000fa8   0x08000fa8   0x000000e8   Code   RO         2841    i.RCC_GetClocksFreq  stm32f4xx_rcc.o
    0x08001090   0x08001090   0x000000ec   Code   RO          170    i.SetSysClock       system_stm32f4xx.o
    0x0800117c   0x0800117c   0x00000028   Code   RO          211    i.SysTick_CLKSourceConfig  misc.o
    0x080011a4   0x080011a4   0x00000010   Code   RO         4963    i.SysTick_Handler   delay.o
    0x080011b4   0x080011b4   0x00000068   Code   RO          172    i.SystemInit        system_stm32f4xx.o
    0x0800121c   0x0800121c   0x00000030   Code   RO         6844    i.TIM3_IRQHandler   timer.o
    0x0800124c   0x0800124c   0x0000005c   Code   RO         6845    i.TIM3_Int_Init     timer.o
    0x080012a8   0x080012a8   0x00000006   Code   RO         4162    i.TIM_ClearITPendingBit  stm32f4xx_tim.o
    0x080012ae   0x080012ae   0x00000018   Code   RO         4167    i.TIM_Cmd           stm32f4xx_tim.o
    0x080012c6   0x080012c6   0x00000022   Code   RO         4188    i.TIM_GetITStatus   stm32f4xx_tim.o
    0x080012e8   0x080012e8   0x00000012   Code   RO         4192    i.TIM_ITConfig      stm32f4xx_tim.o
    0x080012fa   0x080012fa   0x00000002   PAD
    0x080012fc   0x080012fc   0x00000084   Code   RO         4239    i.TIM_TimeBaseInit  stm32f4xx_tim.o
    0x08001380   0x08001380   0x00000058   Code   RO         6876    i.USART1_IRQHandler  usart.o
    0x080013d8   0x080013d8   0x00000012   Code   RO         4713    i.USART_ClearFlag   stm32f4xx_usart.o
    0x080013ea   0x080013ea   0x00000018   Code   RO         4717    i.USART_Cmd         stm32f4xx_usart.o
    0x08001402   0x08001402   0x0000004a   Code   RO         4723    i.USART_ITConfig    stm32f4xx_usart.o
    0x0800144c   0x0800144c   0x000000d4   Code   RO         4724    i.USART_Init        stm32f4xx_usart.o
    0x08001520   0x08001520   0x0000000a   Code   RO         4731    i.USART_ReceiveData  stm32f4xx_usart.o
    0x0800152a   0x0800152a   0x00000004   Code   RO           17    i.UsageFault_Handler  stm32f4xx_it.o
    0x0800152e   0x0800152e   0x00000002   PAD
    0x08001530   0x08001530   0x00000020   Code   RO         7877    i.__0printf         mc_w.l(printfa.o)
    0x08001550   0x08001550   0x00000030   Code   RO         7962    i.__ARM_fpclassify  m_wm.l(fpclassify.o)
    0x08001580   0x08001580   0x000000c8   Code   RO         7612    i.__hardfp_cos      m_wm.l(cos.o)
    0x08001648   0x08001648   0x00000438   Code   RO         7967    i.__ieee754_rem_pio2  m_wm.l(rred.o)
    0x08001a80   0x08001a80   0x00000170   Code   RO         7939    i.__kernel_cos      m_wm.l(cos_i.o)
    0x08001bf0   0x08001bf0   0x000000f8   Code   RO         7964    i.__kernel_poly     m_wm.l(poly.o)
    0x08001ce8   0x08001ce8   0x00000130   Code   RO         7972    i.__kernel_sin      m_wm.l(sin_i.o)
    0x08001e18   0x08001e18   0x00000014   Code   RO         7943    i.__mathlib_dbl_infnan  m_wm.l(dunder.o)
    0x08001e2c   0x08001e2c   0x00000004   PAD
    0x08001e30   0x08001e30   0x00000020   Code   RO         7945    i.__mathlib_dbl_invalid  m_wm.l(dunder.o)
    0x08001e50   0x08001e50   0x00000020   Code   RO         7948    i.__mathlib_dbl_underflow  m_wm.l(dunder.o)
    0x08001e70   0x08001e70   0x0000000e   Code   RO         8039    i.__scatterload_copy  mc_w.l(handlers.o)
    0x08001e7e   0x08001e7e   0x00000002   Code   RO         8040    i.__scatterload_null  mc_w.l(handlers.o)
    0x08001e80   0x08001e80   0x0000000e   Code   RO         8041    i.__scatterload_zeroinit  mc_w.l(handlers.o)
    0x08001e8e   0x08001e8e   0x00000002   PAD
    0x08001e90   0x08001e90   0x0000000c   Code   RO         8019    i.__set_errno       mc_w.l(errno.o)
    0x08001e9c   0x08001e9c   0x00000184   Code   RO         7884    i._fp_digits        mc_w.l(printfa.o)
    0x08002020   0x08002020   0x000006b4   Code   RO         7885    i._printf_core      mc_w.l(printfa.o)
    0x080026d4   0x080026d4   0x00000024   Code   RO         7886    i._printf_post_padding  mc_w.l(printfa.o)
    0x080026f8   0x080026f8   0x0000002e   Code   RO         7887    i._printf_pre_padding  mc_w.l(printfa.o)
    0x08002726   0x08002726   0x000000c0   Code   RO         6318    i.arm_mat_add_f32   arm_mat_add_f32.o
    0x080027e6   0x080027e6   0x00000008   Code   RO         6444    i.arm_mat_init_f32  arm_mat_init_f32.o
    0x080027ee   0x080027ee   0x00000002   PAD
    0x080027f0   0x080027f0   0x00000348   Code   RO         6504    i.arm_mat_inverse_f32  arm_mat_inverse_f32.o
    0x08002b38   0x08002b38   0x000001b0   Code   RO         6544    i.arm_mat_mult_f32  arm_mat_mult_f32.o
    0x08002ce8   0x08002ce8   0x000000f6   Code   RO         6704    i.arm_mat_sub_f32   arm_mat_sub_f32.o
    0x08002dde   0x08002dde   0x000000b6   Code   RO         6764    i.arm_mat_trans_f32  arm_mat_trans_f32.o
    0x08002e94   0x08002e94   0x00000044   Code   RO         4964    i.delay_init        delay.o
    0x08002ed8   0x08002ed8   0x00000040   Code   RO         4965    i.delay_ms          delay.o
    0x08002f18   0x08002f18   0x00000048   Code   RO         4966    i.delay_us          delay.o
    0x08002f60   0x08002f60   0x00000018   Code   RO         7958    i.fabs              m_wm.l(fabs.o)
    0x08002f78   0x08002f78   0x0000001c   Code   RO         6877    i.fputc             usart.o
    0x08002f94   0x08002f94   0x0000003c   Code   RO         6824    i.gpio_Init         gpio.o
    0x08002fd0   0x08002fd0   0x00000014   Code   RO         5130    i.kalman_filter_loop  kalmanfilter.o
    0x08002fe4   0x08002fe4   0x000000a4   Code   RO         5131    i.kalman_mat_init   kalmanfilter.o
    0x08003088   0x08003088   0x0000013c   Code   RO         5187    i.main              main.o
    0x080031c4   0x080031c4   0x000000dc   Code   RO         5132    i.mat_data_init     kalmanfilter.o
    0x080032a0   0x080032a0   0x00000098   Code   RO         5133    i.once_loop_predict  kalmanfilter.o
    0x08003338   0x08003338   0x000001e8   Code   RO         5134    i.once_loop_update  kalmanfilter.o
    0x08003520   0x08003520   0x00000098   Code   RO         5670    i.prvAddCurrentTaskToDelayedList  tasks.o
    0x080035b8   0x080035b8   0x00000034   Code   RO         5678    i.prvResetNextTaskUnblockTime  tasks.o
    0x080035ec   0x080035ec   0x000000ac   Code   RO         6878    i.uart_init         usart.o
    0x08003698   0x08003698   0x00000028   Code   RO         5381    i.uxListRemove      list.o
    0x080036c0   0x080036c0   0x00000034   Code   RO         5384    i.vListInsert       list.o
    0x080036f4   0x080036f4   0x00000018   Code   RO         5385    i.vListInsertEnd    list.o
    0x0800370c   0x0800370c   0x00000088   Code   RO         6180    i.vPortEnterCritical  port.o
    0x08003794   0x08003794   0x00000070   Code   RO         6181    i.vPortExitCritical  port.o
    0x08003804   0x08003804   0x00000074   Code   RO         5690    i.vTaskDelay        tasks.o
    0x08003878   0x08003878   0x00000010   Code   RO         5708    i.vTaskSuspendAll   tasks.o
    0x08003888   0x08003888   0x000000a8   Code   RO         5709    i.vTaskSwitchContext  tasks.o
    0x08003930   0x08003930   0x00000034   Code   RO         6185    i.xPortSysTickHandler  port.o
    0x08003964   0x08003964   0x00000020   Code   RO         5715    i.xTaskGetSchedulerState  tasks.o
    0x08003984   0x08003984   0x00000160   Code   RO         5718    i.xTaskIncrementTick  tasks.o
    0x08003ae4   0x08003ae4   0x00000120   Code   RO         5724    i.xTaskResumeAll    tasks.o
    0x08003c04   0x08003c04   0x00000004   PAD
    0x08003c08   0x08003c08   0x00000030   Data   RO         7940    .constdata          m_wm.l(cos_i.o)
    0x08003c38   0x08003c38   0x000000c8   Data   RO         7969    .constdata          m_wm.l(rred.o)
    0x08003d00   0x08003d00   0x00000028   Data   RO         7973    .constdata          m_wm.l(sin_i.o)
    0x08003d28   0x08003d28   0x00000020   Data   RO         8037    Region$$Table       anon$$obj.o


    Execution Region RW_IRAM1 (Exec base: 0x20000000, Load base: 0x08003d48, Size: 0x00000848, Max: 0x00020000, ABSOLUTE)

    Exec Addr    Load Addr    Size         Type   Attr      Idx    E Section Name        Object

    0x20000000   0x08003d48   0x00000010   Data   RW         2873    .data               stm32f4xx_rcc.o
    0x20000010   0x08003d58   0x00000004   Data   RW         4968    .data               delay.o
    0x20000014   0x08003d5c   0x0000003c   Data   RW         5727    .data               tasks.o
    0x20000050   0x08003d98   0x0000000c   Data   RW         6186    .data               port.o
    0x2000005c   0x08003da4   0x0000000c   Data   RW         6880    .data               usart.o
    0x20000068   0x08003db0   0x00000004   Data   RW         7630    .data               mc_w.l(rand.o)
    0x2000006c   0x08003db4   0x00000004   Data   RW         8006    .data               mc_w.l(stdout.o)
    0x20000070   0x08003db8   0x00000004   Data   RW         8020    .data               mc_w.l(errno.o)
    0x20000074        -       0x000000d8   Zero   RW         5135    .bss                kalmanfilter.o
    0x2000014c        -       0x000002e4   Zero   RW         5726    .bss                tasks.o
    0x20000430        -       0x00000014   Zero   RW         6879    .bss                usart.o
    0x20000444   0x08003dbc   0x00000004   PAD
    0x20000448        -       0x00000400   Zero   RW            1    STACK               startup_stm32f40_41xxx.o


==============================================================================

Image component sizes


      Code (inc. data)   RO Data    RW Data    ZI Data      Debug   Object Name

       192          0          0          0          0       1438   arm_mat_add_f32.o
         8          0          0          0          0       1039   arm_mat_init_f32.o
       840          4          0          0          0       2734   arm_mat_inverse_f32.o
       432          4          0          0          0       1683   arm_mat_mult_f32.o
       246          0          0          0          0       1466   arm_mat_sub_f32.o
       182          0          0          0          0       1352   arm_mat_trans_f32.o
       220         18          0          4          0      10865   delay.o
        60          4          0          0          0        516   gpio.o
       752        126          0          0          0       4386   iic.o
        64          6          0          0          0       1315   kalman.o
         0          0          0          0          0      13368   kalman_filter.o
      1044         26          0          0        216       5137   kalmanfilter.o
       116          0          0          0          0       2154   list.o
       316         36          0          0          0        695   main.o
       160         14          0          0          0     230718   misc.o
       396          0          0          0          0       4268   mpu6050.o
       482        154          0         12          0       5427   port.o
        36          8        392          0       1024        872   startup_stm32f40_41xxx.o
       218          0          0          0          0       2334   stm32f4xx_gpio.o
        20          0          0          0          0      55097   stm32f4xx_it.o
       328         36          0         16          0       4615   stm32f4xx_rcc.o
       214         28          0          0          0       3686   stm32f4xx_tim.o
       338          8          0          0          0       4072   stm32f4xx_usart.o
       340         32          0          0          0       1437   system_stm32f4xx.o
      1176        306          0         60        740      16866   tasks.o
       140         12          0          0          0       1162   timer.o
       288         34          0         12         20       2367   usart.o

    ----------------------------------------------------------------------
      8624        860        424        104       2004     381069   Object Totals
         0          0         32          0          0          0   (incl. Generated)
        16          4          0          0          4          0   (incl. Padding)

    ----------------------------------------------------------------------

      Code (inc. data)   RO Data    RW Data    ZI Data      Debug   Library Member Name

       200         20          0          0          0        164   cos.o
       368         46         48          0          0        200   cos_i.o
        84         16          0          0          0        372   dunder.o
        24          0          0          0          0        124   fabs.o
        48          0          0          0          0        124   fpclassify.o
       248          0          0          0          0        152   poly.o
      1080        142        200          0          0        188   rred.o
       304         24         40          0          0        208   sin_i.o
         0          0          0          0          0          0   entry.o
         0          0          0          0          0          0   entry10a.o
         0          0          0          0          0          0   entry11a.o
         4          0          0          0          0          0   entry12b.o
         8          4          0          0          0          0   entry2.o
         4          0          0          0          0          0   entry5.o
         0          0          0          0          0          0   entry7b.o
         0          0          0          0          0          0   entry8b.o
         8          4          0          0          0          0   entry9a.o
        12          6          0          4          0         68   errno.o
        30          0          0          0          0          0   handlers.o
        36          8          0          0          0         68   init.o
         0          0          0          0          0          0   iusefp.o
        30          0          0          0          0         68   llshl.o
        36          0          0          0          0         68   llsshr.o
        32          0          0          0          0         68   llushr.o
      2218         90          0          0          0        464   printfa.o
        36         10          0          4          0        136   rand.o
         0          0          0          4          0          0   stdout.o
        44          0          0          0          0         80   uidiv.o
        98          0          0          0          0         92   uldiv.o
        48          0          0          0          0         68   cdrcmple.o
        56          0          0          0          0         88   d2f.o
       334          0          0          0          0        148   dadd.o
       222          0          0          0          0        100   ddiv.o
       186          0          0          0          0        176   depilogue.o
        62          0          0          0          0         80   dfixi.o
        48          0          0          0          0         68   dfixul.o
        34          0          0          0          0         76   dflti.o
        26          0          0          0          0         76   dfltui.o
       228          0          0          0          0         96   dmul.o
        38          0          0          0          0         68   f2d.o
       110          0          0          0          0        168   fepilogue.o

    ----------------------------------------------------------------------
      6352        370        288         12          0       3856   Library Totals
         8          0          0          0          0          0   (incl. Padding)

    ----------------------------------------------------------------------

      Code (inc. data)   RO Data    RW Data    ZI Data      Debug   Library Name

      2356        248        288          0          0       1532   m_wm.l
      2596        122          0         12          0       1112   mc_w.l
      1392          0          0          0          0       1212   mf_w.l

    ----------------------------------------------------------------------
      6352        370        288         12          0       3856   Library Totals

    ----------------------------------------------------------------------

==============================================================================


      Code (inc. data)   RO Data    RW Data    ZI Data      Debug   

     14976       1230        712        116       2004     375933   Grand Totals
     14976       1230        712        116       2004     375933   ELF Image Totals
     14976       1230        712        116          0          0   ROM Totals

==============================================================================

    Total RO  Size (Code + RO Data)                15688 (  15.32kB)
    Total RW  Size (RW Data + ZI Data)              2120 (   2.07kB)
    Total ROM Size (Code + RO Data + RW Data)      15804 (  15.43kB)

==============================================================================

